Build & Test (macos-14)	Set up job	﻿2026-06-11T20:02:57.7558330Z Current runner version: '2.334.0'
Build & Test (macos-14)	Set up job	2026-06-11T20:02:57.7573350Z ##[group]Runner Image Provisioner
Build & Test (macos-14)	Set up job	2026-06-11T20:02:57.7573910Z Hosted Compute Agent
Build & Test (macos-14)	Set up job	2026-06-11T20:02:57.7574290Z Version: 20260527.539
Build & Test (macos-14)	Set up job	2026-06-11T20:02:57.7574710Z Commit: a891dd388383b896fa6ac04a82c0b75cec981078
Build & Test (macos-14)	Set up job	2026-06-11T20:02:57.7575170Z Build Date: 2026-05-27T21:39:57Z
Build & Test (macos-14)	Set up job	2026-06-11T20:02:57.7575610Z Worker ID: {2cc35649-7e00-4613-a083-58287ae6c7b3}
Build & Test (macos-14)	Set up job	2026-06-11T20:02:57.7576060Z Azure Region: westus
Build & Test (macos-14)	Set up job	2026-06-11T20:02:57.7576650Z ##[endgroup]
Build & Test (macos-14)	Set up job	2026-06-11T20:02:57.7578390Z ##[group]Operating System
Build & Test (macos-14)	Set up job	2026-06-11T20:02:57.7578930Z macOS
Build & Test (macos-14)	Set up job	2026-06-11T20:02:57.7579260Z 14.8.7
Build & Test (macos-14)	Set up job	2026-06-11T20:02:57.7579590Z 23J520
Build & Test (macos-14)	Set up job	2026-06-11T20:02:57.7579920Z ##[endgroup]
Build & Test (macos-14)	Set up job	2026-06-11T20:02:57.7580270Z ##[group]Runner Image
Build & Test (macos-14)	Set up job	2026-06-11T20:02:57.7580650Z Image: macos-14-arm64
Build & Test (macos-14)	Set up job	2026-06-11T20:02:57.7581020Z Version: 20260608.0118.1
Build & Test (macos-14)	Set up job	2026-06-11T20:02:57.7581750Z Included Software: https://github.com/actions/runner-images/blob/macos-14-arm64/20260608.0118/images/macos/macos-14-arm64-Readme.md
Build & Test (macos-14)	Set up job	2026-06-11T20:02:57.7582880Z Image Release: https://github.com/actions/runner-images/releases/tag/macos-14-arm64%2F20260608.0118
Build & Test (macos-14)	Set up job	2026-06-11T20:02:57.7583520Z ##[endgroup]
Build & Test (macos-14)	Set up job	2026-06-11T20:02:57.7584310Z ##[group]GITHUB_TOKEN Permissions
Build & Test (macos-14)	Set up job	2026-06-11T20:02:57.7585510Z Contents: read
Build & Test (macos-14)	Set up job	2026-06-11T20:02:57.7585890Z Metadata: read
Build & Test (macos-14)	Set up job	2026-06-11T20:02:57.7586240Z Packages: read
Build & Test (macos-14)	Set up job	2026-06-11T20:02:57.7586600Z ##[endgroup]
Build & Test (macos-14)	Set up job	2026-06-11T20:02:57.7588130Z Secret source: Actions
Build & Test (macos-14)	Set up job	2026-06-11T20:02:57.7588600Z Prepare workflow directory
Build & Test (macos-14)	Set up job	2026-06-11T20:02:57.7790690Z Prepare all required actions
Build & Test (macos-14)	Set up job	2026-06-11T20:02:57.7818550Z Getting action download info
Build & Test (macos-14)	Set up job	2026-06-11T20:02:58.3777540Z Download action repository 'actions/checkout@v4' (SHA:34e114876b0b11c390a56381ad16ebd13914f8d5)
Build & Test (macos-14)	Set up job	2026-06-11T20:02:58.5649080Z Download action repository 'jurplel/install-qt-action@v3' (SHA:b7840a6733f49e2a39c4355260d2375063d39b61)
Build & Test (macos-14)	Set up job	2026-06-11T20:02:59.5752030Z Getting action download info
Build & Test (macos-14)	Set up job	2026-06-11T20:02:59.9638740Z Download action repository 'actions/setup-python@v5' (SHA:a26af69be951a213d495a4c3e4e4022e16d87065)
Build & Test (macos-14)	Set up job	2026-06-11T20:03:00.0825250Z Complete job name: Build & Test (macos-14)
Build & Test (macos-14)	Checkout Source Code	﻿2026-06-11T20:03:00.1316680Z ##[group]Run actions/checkout@v4
Build & Test (macos-14)	Checkout Source Code	2026-06-11T20:03:00.1317580Z with:
Build & Test (macos-14)	Checkout Source Code	2026-06-11T20:03:00.1318150Z   submodules: recursive
Build & Test (macos-14)	Checkout Source Code	2026-06-11T20:03:00.1318800Z   repository: veskuh/NinjaLibrary
Build & Test (macos-14)	Checkout Source Code	2026-06-11T20:03:00.1325820Z   token: ***
Build & Test (macos-14)	Checkout Source Code	2026-06-11T20:03:00.1326390Z   ssh-strict: true
Build & Test (macos-14)	Checkout Source Code	2026-06-11T20:03:00.1326970Z   ssh-user: git
Build & Test (macos-14)	Checkout Source Code	2026-06-11T20:03:00.1327550Z   persist-credentials: true
Build & Test (macos-14)	Checkout Source Code	2026-06-11T20:03:00.1328190Z   clean: true
Build & Test (macos-14)	Checkout Source Code	2026-06-11T20:03:00.1328780Z   sparse-checkout-cone-mode: true
Build & Test (macos-14)	Checkout Source Code	2026-06-11T20:03:00.1329620Z   fetch-depth: 1
Build & Test (macos-14)	Checkout Source Code	2026-06-11T20:03:00.1330240Z   fetch-tags: false
Build & Test (macos-14)	Checkout Source Code	2026-06-11T20:03:00.1330850Z   show-progress: true
Build & Test (macos-14)	Checkout Source Code	2026-06-11T20:03:00.1331450Z   lfs: false
Build & Test (macos-14)	Checkout Source Code	2026-06-11T20:03:00.1332020Z   set-safe-directory: true
Build & Test (macos-14)	Checkout Source Code	2026-06-11T20:03:00.1332850Z ##[endgroup]
Build & Test (macos-14)	Checkout Source Code	2026-06-11T20:03:00.2548570Z Syncing repository: veskuh/NinjaLibrary
Build & Test (macos-14)	Checkout Source Code	2026-06-11T20:03:00.2550620Z ##[group]Getting Git version info
Build & Test (macos-14)	Checkout Source Code	2026-06-11T20:03:00.2551640Z Working directory is '/Users/runner/work/NinjaLibrary/NinjaLibrary'
Build & Test (macos-14)	Checkout Source Code	2026-06-11T20:03:00.2553030Z [command]/opt/homebrew/bin/git version
Build & Test (macos-14)	Checkout Source Code	2026-06-11T20:03:00.2729300Z git version 2.54.0
Build & Test (macos-14)	Checkout Source Code	2026-06-11T20:03:00.2746160Z ##[endgroup]
Build & Test (macos-14)	Checkout Source Code	2026-06-11T20:03:00.2756560Z Copying '/Users/runner/.gitconfig' to '/Users/runner/work/_temp/80d77dc8-c0b1-4d63-b2c9-a2f1a362e75e/.gitconfig'
Build & Test (macos-14)	Checkout Source Code	2026-06-11T20:03:00.2763790Z Temporarily overriding HOME='/Users/runner/work/_temp/80d77dc8-c0b1-4d63-b2c9-a2f1a362e75e' before making global git config changes
Build & Test (macos-14)	Checkout Source Code	2026-06-11T20:03:00.2765600Z Adding repository directory to the temporary git global config as a safe directory
Build & Test (macos-14)	Checkout Source Code	2026-06-11T20:03:00.2767740Z [command]/opt/homebrew/bin/git config --global --add safe.directory /Users/runner/work/NinjaLibrary/NinjaLibrary
Build & Test (macos-14)	Checkout Source Code	2026-06-11T20:03:00.2849090Z Deleting the contents of '/Users/runner/work/NinjaLibrary/NinjaLibrary'
Build & Test (macos-14)	Checkout Source Code	2026-06-11T20:03:00.2851360Z ##[group]Initializing the repository
Build & Test (macos-14)	Checkout Source Code	2026-06-11T20:03:00.2857060Z [command]/opt/homebrew/bin/git init /Users/runner/work/NinjaLibrary/NinjaLibrary
Build & Test (macos-14)	Checkout Source Code	2026-06-11T20:03:00.3026070Z hint: Using 'master' as the name for the initial branch. This default branch name
Build & Test (macos-14)	Checkout Source Code	2026-06-11T20:03:00.3027670Z hint: will change to "main" in Git 3.0. To configure the initial branch name
Build & Test (macos-14)	Checkout Source Code	2026-06-11T20:03:00.3028980Z hint: to use in all of your new repositories, which will suppress this warning,
Build & Test (macos-14)	Checkout Source Code	2026-06-11T20:03:00.3030120Z hint: call:
Build & Test (macos-14)	Checkout Source Code	2026-06-11T20:03:00.3030650Z hint:
Build & Test (macos-14)	Checkout Source Code	2026-06-11T20:03:00.3031380Z hint: 	git config --global init.defaultBranch <name>
Build & Test (macos-14)	Checkout Source Code	2026-06-11T20:03:00.3032150Z hint:
Build & Test (macos-14)	Checkout Source Code	2026-06-11T20:03:00.3032890Z hint: Names commonly chosen instead of 'master' are 'main', 'trunk' and
Build & Test (macos-14)	Checkout Source Code	2026-06-11T20:03:00.3034090Z hint: 'development'. The just-created branch can be renamed via this command:
Build & Test (macos-14)	Checkout Source Code	2026-06-11T20:03:00.3035050Z hint:
Build & Test (macos-14)	Checkout Source Code	2026-06-11T20:03:00.3035610Z hint: 	git branch -m <name>
Build & Test (macos-14)	Checkout Source Code	2026-06-11T20:03:00.3036230Z hint:
Build & Test (macos-14)	Checkout Source Code	2026-06-11T20:03:00.3037100Z hint: Disable this message with "git config set advice.defaultBranchName false"
Build & Test (macos-14)	Checkout Source Code	2026-06-11T20:03:00.3038410Z Initialized empty Git repository in /Users/runner/work/NinjaLibrary/NinjaLibrary/.git/
Build & Test (macos-14)	Checkout Source Code	2026-06-11T20:03:00.3040730Z [command]/opt/homebrew/bin/git remote add origin https://github.com/veskuh/NinjaLibrary
Build & Test (macos-14)	Checkout Source Code	2026-06-11T20:03:00.3090470Z ##[endgroup]
Build & Test (macos-14)	Checkout Source Code	2026-06-11T20:03:00.3091600Z ##[group]Disabling automatic garbage collection
Build & Test (macos-14)	Checkout Source Code	2026-06-11T20:03:00.3092520Z [command]/opt/homebrew/bin/git config --local gc.auto 0
Build & Test (macos-14)	Checkout Source Code	2026-06-11T20:03:00.3133300Z ##[endgroup]
Build & Test (macos-14)	Checkout Source Code	2026-06-11T20:03:00.3134300Z ##[group]Setting up auth
Build & Test (macos-14)	Checkout Source Code	2026-06-11T20:03:00.3138030Z [command]/opt/homebrew/bin/git config --local --name-only --get-regexp core\.sshCommand
Build & Test (macos-14)	Checkout Source Code	2026-06-11T20:03:00.3178240Z [command]/opt/homebrew/bin/git submodule foreach --recursive sh -c "git config --local --name-only --get-regexp 'core\.sshCommand' && git config --local --unset-all 'core.sshCommand' || :"
Build & Test (macos-14)	Checkout Source Code	2026-06-11T20:03:00.3757390Z [command]/opt/homebrew/bin/git config --local --name-only --get-regexp http\.https\:\/\/github\.com\/\.extraheader
Build & Test (macos-14)	Checkout Source Code	2026-06-11T20:03:00.3797760Z [command]/opt/homebrew/bin/git submodule foreach --recursive sh -c "git config --local --name-only --get-regexp 'http\.https\:\/\/github\.com\/\.extraheader' && git config --local --unset-all 'http.https://github.com/.extraheader' || :"
Build & Test (macos-14)	Checkout Source Code	2026-06-11T20:03:00.4311770Z [command]/opt/homebrew/bin/git config --local --name-only --get-regexp ^includeIf\.gitdir:
Build & Test (macos-14)	Checkout Source Code	2026-06-11T20:03:00.4461120Z [command]/opt/homebrew/bin/git submodule foreach --recursive git config --local --show-origin --name-only --get-regexp remote.origin.url
Build & Test (macos-14)	Checkout Source Code	2026-06-11T20:03:00.5168620Z [command]/opt/homebrew/bin/git config --local http.https://github.com/.extraheader AUTHORIZATION: basic ***
Build & Test (macos-14)	Checkout Source Code	2026-06-11T20:03:00.5212750Z ##[endgroup]
Build & Test (macos-14)	Checkout Source Code	2026-06-11T20:03:00.5213740Z ##[group]Fetching the repository
Build & Test (macos-14)	Checkout Source Code	2026-06-11T20:03:00.5218350Z [command]/opt/homebrew/bin/git -c protocol.version=2 fetch --no-tags --prune --no-recurse-submodules --depth=1 origin +bd76dd43ec89e6455de6f06fa3c1ab41974ad544:refs/remotes/origin/main
Build & Test (macos-14)	Checkout Source Code	2026-06-11T20:03:01.4407490Z From https://github.com/veskuh/NinjaLibrary
Build & Test (macos-14)	Checkout Source Code	2026-06-11T20:03:01.4409560Z  * [new ref]         bd76dd43ec89e6455de6f06fa3c1ab41974ad544 -> origin/main
Build & Test (macos-14)	Checkout Source Code	2026-06-11T20:03:01.6426010Z ##[endgroup]
Build & Test (macos-14)	Checkout Source Code	2026-06-11T20:03:01.6427330Z ##[group]Determining the checkout info
Build & Test (macos-14)	Checkout Source Code	2026-06-11T20:03:01.6428610Z ##[endgroup]
Build & Test (macos-14)	Checkout Source Code	2026-06-11T20:03:01.6429650Z [command]/opt/homebrew/bin/git sparse-checkout disable
Build & Test (macos-14)	Checkout Source Code	2026-06-11T20:03:01.6761230Z [command]/opt/homebrew/bin/git config --local --unset-all extensions.worktreeConfig
Build & Test (macos-14)	Checkout Source Code	2026-06-11T20:03:01.6927730Z ##[group]Checking out the ref
Build & Test (macos-14)	Checkout Source Code	2026-06-11T20:03:01.6930050Z [command]/opt/homebrew/bin/git checkout --progress --force -B main refs/remotes/origin/main
Build & Test (macos-14)	Checkout Source Code	2026-06-11T20:03:01.7424810Z Switched to a new branch 'main'
Build & Test (macos-14)	Checkout Source Code	2026-06-11T20:03:01.7431800Z branch 'main' set up to track 'origin/main'.
Build & Test (macos-14)	Checkout Source Code	2026-06-11T20:03:01.7437330Z ##[endgroup]
Build & Test (macos-14)	Checkout Source Code	2026-06-11T20:03:01.7438340Z ##[group]Setting up auth for fetching submodules
Build & Test (macos-14)	Checkout Source Code	2026-06-11T20:03:01.7440860Z [command]/opt/homebrew/bin/git config --global http.https://github.com/.extraheader AUTHORIZATION: basic ***
Build & Test (macos-14)	Checkout Source Code	2026-06-11T20:03:01.7489460Z [command]/opt/homebrew/bin/git config --global --unset-all url.https://github.com/.insteadOf
Build & Test (macos-14)	Checkout Source Code	2026-06-11T20:03:01.7527820Z [command]/opt/homebrew/bin/git config --global --add url.https://github.com/.insteadOf git@github.com:
Build & Test (macos-14)	Checkout Source Code	2026-06-11T20:03:01.7568800Z [command]/opt/homebrew/bin/git config --global --add url.https://github.com/.insteadOf org-878781@github.com:
Build & Test (macos-14)	Checkout Source Code	2026-06-11T20:03:01.7606080Z ##[endgroup]
Build & Test (macos-14)	Checkout Source Code	2026-06-11T20:03:01.7607040Z ##[group]Fetching submodules
Build & Test (macos-14)	Checkout Source Code	2026-06-11T20:03:01.7608590Z [command]/opt/homebrew/bin/git submodule sync --recursive
Build & Test (macos-14)	Checkout Source Code	2026-06-11T20:03:01.8106500Z [command]/opt/homebrew/bin/git -c protocol.version=2 submodule update --init --force --depth=1 --recursive
Build & Test (macos-14)	Checkout Source Code	2026-06-11T20:03:01.8588310Z Submodule '3rdparty/Kaakao' (https://github.com/veskuh/Kaakao.git) registered for path '3rdparty/Kaakao'
Build & Test (macos-14)	Checkout Source Code	2026-06-11T20:03:01.8659180Z Cloning into '/Users/runner/work/NinjaLibrary/NinjaLibrary/3rdparty/Kaakao'...
Build & Test (macos-14)	Checkout Source Code	2026-06-11T20:03:02.5735540Z Submodule path '3rdparty/Kaakao': checked out '1a7f3f9d38e3df718292a0d88c6b173cab216c1a'
Build & Test (macos-14)	Checkout Source Code	2026-06-11T20:03:02.5786730Z [command]/opt/homebrew/bin/git submodule foreach --recursive git config --local gc.auto 0
Build & Test (macos-14)	Checkout Source Code	2026-06-11T20:03:02.6274440Z Entering '3rdparty/Kaakao'
Build & Test (macos-14)	Checkout Source Code	2026-06-11T20:03:02.6395680Z ##[endgroup]
Build & Test (macos-14)	Checkout Source Code	2026-06-11T20:03:02.6398890Z ##[group]Persisting credentials for submodules
Build & Test (macos-14)	Checkout Source Code	2026-06-11T20:03:02.6402240Z [command]/opt/homebrew/bin/git submodule foreach --recursive sh -c "git config --local --name-only --get-regexp 'url\.https\:\/\/github\.com\/\.insteadOf' && git config --local --unset-all 'url.https://github.com/.insteadOf' || :"
Build & Test (macos-14)	Checkout Source Code	2026-06-11T20:03:02.6833170Z Entering '3rdparty/Kaakao'
Build & Test (macos-14)	Checkout Source Code	2026-06-11T20:03:02.6949320Z [command]/opt/homebrew/bin/git submodule foreach --recursive sh -c "git config --local 'http.https://github.com/.extraheader' 'AUTHORIZATION: basic ***' && git config --local --show-origin --name-only --get-regexp remote.origin.url"
Build & Test (macos-14)	Checkout Source Code	2026-06-11T20:03:02.7420230Z Entering '3rdparty/Kaakao'
Build & Test (macos-14)	Checkout Source Code	2026-06-11T20:03:02.7529070Z file:/Users/runner/work/NinjaLibrary/NinjaLibrary/.git/modules/3rdparty/Kaakao/config	remote.origin.url
Build & Test (macos-14)	Checkout Source Code	2026-06-11T20:03:02.7580160Z [command]/opt/homebrew/bin/git submodule foreach --recursive git config --local --add 'url.https://github.com/.insteadOf' 'git@github.com:'
Build & Test (macos-14)	Checkout Source Code	2026-06-11T20:03:02.8020220Z Entering '3rdparty/Kaakao'
Build & Test (macos-14)	Checkout Source Code	2026-06-11T20:03:02.8114960Z [command]/opt/homebrew/bin/git submodule foreach --recursive git config --local --add 'url.https://github.com/.insteadOf' 'org-878781@github.com:'
Build & Test (macos-14)	Checkout Source Code	2026-06-11T20:03:02.8576420Z Entering '3rdparty/Kaakao'
Build & Test (macos-14)	Checkout Source Code	2026-06-11T20:03:02.8680970Z ##[endgroup]
Build & Test (macos-14)	Checkout Source Code	2026-06-11T20:03:02.8733790Z [command]/opt/homebrew/bin/git log -1 --format=%H
Build & Test (macos-14)	Checkout Source Code	2026-06-11T20:03:02.8772890Z bd76dd43ec89e6455de6f06fa3c1ab41974ad544
Build & Test (macos-14)	Install Qt 6.8 Core Frameworks	﻿2026-06-11T20:03:02.9005230Z ##[group]Run jurplel/install-qt-action@v3
Build & Test (macos-14)	Install Qt 6.8 Core Frameworks	2026-06-11T20:03:02.9005500Z with:
Build & Test (macos-14)	Install Qt 6.8 Core Frameworks	2026-06-11T20:03:02.9005660Z   version: 6.8.3
Build & Test (macos-14)	Install Qt 6.8 Core Frameworks	2026-06-11T20:03:02.9005830Z   host: mac
Build & Test (macos-14)	Install Qt 6.8 Core Frameworks	2026-06-11T20:03:02.9005990Z   target: desktop
Build & Test (macos-14)	Install Qt 6.8 Core Frameworks	2026-06-11T20:03:02.9006200Z   modules: qt5compat qtshadertools qtimageformats
Build & Test (macos-14)	Install Qt 6.8 Core Frameworks	2026-06-11T20:03:02.9006460Z   cache: true
Build & Test (macos-14)	Install Qt 6.8 Core Frameworks	2026-06-11T20:03:02.9006620Z   install-deps: true
Build & Test (macos-14)	Install Qt 6.8 Core Frameworks	2026-06-11T20:03:02.9006830Z   cache-key-prefix: install-qt-action
Build & Test (macos-14)	Install Qt 6.8 Core Frameworks	2026-06-11T20:03:02.9007050Z   setup-python: true
Build & Test (macos-14)	Install Qt 6.8 Core Frameworks	2026-06-11T20:03:02.9007240Z   add-tools-to-path: true
Build & Test (macos-14)	Install Qt 6.8 Core Frameworks	2026-06-11T20:03:02.9007420Z   set-env: true
Build & Test (macos-14)	Install Qt 6.8 Core Frameworks	2026-06-11T20:03:02.9007600Z   no-qt-binaries: false
Build & Test (macos-14)	Install Qt 6.8 Core Frameworks	2026-06-11T20:03:02.9007780Z   tools-only: false
Build & Test (macos-14)	Install Qt 6.8 Core Frameworks	2026-06-11T20:03:02.9007970Z   aqtversion: ==3.1.*
Build & Test (macos-14)	Install Qt 6.8 Core Frameworks	2026-06-11T20:03:02.9008170Z   py7zrversion: ==0.20.*
Build & Test (macos-14)	Install Qt 6.8 Core Frameworks	2026-06-11T20:03:02.9008350Z   source: false
Build & Test (macos-14)	Install Qt 6.8 Core Frameworks	2026-06-11T20:03:02.9008520Z   documentation: false
Build & Test (macos-14)	Install Qt 6.8 Core Frameworks	2026-06-11T20:03:02.9008700Z   examples: false
Build & Test (macos-14)	Install Qt 6.8 Core Frameworks	2026-06-11T20:03:02.9008870Z ##[endgroup]
Build & Test (macos-14)	Install Qt 6.8 Core Frameworks	2026-06-11T20:03:02.9115440Z ##[group]Run actions/setup-python@v5
Build & Test (macos-14)	Install Qt 6.8 Core Frameworks	2026-06-11T20:03:02.9115720Z with:
Build & Test (macos-14)	Install Qt 6.8 Core Frameworks	2026-06-11T20:03:02.9115890Z   python-version: 3.6.x - 3.11.x
Build & Test (macos-14)	Install Qt 6.8 Core Frameworks	2026-06-11T20:03:02.9116110Z   check-latest: false
Build & Test (macos-14)	Install Qt 6.8 Core Frameworks	2026-06-11T20:03:02.9118720Z   token: ***
Build & Test (macos-14)	Install Qt 6.8 Core Frameworks	2026-06-11T20:03:02.9118900Z   update-environment: true
Build & Test (macos-14)	Install Qt 6.8 Core Frameworks	2026-06-11T20:03:02.9119110Z   allow-prereleases: false
Build & Test (macos-14)	Install Qt 6.8 Core Frameworks	2026-06-11T20:03:02.9119300Z   freethreaded: false
Build & Test (macos-14)	Install Qt 6.8 Core Frameworks	2026-06-11T20:03:02.9119480Z ##[endgroup]
Build & Test (macos-14)	Install Qt 6.8 Core Frameworks	2026-06-11T20:03:03.0403990Z ##[group]Installed versions
Build & Test (macos-14)	Install Qt 6.8 Core Frameworks	2026-06-11T20:03:03.0444790Z Successfully set up CPython (3.11.9)
Build & Test (macos-14)	Install Qt 6.8 Core Frameworks	2026-06-11T20:03:03.0445250Z ##[endgroup]
Build & Test (macos-14)	Install Qt 6.8 Core Frameworks	2026-06-11T20:03:03.0546120Z ##[group]Run jurplel/install-qt-action/action@v3
Build & Test (macos-14)	Install Qt 6.8 Core Frameworks	2026-06-11T20:03:03.0546440Z with:
Build & Test (macos-14)	Install Qt 6.8 Core Frameworks	2026-06-11T20:03:03.0546600Z   version: 6.8.3
Build & Test (macos-14)	Install Qt 6.8 Core Frameworks	2026-06-11T20:03:03.0546780Z   host: mac
Build & Test (macos-14)	Install Qt 6.8 Core Frameworks	2026-06-11T20:03:03.0546990Z   target: desktop
Build & Test (macos-14)	Install Qt 6.8 Core Frameworks	2026-06-11T20:03:03.0547180Z   install-deps: true
Build & Test (macos-14)	Install Qt 6.8 Core Frameworks	2026-06-11T20:03:03.0547420Z   modules: qt5compat qtshadertools qtimageformats
Build & Test (macos-14)	Install Qt 6.8 Core Frameworks	2026-06-11T20:03:03.0547680Z   cache: true
Build & Test (macos-14)	Install Qt 6.8 Core Frameworks	2026-06-11T20:03:03.0547920Z   cache-key-prefix: install-qt-action
Build & Test (macos-14)	Install Qt 6.8 Core Frameworks	2026-06-11T20:03:03.0548180Z   add-tools-to-path: true
Build & Test (macos-14)	Install Qt 6.8 Core Frameworks	2026-06-11T20:03:03.0548390Z   set-env: true
Build & Test (macos-14)	Install Qt 6.8 Core Frameworks	2026-06-11T20:03:03.0548600Z   no-qt-binaries: false
Build & Test (macos-14)	Install Qt 6.8 Core Frameworks	2026-06-11T20:03:03.0548800Z   tools-only: false
Build & Test (macos-14)	Install Qt 6.8 Core Frameworks	2026-06-11T20:03:03.0548990Z   aqtversion: ==3.1.*
Build & Test (macos-14)	Install Qt 6.8 Core Frameworks	2026-06-11T20:03:03.0549210Z   py7zrversion: ==0.20.*
Build & Test (macos-14)	Install Qt 6.8 Core Frameworks	2026-06-11T20:03:03.0549410Z   source: false
Build & Test (macos-14)	Install Qt 6.8 Core Frameworks	2026-06-11T20:03:03.0549600Z   documentation: false
Build & Test (macos-14)	Install Qt 6.8 Core Frameworks	2026-06-11T20:03:03.0549790Z   examples: false
Build & Test (macos-14)	Install Qt 6.8 Core Frameworks	2026-06-11T20:03:03.0550050Z env:
Build & Test (macos-14)	Install Qt 6.8 Core Frameworks	2026-06-11T20:03:03.0550320Z   pythonLocation: /Users/runner/hostedtoolcache/Python/3.11.9/arm64
Build & Test (macos-14)	Install Qt 6.8 Core Frameworks	2026-06-11T20:03:03.0550960Z   PKG_CONFIG_PATH: /Users/runner/hostedtoolcache/Python/3.11.9/arm64/lib/pkgconfig
Build & Test (macos-14)	Install Qt 6.8 Core Frameworks	2026-06-11T20:03:03.0551490Z   Python_ROOT_DIR: /Users/runner/hostedtoolcache/Python/3.11.9/arm64
Build & Test (macos-14)	Install Qt 6.8 Core Frameworks	2026-06-11T20:03:03.0551910Z   Python2_ROOT_DIR: /Users/runner/hostedtoolcache/Python/3.11.9/arm64
Build & Test (macos-14)	Install Qt 6.8 Core Frameworks	2026-06-11T20:03:03.0552330Z   Python3_ROOT_DIR: /Users/runner/hostedtoolcache/Python/3.11.9/arm64
Build & Test (macos-14)	Install Qt 6.8 Core Frameworks	2026-06-11T20:03:03.0552670Z ##[endgroup]
Build & Test (macos-14)	Install Qt 6.8 Core Frameworks	2026-06-11T20:03:03.2942740Z ##[warning]Failed to restore: Cache service responded with 400
Build & Test (macos-14)	Install Qt 6.8 Core Frameworks	2026-06-11T20:03:03.2943830Z Automatic cache miss, will cache this run
Build & Test (macos-14)	Install Qt 6.8 Core Frameworks	2026-06-11T20:03:03.2944230Z [command]/opt/homebrew/bin/brew install p7zip
Build & Test (macos-14)	Install Qt 6.8 Core Frameworks	2026-06-11T20:03:05.0647160Z ^[[33mWarning:^[[0m p7zip 17.06 is already installed and up-to-date.
Build & Test (macos-14)	Install Qt 6.8 Core Frameworks	2026-06-11T20:03:05.0647660Z To reinstall 17.06, run:
Build & Test (macos-14)	Install Qt 6.8 Core Frameworks	2026-06-11T20:03:05.0647870Z   brew reinstall p7zip
Build & Test (macos-14)	Install Qt 6.8 Core Frameworks	2026-06-11T20:03:05.0847400Z [command]/Users/runner/hostedtoolcache/Python/3.11.9/arm64/bin/python3 -m pip install setuptools wheel py7zr==0.20.*
Build & Test (macos-14)	Install Qt 6.8 Core Frameworks	2026-06-11T20:03:05.9230150Z Requirement already satisfied: setuptools in /Library/Frameworks/Python.framework/Versions/3.11/lib/python3.11/site-packages (65.5.0)
Build & Test (macos-14)	Install Qt 6.8 Core Frameworks	2026-06-11T20:03:05.9941610Z Collecting wheel
Build & Test (macos-14)	Install Qt 6.8 Core Frameworks	2026-06-11T20:03:06.0329530Z   Downloading wheel-0.47.0-py3-none-any.whl.metadata (2.3 kB)
Build & Test (macos-14)	Install Qt 6.8 Core Frameworks	2026-06-11T20:03:06.0869030Z Collecting py7zr==0.20.*
Build & Test (macos-14)	Install Qt 6.8 Core Frameworks	2026-06-11T20:03:06.0921280Z   Downloading py7zr-0.20.8-py3-none-any.whl.metadata (16 kB)
Build & Test (macos-14)	Install Qt 6.8 Core Frameworks	2026-06-11T20:03:06.1078040Z Collecting texttable (from py7zr==0.20.*)
Build & Test (macos-14)	Install Qt 6.8 Core Frameworks	2026-06-11T20:03:06.1105920Z   Downloading texttable-1.7.0-py2.py3-none-any.whl.metadata (9.8 kB)
Build & Test (macos-14)	Install Qt 6.8 Core Frameworks	2026-06-11T20:03:06.1577310Z Collecting pycryptodomex>=3.16.0 (from py7zr==0.20.*)
Build & Test (macos-14)	Install Qt 6.8 Core Frameworks	2026-06-11T20:03:06.1626910Z   Downloading pycryptodomex-3.23.0-cp37-abi3-macosx_10_9_universal2.whl.metadata (3.4 kB)
Build & Test (macos-14)	Install Qt 6.8 Core Frameworks	2026-06-11T20:03:06.2076630Z Collecting pyzstd>=0.15.9 (from py7zr==0.20.*)
Build & Test (macos-14)	Install Qt 6.8 Core Frameworks	2026-06-11T20:03:06.2116910Z   Downloading pyzstd-0.19.1-py3-none-any.whl.metadata (2.6 kB)
Build & Test (macos-14)	Install Qt 6.8 Core Frameworks	2026-06-11T20:03:06.2488100Z Collecting pyppmd<1.2.0,>=1.1.0 (from py7zr==0.20.*)
Build & Test (macos-14)	Install Qt 6.8 Core Frameworks	2026-06-11T20:03:06.2527910Z   Downloading pyppmd-1.1.1-cp311-cp311-macosx_11_0_arm64.whl.metadata (5.5 kB)
Build & Test (macos-14)	Install Qt 6.8 Core Frameworks	2026-06-11T20:03:06.2774820Z Collecting pybcj<1.1.0,>=1.0.0 (from py7zr==0.20.*)
Build & Test (macos-14)	Install Qt 6.8 Core Frameworks	2026-06-11T20:03:06.2813180Z   Downloading pybcj-1.0.7-cp311-cp311-macosx_11_0_arm64.whl.metadata (3.9 kB)
Build & Test (macos-14)	Install Qt 6.8 Core Frameworks	2026-06-11T20:03:06.2913720Z Collecting multivolumefile>=0.2.3 (from py7zr==0.20.*)
Build & Test (macos-14)	Install Qt 6.8 Core Frameworks	2026-06-11T20:03:06.2940520Z   Downloading multivolumefile-0.2.3-py3-none-any.whl.metadata (6.3 kB)
Build & Test (macos-14)	Install Qt 6.8 Core Frameworks	2026-06-11T20:03:06.3206980Z Collecting inflate64<1.1.0,>=1.0.0 (from py7zr==0.20.*)
Build & Test (macos-14)	Install Qt 6.8 Core Frameworks	2026-06-11T20:03:06.3268450Z   Downloading inflate64-1.0.4-cp311-cp311-macosx_11_0_arm64.whl.metadata (4.4 kB)
Build & Test (macos-14)	Install Qt 6.8 Core Frameworks	2026-06-11T20:03:06.3460070Z Collecting brotli>=1.1.0 (from py7zr==0.20.*)
Build & Test (macos-14)	Install Qt 6.8 Core Frameworks	2026-06-11T20:03:06.3498530Z   Downloading brotli-1.2.0-cp311-cp311-macosx_10_9_universal2.whl.metadata (6.1 kB)
Build & Test (macos-14)	Install Qt 6.8 Core Frameworks	2026-06-11T20:03:06.3853650Z Collecting psutil (from py7zr==0.20.*)
Build & Test (macos-14)	Install Qt 6.8 Core Frameworks	2026-06-11T20:03:06.3881510Z   Downloading psutil-7.2.2-cp36-abi3-macosx_11_0_arm64.whl.metadata (22 kB)
Build & Test (macos-14)	Install Qt 6.8 Core Frameworks	2026-06-11T20:03:06.4035670Z Collecting packaging>=24.0 (from wheel)
Build & Test (macos-14)	Install Qt 6.8 Core Frameworks	2026-06-11T20:03:06.4064730Z   Downloading packaging-26.2-py3-none-any.whl.metadata (3.5 kB)
Build & Test (macos-14)	Install Qt 6.8 Core Frameworks	2026-06-11T20:03:06.4364930Z Collecting backports-zstd>=1.0.0 (from pyzstd>=0.15.9->py7zr==0.20.*)
Build & Test (macos-14)	Install Qt 6.8 Core Frameworks	2026-06-11T20:03:06.4400970Z   Downloading backports_zstd-1.5.0-cp311-cp311-macosx_11_0_arm64.whl.metadata (6.8 kB)
Build & Test (macos-14)	Install Qt 6.8 Core Frameworks	2026-06-11T20:03:06.4512340Z Collecting typing-extensions>=4.13.2 (from pyzstd>=0.15.9->py7zr==0.20.*)
Build & Test (macos-14)	Install Qt 6.8 Core Frameworks	2026-06-11T20:03:06.4536670Z   Downloading typing_extensions-4.15.0-py3-none-any.whl.metadata (3.3 kB)
Build & Test (macos-14)	Install Qt 6.8 Core Frameworks	2026-06-11T20:03:06.4611600Z Downloading py7zr-0.20.8-py3-none-any.whl (67 kB)
Build & Test (macos-14)	Install Qt 6.8 Core Frameworks	2026-06-11T20:03:06.4676070Z Downloading inflate64-1.0.4-cp311-cp311-macosx_11_0_arm64.whl (36 kB)
Build & Test (macos-14)	Install Qt 6.8 Core Frameworks	2026-06-11T20:03:06.4737510Z Downloading pybcj-1.0.7-cp311-cp311-macosx_11_0_arm64.whl (24 kB)
Build & Test (macos-14)	Install Qt 6.8 Core Frameworks	2026-06-11T20:03:06.4797820Z Downloading pyppmd-1.1.1-cp311-cp311-macosx_11_0_arm64.whl (47 kB)
Build & Test (macos-14)	Install Qt 6.8 Core Frameworks	2026-06-11T20:03:06.4853760Z Downloading wheel-0.47.0-py3-none-any.whl (32 kB)
Build & Test (macos-14)	Install Qt 6.8 Core Frameworks	2026-06-11T20:03:06.4912950Z Downloading brotli-1.2.0-cp311-cp311-macosx_10_9_universal2.whl (863 kB)
Build & Test (macos-14)	Install Qt 6.8 Core Frameworks	2026-06-11T20:03:06.5052100Z    ━━━━━━━━━━━━━━━━━━━━━━━━━━━━━━━━━━━━━━━━ 863.1/863.1 kB 63.1 MB/s  0:00:00
Build & Test (macos-14)	Install Qt 6.8 Core Frameworks	2026-06-11T20:03:06.5086160Z Downloading multivolumefile-0.2.3-py3-none-any.whl (17 kB)
Build & Test (macos-14)	Install Qt 6.8 Core Frameworks	2026-06-11T20:03:06.5149950Z Downloading packaging-26.2-py3-none-any.whl (100 kB)
Build & Test (macos-14)	Install Qt 6.8 Core Frameworks	2026-06-11T20:03:06.5216970Z Downloading pycryptodomex-3.23.0-cp37-abi3-macosx_10_9_universal2.whl (2.5 MB)
Build & Test (macos-14)	Install Qt 6.8 Core Frameworks	2026-06-11T20:03:06.5599840Z    ━━━━━━━━━━━━━━━━━━━━━━━━━━━━━━━━━━━━━━━━ 2.5/2.5 MB 62.9 MB/s  0:00:00
Build & Test (macos-14)	Install Qt 6.8 Core Frameworks	2026-06-11T20:03:06.5648400Z Downloading pyzstd-0.19.1-py3-none-any.whl (23 kB)
Build & Test (macos-14)	Install Qt 6.8 Core Frameworks	2026-06-11T20:03:06.5728090Z Downloading backports_zstd-1.5.0-cp311-cp311-macosx_11_0_arm64.whl (363 kB)
Build & Test (macos-14)	Install Qt 6.8 Core Frameworks	2026-06-11T20:03:06.5790770Z Downloading typing_extensions-4.15.0-py3-none-any.whl (44 kB)
Build & Test (macos-14)	Install Qt 6.8 Core Frameworks	2026-06-11T20:03:06.5845370Z Downloading psutil-7.2.2-cp36-abi3-macosx_11_0_arm64.whl (129 kB)
Build & Test (macos-14)	Install Qt 6.8 Core Frameworks	2026-06-11T20:03:06.5903970Z Downloading texttable-1.7.0-py2.py3-none-any.whl (10 kB)
Build & Test (macos-14)	Install Qt 6.8 Core Frameworks	2026-06-11T20:03:06.6155080Z Installing collected packages: texttable, brotli, typing-extensions, pyppmd, pycryptodomex, pybcj, psutil, packaging, multivolumefile, inflate64, backports-zstd, wheel, pyzstd, py7zr
Build & Test (macos-14)	Install Qt 6.8 Core Frameworks	2026-06-11T20:03:07.0757020Z 
Build & Test (macos-14)	Install Qt 6.8 Core Frameworks	2026-06-11T20:03:07.0765750Z Successfully installed backports-zstd-1.5.0 brotli-1.2.0 inflate64-1.0.4 multivolumefile-0.2.3 packaging-26.2 psutil-7.2.2 py7zr-0.20.8 pybcj-1.0.7 pycryptodomex-3.23.0 pyppmd-1.1.1 pyzstd-0.19.1 texttable-1.7.0 typing-extensions-4.15.0 wheel-0.47.0
Build & Test (macos-14)	Install Qt 6.8 Core Frameworks	2026-06-11T20:03:07.1198610Z [command]/Users/runner/hostedtoolcache/Python/3.11.9/arm64/bin/python3 -m pip install aqtinstall==3.1.*
Build & Test (macos-14)	Install Qt 6.8 Core Frameworks	2026-06-11T20:03:07.3498060Z Collecting aqtinstall==3.1.*
Build & Test (macos-14)	Install Qt 6.8 Core Frameworks	2026-06-11T20:03:07.3754060Z   Downloading aqtinstall-3.1.21-py3-none-any.whl.metadata (11 kB)
Build & Test (macos-14)	Install Qt 6.8 Core Frameworks	2026-06-11T20:03:07.3877490Z Collecting bs4 (from aqtinstall==3.1.*)
Build & Test (macos-14)	Install Qt 6.8 Core Frameworks	2026-06-11T20:03:07.3907940Z   Downloading bs4-0.0.2-py2.py3-none-any.whl.metadata (411 bytes)
Build & Test (macos-14)	Install Qt 6.8 Core Frameworks	2026-06-11T20:03:07.3996800Z Collecting defusedxml (from aqtinstall==3.1.*)
Build & Test (macos-14)	Install Qt 6.8 Core Frameworks	2026-06-11T20:03:07.4021700Z   Downloading defusedxml-0.7.1-py2.py3-none-any.whl.metadata (32 kB)
Build & Test (macos-14)	Install Qt 6.8 Core Frameworks	2026-06-11T20:03:07.4180560Z Collecting humanize (from aqtinstall==3.1.*)
Build & Test (macos-14)	Install Qt 6.8 Core Frameworks	2026-06-11T20:03:07.4210340Z   Downloading humanize-4.15.0-py3-none-any.whl.metadata (7.8 kB)
Build & Test (macos-14)	Install Qt 6.8 Core Frameworks	2026-06-11T20:03:07.4313760Z Collecting patch>=1.16 (from aqtinstall==3.1.*)
Build & Test (macos-14)	Install Qt 6.8 Core Frameworks	2026-06-11T20:03:07.4346500Z   Downloading patch-1.16.zip (12 kB)
Build & Test (macos-14)	Install Qt 6.8 Core Frameworks	2026-06-11T20:03:07.4388400Z   Installing build dependencies: started
Build & Test (macos-14)	Install Qt 6.8 Core Frameworks	2026-06-11T20:03:07.8751280Z   Installing build dependencies: finished with status 'done'
Build & Test (macos-14)	Install Qt 6.8 Core Frameworks	2026-06-11T20:03:07.8758010Z   Getting requirements to build wheel: started
Build & Test (macos-14)	Install Qt 6.8 Core Frameworks	2026-06-11T20:03:08.0782760Z   Getting requirements to build wheel: finished with status 'done'
Build & Test (macos-14)	Install Qt 6.8 Core Frameworks	2026-06-11T20:03:08.0792620Z   Preparing metadata (pyproject.toml): started
Build & Test (macos-14)	Install Qt 6.8 Core Frameworks	2026-06-11T20:03:08.1858240Z   Preparing metadata (pyproject.toml): finished with status 'done'
Build & Test (macos-14)	Install Qt 6.8 Core Frameworks	2026-06-11T20:03:08.2000050Z Collecting py7zr>=0.22.0 (from aqtinstall==3.1.*)
Build & Test (macos-14)	Install Qt 6.8 Core Frameworks	2026-06-11T20:03:08.2030540Z   Downloading py7zr-1.1.0-py3-none-any.whl.metadata (17 kB)
Build & Test (macos-14)	Install Qt 6.8 Core Frameworks	2026-06-11T20:03:08.2272030Z Collecting requests>=2.31.0 (from aqtinstall==3.1.*)
Build & Test (macos-14)	Install Qt 6.8 Core Frameworks	2026-06-11T20:03:08.2301160Z   Downloading requests-2.34.2-py3-none-any.whl.metadata (4.8 kB)
Build & Test (macos-14)	Install Qt 6.8 Core Frameworks	2026-06-11T20:03:08.2409920Z Collecting semantic-version (from aqtinstall==3.1.*)
Build & Test (macos-14)	Install Qt 6.8 Core Frameworks	2026-06-11T20:03:08.2434680Z   Downloading semantic_version-2.10.0-py2.py3-none-any.whl.metadata (9.7 kB)
Build & Test (macos-14)	Install Qt 6.8 Core Frameworks	2026-06-11T20:03:08.2473370Z Requirement already satisfied: texttable in /Library/Frameworks/Python.framework/Versions/3.11/lib/python3.11/site-packages (from aqtinstall==3.1.*) (1.7.0)
Build & Test (macos-14)	Install Qt 6.8 Core Frameworks	2026-06-11T20:03:08.2478450Z Requirement already satisfied: pycryptodomex>=3.20.0 in /Library/Frameworks/Python.framework/Versions/3.11/lib/python3.11/site-packages (from py7zr>=0.22.0->aqtinstall==3.1.*) (3.23.0)
Build & Test (macos-14)	Install Qt 6.8 Core Frameworks	2026-06-11T20:03:08.2481000Z Requirement already satisfied: brotli>=1.2.0 in /Library/Frameworks/Python.framework/Versions/3.11/lib/python3.11/site-packages (from py7zr>=0.22.0->aqtinstall==3.1.*) (1.2.0)
Build & Test (macos-14)	Install Qt 6.8 Core Frameworks	2026-06-11T20:03:08.2482950Z Requirement already satisfied: psutil in /Library/Frameworks/Python.framework/Versions/3.11/lib/python3.11/site-packages (from py7zr>=0.22.0->aqtinstall==3.1.*) (7.2.2)
Build & Test (macos-14)	Install Qt 6.8 Core Frameworks	2026-06-11T20:03:08.2486860Z Requirement already satisfied: backports.zstd>=1.0.0 in /Library/Frameworks/Python.framework/Versions/3.11/lib/python3.11/site-packages (from py7zr>=0.22.0->aqtinstall==3.1.*) (1.5.0)
Build & Test (macos-14)	Install Qt 6.8 Core Frameworks	2026-06-11T20:03:08.2841330Z Collecting pyppmd>=1.3.1 (from py7zr>=0.22.0->aqtinstall==3.1.*)
Build & Test (macos-14)	Install Qt 6.8 Core Frameworks	2026-06-11T20:03:08.2883820Z   Downloading pyppmd-1.3.1-cp311-cp311-macosx_11_0_arm64.whl.metadata (5.4 kB)
Build & Test (macos-14)	Install Qt 6.8 Core Frameworks	2026-06-11T20:03:08.2919270Z Requirement already satisfied: pybcj>=1.0.6 in /Library/Frameworks/Python.framework/Versions/3.11/lib/python3.11/site-packages (from py7zr>=0.22.0->aqtinstall==3.1.*) (1.0.7)
Build & Test (macos-14)	Install Qt 6.8 Core Frameworks	2026-06-11T20:03:08.2920800Z Requirement already satisfied: multivolumefile>=0.2.3 in /Library/Frameworks/Python.framework/Versions/3.11/lib/python3.11/site-packages (from py7zr>=0.22.0->aqtinstall==3.1.*) (0.2.3)
Build & Test (macos-14)	Install Qt 6.8 Core Frameworks	2026-06-11T20:03:08.2922560Z Requirement already satisfied: inflate64>=1.0.4 in /Library/Frameworks/Python.framework/Versions/3.11/lib/python3.11/site-packages (from py7zr>=0.22.0->aqtinstall==3.1.*) (1.0.4)
Build & Test (macos-14)	Install Qt 6.8 Core Frameworks	2026-06-11T20:03:08.3415140Z Collecting charset_normalizer<4,>=2 (from requests>=2.31.0->aqtinstall==3.1.*)
Build & Test (macos-14)	Install Qt 6.8 Core Frameworks	2026-06-11T20:03:08.3449900Z   Downloading charset_normalizer-3.4.7-cp311-cp311-macosx_10_9_universal2.whl.metadata (40 kB)
Build & Test (macos-14)	Install Qt 6.8 Core Frameworks	2026-06-11T20:03:08.3579400Z Collecting idna<4,>=2.5 (from requests>=2.31.0->aqtinstall==3.1.*)
Build & Test (macos-14)	Install Qt 6.8 Core Frameworks	2026-06-11T20:03:08.3606760Z   Downloading idna-3.18-py3-none-any.whl.metadata (6.1 kB)
Build & Test (macos-14)	Install Qt 6.8 Core Frameworks	2026-06-11T20:03:08.3744530Z Collecting urllib3<3,>=1.26 (from requests>=2.31.0->aqtinstall==3.1.*)
Build & Test (macos-14)	Install Qt 6.8 Core Frameworks	2026-06-11T20:03:08.3773370Z   Downloading urllib3-2.7.0-py3-none-any.whl.metadata (6.9 kB)
Build & Test (macos-14)	Install Qt 6.8 Core Frameworks	2026-06-11T20:03:08.3807080Z Requirement already satisfied: certifi>=2023.5.7 in /Library/Frameworks/Python.framework/Versions/3.11/lib/python3.11/site-packages (from requests>=2.31.0->aqtinstall==3.1.*) (2026.5.20)
Build & Test (macos-14)	Install Qt 6.8 Core Frameworks	2026-06-11T20:03:08.3911040Z Collecting beautifulsoup4 (from bs4->aqtinstall==3.1.*)
Build & Test (macos-14)	Install Qt 6.8 Core Frameworks	2026-06-11T20:03:08.3938130Z   Downloading beautifulsoup4-4.15.0-py3-none-any.whl.metadata (3.8 kB)
Build & Test (macos-14)	Install Qt 6.8 Core Frameworks	2026-06-11T20:03:08.4055890Z Collecting soupsieve>=1.6.1 (from beautifulsoup4->bs4->aqtinstall==3.1.*)
Build & Test (macos-14)	Install Qt 6.8 Core Frameworks	2026-06-11T20:03:08.4087970Z   Downloading soupsieve-2.8.4-py3-none-any.whl.metadata (4.6 kB)
Build & Test (macos-14)	Install Qt 6.8 Core Frameworks	2026-06-11T20:03:08.4122290Z Requirement already satisfied: typing-extensions>=4.0.0 in /Library/Frameworks/Python.framework/Versions/3.11/lib/python3.11/site-packages (from beautifulsoup4->bs4->aqtinstall==3.1.*) (4.15.0)
Build & Test (macos-14)	Install Qt 6.8 Core Frameworks	2026-06-11T20:03:08.4188860Z Downloading aqtinstall-3.1.21-py3-none-any.whl (59 kB)
Build & Test (macos-14)	Install Qt 6.8 Core Frameworks	2026-06-11T20:03:08.4245610Z Downloading py7zr-1.1.0-py3-none-any.whl (71 kB)
Build & Test (macos-14)	Install Qt 6.8 Core Frameworks	2026-06-11T20:03:08.4297640Z Downloading pyppmd-1.3.1-cp311-cp311-macosx_11_0_arm64.whl (48 kB)
Build & Test (macos-14)	Install Qt 6.8 Core Frameworks	2026-06-11T20:03:08.4344260Z Downloading requests-2.34.2-py3-none-any.whl (73 kB)
Build & Test (macos-14)	Install Qt 6.8 Core Frameworks	2026-06-11T20:03:08.4387690Z Downloading charset_normalizer-3.4.7-cp311-cp311-macosx_10_9_universal2.whl (309 kB)
Build & Test (macos-14)	Install Qt 6.8 Core Frameworks	2026-06-11T20:03:08.4466250Z Downloading idna-3.18-py3-none-any.whl (65 kB)
Build & Test (macos-14)	Install Qt 6.8 Core Frameworks	2026-06-11T20:03:08.4512350Z Downloading urllib3-2.7.0-py3-none-any.whl (131 kB)
Build & Test (macos-14)	Install Qt 6.8 Core Frameworks	2026-06-11T20:03:08.4559340Z Downloading bs4-0.0.2-py2.py3-none-any.whl (1.2 kB)
Build & Test (macos-14)	Install Qt 6.8 Core Frameworks	2026-06-11T20:03:08.4604330Z Downloading beautifulsoup4-4.15.0-py3-none-any.whl (109 kB)
Build & Test (macos-14)	Install Qt 6.8 Core Frameworks	2026-06-11T20:03:08.4651440Z Downloading soupsieve-2.8.4-py3-none-any.whl (37 kB)
Build & Test (macos-14)	Install Qt 6.8 Core Frameworks	2026-06-11T20:03:08.4830320Z Downloading defusedxml-0.7.1-py2.py3-none-any.whl (25 kB)
Build & Test (macos-14)	Install Qt 6.8 Core Frameworks	2026-06-11T20:03:08.4999520Z Downloading humanize-4.15.0-py3-none-any.whl (132 kB)
Build & Test (macos-14)	Install Qt 6.8 Core Frameworks	2026-06-11T20:03:08.5047050Z Downloading semantic_version-2.10.0-py2.py3-none-any.whl (15 kB)
Build & Test (macos-14)	Install Qt 6.8 Core Frameworks	2026-06-11T20:03:08.5125050Z Building wheels for collected packages: patch
Build & Test (macos-14)	Install Qt 6.8 Core Frameworks	2026-06-11T20:03:08.5129770Z   Building wheel for patch (pyproject.toml): started
Build & Test (macos-14)	Install Qt 6.8 Core Frameworks	2026-06-11T20:03:08.6310350Z   Building wheel for patch (pyproject.toml): finished with status 'done'
Build & Test (macos-14)	Install Qt 6.8 Core Frameworks	2026-06-11T20:03:08.6316690Z   Created wheel for patch: filename=patch-1.16-py3-none-any.whl size=12413 sha256=0dbe5946c54ebb7bb6f26dd7421d5b28f8f138776530d53416b3be4a6d165a3f
Build & Test (macos-14)	Install Qt 6.8 Core Frameworks	2026-06-11T20:03:08.6317500Z   Stored in directory: /Users/runner/Library/Caches/pip/wheels/cb/ee/c0/8b7da5d06750d049187f4672e1fd70fade43ec0d2ee5b5fcda
Build & Test (macos-14)	Install Qt 6.8 Core Frameworks	2026-06-11T20:03:08.6328920Z Successfully built patch
Build & Test (macos-14)	Install Qt 6.8 Core Frameworks	2026-06-11T20:03:08.6488720Z Installing collected packages: patch, urllib3, soupsieve, semantic-version, pyppmd, idna, humanize, defusedxml, charset_normalizer, requests, py7zr, beautifulsoup4, bs4, aqtinstall
Build & Test (macos-14)	Install Qt 6.8 Core Frameworks	2026-06-11T20:03:08.7177610Z   Attempting uninstall: pyppmd
Build & Test (macos-14)	Install Qt 6.8 Core Frameworks	2026-06-11T20:03:08.7188060Z     Found existing installation: pyppmd 1.1.1
Build & Test (macos-14)	Install Qt 6.8 Core Frameworks	2026-06-11T20:03:08.7200650Z     Uninstalling pyppmd-1.1.1:
Build & Test (macos-14)	Install Qt 6.8 Core Frameworks	2026-06-11T20:03:08.7206610Z       Successfully uninstalled pyppmd-1.1.1
Build & Test (macos-14)	Install Qt 6.8 Core Frameworks	2026-06-11T20:03:08.8214210Z   Attempting uninstall: py7zr
Build & Test (macos-14)	Install Qt 6.8 Core Frameworks	2026-06-11T20:03:08.8227390Z     Found existing installation: py7zr 0.20.8
Build & Test (macos-14)	Install Qt 6.8 Core Frameworks	2026-06-11T20:03:08.8242930Z     Uninstalling py7zr-0.20.8:
Build & Test (macos-14)	Install Qt 6.8 Core Frameworks	2026-06-11T20:03:08.8251410Z       Successfully uninstalled py7zr-0.20.8
Build & Test (macos-14)	Install Qt 6.8 Core Frameworks	2026-06-11T20:03:08.9285120Z 
Build & Test (macos-14)	Install Qt 6.8 Core Frameworks	2026-06-11T20:03:08.9386520Z Successfully installed aqtinstall-3.1.21 beautifulsoup4-4.15.0 bs4-0.0.2 charset_normalizer-3.4.7 defusedxml-0.7.1 humanize-4.15.0 idna-3.18 patch-1.16 py7zr-1.1.0 pyppmd-1.3.1 requests-2.34.2 semantic-version-2.10.0 soupsieve-2.8.4 urllib3-2.7.0
Build & Test (macos-14)	Install Qt 6.8 Core Frameworks	2026-06-11T20:03:09.0004120Z [command]/Users/runner/hostedtoolcache/Python/3.11.9/arm64/bin/python3 -m aqt install-qt mac desktop 6.8.3 --outputdir /Users/runner/work/NinjaLibrary/Qt --modules qt5compat qtshadertools qtimageformats
Build & Test (macos-14)	Install Qt 6.8 Core Frameworks	2026-06-11T20:03:09.1905850Z INFO    : aqtinstall(aqt) v3.1.21 on Python 3.11.9 [CPython Clang 13.0.0 (clang-1300.0.29.30)]
Build & Test (macos-14)	Install Qt 6.8 Core Frameworks	2026-06-11T20:03:12.0039680Z INFO    : Found extension qtwebengine
Build & Test (macos-14)	Install Qt 6.8 Core Frameworks	2026-06-11T20:03:13.3410110Z INFO    : Found extension qtpdf
Build & Test (macos-14)	Install Qt 6.8 Core Frameworks	2026-06-11T20:03:14.2877450Z INFO    : Downloading qtbase...
Build & Test (macos-14)	Install Qt 6.8 Core Frameworks	2026-06-11T20:03:14.3174030Z INFO    : Downloading qt5compat...
Build & Test (macos-14)	Install Qt 6.8 Core Frameworks	2026-06-11T20:03:14.3417740Z INFO    : Downloading qtimageformats...
Build & Test (macos-14)	Install Qt 6.8 Core Frameworks	2026-06-11T20:03:14.3581410Z INFO    : Downloading qtshadertools...
Build & Test (macos-14)	Install Qt 6.8 Core Frameworks	2026-06-11T20:03:14.9745780Z INFO    : Redirected: qt.mirror.constant.com
Build & Test (macos-14)	Install Qt 6.8 Core Frameworks	2026-06-11T20:03:14.9992320Z INFO    : Redirected: qt.mirror.constant.com
Build & Test (macos-14)	Install Qt 6.8 Core Frameworks	2026-06-11T20:03:15.0461330Z INFO    : Redirected: qt.mirror.constant.com
Build & Test (macos-14)	Install Qt 6.8 Core Frameworks	2026-06-11T20:03:15.0547920Z INFO    : Redirected: qt.mirror.constant.com
Build & Test (macos-14)	Install Qt 6.8 Core Frameworks	2026-06-11T20:03:16.2136620Z INFO    : Finished installation of qtimageformats-MacOS-MacOS_14-Clang-MacOS-MacOS_14-X86_64-ARM64.7z in 2.58639546
Build & Test (macos-14)	Install Qt 6.8 Core Frameworks	2026-06-11T20:03:16.4833050Z INFO    : Finished installation of qt5compat-MacOS-MacOS_14-Clang-MacOS-MacOS_14-X86_64-ARM64.7z in 2.85426025
Build & Test (macos-14)	Install Qt 6.8 Core Frameworks	2026-06-11T20:03:16.8706700Z INFO    : Downloading qtdeclarative...
Build & Test (macos-14)	Install Qt 6.8 Core Frameworks	2026-06-11T20:03:17.1436080Z INFO    : Downloading qtsvg...
Build & Test (macos-14)	Install Qt 6.8 Core Frameworks	2026-06-11T20:03:17.5588470Z INFO    : Redirected: qt.mirror.constant.com
Build & Test (macos-14)	Install Qt 6.8 Core Frameworks	2026-06-11T20:03:17.8705850Z INFO    : Redirected: qt.mirror.constant.com
Build & Test (macos-14)	Install Qt 6.8 Core Frameworks	2026-06-11T20:03:18.3610170Z INFO    : Finished installation of qtshadertools-MacOS-MacOS_14-Clang-MacOS-MacOS_14-X86_64-ARM64.7z in 4.73417904
Build & Test (macos-14)	Install Qt 6.8 Core Frameworks	2026-06-11T20:03:19.0532130Z INFO    : Downloading qttools...
Build & Test (macos-14)	Install Qt 6.8 Core Frameworks	2026-06-11T20:03:19.5146830Z INFO    : Finished installation of qtsvg-MacOS-MacOS_14-Clang-MacOS-MacOS_14-X86_64-ARM64.7z in 3.02260700
Build & Test (macos-14)	Install Qt 6.8 Core Frameworks	2026-06-11T20:03:19.7470740Z INFO    : Redirected: qt.mirror.constant.com
Build & Test (macos-14)	Install Qt 6.8 Core Frameworks	2026-06-11T20:03:20.1759860Z INFO    : Downloading qttranslations...
Build & Test (macos-14)	Install Qt 6.8 Core Frameworks	2026-06-11T20:03:20.8294960Z INFO    : Redirected: qt.mirror.constant.com
Build & Test (macos-14)	Install Qt 6.8 Core Frameworks	2026-06-11T20:03:22.0139370Z INFO    : Finished installation of qttranslations-MacOS-MacOS_14-Clang-MacOS-MacOS_14-X86_64-ARM64.7z in 2.49017671
Build & Test (macos-14)	Install Qt 6.8 Core Frameworks	2026-06-11T20:03:38.9239020Z INFO    : Finished installation of qttools-MacOS-MacOS_14-Clang-MacOS-MacOS_14-X86_64-ARM64.7z in 20.53872846
Build & Test (macos-14)	Install Qt 6.8 Core Frameworks	2026-06-11T20:03:39.5949110Z INFO    : Finished installation of qtbase-MacOS-MacOS_14-Clang-MacOS-MacOS_14-X86_64-ARM64.7z in 25.95407133
Build & Test (macos-14)	Install Qt 6.8 Core Frameworks	2026-06-11T20:04:09.1570520Z INFO    : Finished installation of qtdeclarative-MacOS-MacOS_14-Clang-MacOS-MacOS_14-X86_64-ARM64.7z in 52.91415238
Build & Test (macos-14)	Install Qt 6.8 Core Frameworks	2026-06-11T20:04:09.4031020Z INFO    : Patching /Users/runner/work/NinjaLibrary/Qt/6.8.3/macos/bin/qmake
Build & Test (macos-14)	Install Qt 6.8 Core Frameworks	2026-06-11T20:04:09.4114710Z INFO    : Patching /Users/runner/work/NinjaLibrary/Qt/6.8.3/macos/lib/libQt6QmlLS.prl
Build & Test (macos-14)	Install Qt 6.8 Core Frameworks	2026-06-11T20:04:09.4119470Z INFO    : Patching /Users/runner/work/NinjaLibrary/Qt/6.8.3/macos/lib/libQt6FbSupport.prl
Build & Test (macos-14)	Install Qt 6.8 Core Frameworks	2026-06-11T20:04:09.4124600Z INFO    : Patching /Users/runner/work/NinjaLibrary/Qt/6.8.3/macos/lib/libQt6QmlDebug.prl
Build & Test (macos-14)	Install Qt 6.8 Core Frameworks	2026-06-11T20:04:09.4127240Z INFO    : Patching /Users/runner/work/NinjaLibrary/Qt/6.8.3/macos/lib/libQt6QmlTypeRegistrar.prl
Build & Test (macos-14)	Install Qt 6.8 Core Frameworks	2026-06-11T20:04:09.4129340Z INFO    : Patching /Users/runner/work/NinjaLibrary/Qt/6.8.3/macos/lib/libQt6QuickTestUtils.prl
Build & Test (macos-14)	Install Qt 6.8 Core Frameworks	2026-06-11T20:04:09.4132990Z INFO    : Patching /Users/runner/work/NinjaLibrary/Qt/6.8.3/macos/lib/libQt6ExampleIcons.prl
Build & Test (macos-14)	Install Qt 6.8 Core Frameworks	2026-06-11T20:04:09.4134990Z INFO    : Patching /Users/runner/work/NinjaLibrary/Qt/6.8.3/macos/lib/libQt6QuickControlsTestUtils.prl
Build & Test (macos-14)	Install Qt 6.8 Core Frameworks	2026-06-11T20:04:09.4136830Z INFO    : Patching /Users/runner/work/NinjaLibrary/Qt/6.8.3/macos/lib/libQt6DeviceDiscoverySupport.prl
Build & Test (macos-14)	Install Qt 6.8 Core Frameworks	2026-06-11T20:04:09.4139910Z INFO    : Patching /Users/runner/work/NinjaLibrary/Qt/6.8.3/macos/lib/libQt6QmlDom.prl
Build & Test (macos-14)	Install Qt 6.8 Core Frameworks	2026-06-11T20:04:09.4141930Z INFO    : Patching /Users/runner/work/NinjaLibrary/Qt/6.8.3/macos/lib/libQt6ExamplesAssetDownloader.prl
Build & Test (macos-14)	Install Qt 6.8 Core Frameworks	2026-06-11T20:04:09.4144300Z INFO    : Patching /Users/runner/work/NinjaLibrary/Qt/6.8.3/macos/lib/libQt6QmlAssetDownloader.prl
Build & Test (macos-14)	Install Qt 6.8 Core Frameworks	2026-06-11T20:04:09.4147400Z INFO    : Patching /Users/runner/work/NinjaLibrary/Qt/6.8.3/macos/lib/libQt6PacketProtocol.prl
Build & Test (macos-14)	Install Qt 6.8 Core Frameworks	2026-06-11T20:04:09.4149110Z INFO    : Patching /Users/runner/work/NinjaLibrary/Qt/6.8.3/macos/lib/libQt6QmlToolingSettings.prl
Build & Test (macos-14)	Install Qt 6.8 Core Frameworks	2026-06-11T20:04:09.4152260Z INFO    : Finished installation
Build & Test (macos-14)	Install Qt 6.8 Core Frameworks	2026-06-11T20:04:09.4152670Z INFO    : Time elapsed: 60.19480213 second
Build & Test (macos-14)	Install Qt 6.8 Core Frameworks	2026-06-11T20:04:09.4623070Z [command]/opt/homebrew/bin/gtar --posix -z -cf cache.tgz --exclude cache.tgz -P -C /Users/runner/work/NinjaLibrary/NinjaLibrary --files-from manifest.txt --delay-directory-restore
Build & Test (macos-14)	Install Qt 6.8 Core Frameworks	2026-06-11T20:06:19.0572720Z ##[warning]Failed to save: <h2>Our services aren't available right now</h2><p>We're working to restore all services as soon as possible. Please check back soon.</p>0OxUragAAAAD50KaJqqwTTK/EbR22j8epTEFYRURHRTE3MjAARWRnZQ==
Build & Test (macos-14)	Install Qt 6.8 Core Frameworks	2026-06-11T20:06:19.0627050Z Automatic cache saved with id -1
Build & Test (macos-14)	Configure CMake & Activate Profiling Code Coverage	﻿2026-06-11T20:06:19.1232850Z ##[group]Run cmake -B build -G Ninja \
Build & Test (macos-14)	Configure CMake & Activate Profiling Code Coverage	2026-06-11T20:06:19.1241590Z ^[[36;1mcmake -B build -G Ninja \^[[0m
Build & Test (macos-14)	Configure CMake & Activate Profiling Code Coverage	2026-06-11T20:06:19.1241810Z ^[[36;1m  -DCMAKE_BUILD_TYPE=Debug \^[[0m
Build & Test (macos-14)	Configure CMake & Activate Profiling Code Coverage	2026-06-11T20:06:19.1242060Z ^[[36;1m  -DENABLE_TESTING=ON \^[[0m
Build & Test (macos-14)	Configure CMake & Activate Profiling Code Coverage	2026-06-11T20:06:19.1242400Z ^[[36;1m  -DENABLE_COVERAGE=OFF^[[0m
Build & Test (macos-14)	Configure CMake & Activate Profiling Code Coverage	2026-06-11T20:06:19.1936590Z shell: /bin/bash -e {0}
Build & Test (macos-14)	Configure CMake & Activate Profiling Code Coverage	2026-06-11T20:06:19.1936820Z env:
Build & Test (macos-14)	Configure CMake & Activate Profiling Code Coverage	2026-06-11T20:06:19.1937120Z   pythonLocation: /Users/runner/hostedtoolcache/Python/3.11.9/arm64
Build & Test (macos-14)	Configure CMake & Activate Profiling Code Coverage	2026-06-11T20:06:19.1937700Z   PKG_CONFIG_PATH: /Users/runner/hostedtoolcache/Python/3.11.9/arm64/lib/pkgconfig:/Users/runner/work/NinjaLibrary/Qt/6.8.3/macos/lib/pkgconfig
Build & Test (macos-14)	Configure CMake & Activate Profiling Code Coverage	2026-06-11T20:06:19.1938300Z   Python_ROOT_DIR: /Users/runner/hostedtoolcache/Python/3.11.9/arm64
Build & Test (macos-14)	Configure CMake & Activate Profiling Code Coverage	2026-06-11T20:06:19.1938640Z   Python2_ROOT_DIR: /Users/runner/hostedtoolcache/Python/3.11.9/arm64
Build & Test (macos-14)	Configure CMake & Activate Profiling Code Coverage	2026-06-11T20:06:19.1939090Z   Python3_ROOT_DIR: /Users/runner/hostedtoolcache/Python/3.11.9/arm64
Build & Test (macos-14)	Configure CMake & Activate Profiling Code Coverage	2026-06-11T20:06:19.1939450Z   Qt6_DIR: /Users/runner/work/NinjaLibrary/Qt/6.8.3/macos
Build & Test (macos-14)	Configure CMake & Activate Profiling Code Coverage	2026-06-11T20:06:19.1939950Z   QT_PLUGIN_PATH: /Users/runner/work/NinjaLibrary/Qt/6.8.3/macos/plugins
Build & Test (macos-14)	Configure CMake & Activate Profiling Code Coverage	2026-06-11T20:06:19.1940440Z   QML2_IMPORT_PATH: /Users/runner/work/NinjaLibrary/Qt/6.8.3/macos/qml
Build & Test (macos-14)	Configure CMake & Activate Profiling Code Coverage	2026-06-11T20:06:19.1940820Z ##[endgroup]
Build & Test (macos-14)	Configure CMake & Activate Profiling Code Coverage	2026-06-11T20:06:20.8046550Z -- The CXX compiler identification is AppleClang 15.0.0.15000309
Build & Test (macos-14)	Configure CMake & Activate Profiling Code Coverage	2026-06-11T20:06:21.1896400Z -- Detecting CXX compiler ABI info
Build & Test (macos-14)	Configure CMake & Activate Profiling Code Coverage	2026-06-11T20:06:21.2980700Z -- Detecting CXX compiler ABI info - done
Build & Test (macos-14)	Configure CMake & Activate Profiling Code Coverage	2026-06-11T20:06:21.3313690Z -- Check for working CXX compiler: /usr/bin/c++ - skipped
Build & Test (macos-14)	Configure CMake & Activate Profiling Code Coverage	2026-06-11T20:06:21.3319290Z -- Detecting CXX compile features
Build & Test (macos-14)	Configure CMake & Activate Profiling Code Coverage	2026-06-11T20:06:21.3327510Z -- Detecting CXX compile features - done
Build & Test (macos-14)	Configure CMake & Activate Profiling Code Coverage	2026-06-11T20:06:21.4150120Z -- The OBJCXX compiler identification is AppleClang 15.0.0.15000309
Build & Test (macos-14)	Configure CMake & Activate Profiling Code Coverage	2026-06-11T20:06:21.4225450Z -- Detecting OBJCXX compiler ABI info
Build & Test (macos-14)	Configure CMake & Activate Profiling Code Coverage	2026-06-11T20:06:21.5253020Z -- Detecting OBJCXX compiler ABI info - done
Build & Test (macos-14)	Configure CMake & Activate Profiling Code Coverage	2026-06-11T20:06:21.5593250Z -- Check for working OBJCXX compiler: /usr/bin/c++ - skipped
Build & Test (macos-14)	Configure CMake & Activate Profiling Code Coverage	2026-06-11T20:06:21.6064370Z -- Performing Test CMAKE_HAVE_LIBC_PTHREAD
Build & Test (macos-14)	Configure CMake & Activate Profiling Code Coverage	2026-06-11T20:06:21.7598000Z -- Performing Test CMAKE_HAVE_LIBC_PTHREAD - Success
Build & Test (macos-14)	Configure CMake & Activate Profiling Code Coverage	2026-06-11T20:06:21.7856480Z -- Found Threads: TRUE
Build & Test (macos-14)	Configure CMake & Activate Profiling Code Coverage	2026-06-11T20:06:21.7899460Z -- Performing Test HAVE_STDATOMIC
Build & Test (macos-14)	Configure CMake & Activate Profiling Code Coverage	2026-06-11T20:06:22.1448990Z -- Performing Test HAVE_STDATOMIC - Success
Build & Test (macos-14)	Configure CMake & Activate Profiling Code Coverage	2026-06-11T20:06:22.1454830Z -- Found WrapAtomic: TRUE
Build & Test (macos-14)	Configure CMake & Activate Profiling Code Coverage	2026-06-11T20:06:22.4727110Z -- Found OpenGL: /Applications/Xcode_15.4.app/Contents/Developer/Platforms/MacOSX.platform/Developer/SDKs/MacOSX.sdk/System/Library/Frameworks/OpenGL.framework
Build & Test (macos-14)	Configure CMake & Activate Profiling Code Coverage	2026-06-11T20:06:22.4747390Z -- Found WrapOpenGL: TRUE
Build & Test (macos-14)	Configure CMake & Activate Profiling Code Coverage	2026-06-11T20:06:22.7192460Z -- macOS build: Using native PDFKit, AppKit, and Vision frameworks.
Build & Test (macos-14)	Configure CMake & Activate Profiling Code Coverage	2026-06-11T20:06:22.7520820Z CMake Warning at /Users/runner/work/NinjaLibrary/Qt/6.8.3/macos/lib/cmake/Qt6Qml/Qt6QmlMacros.cmake:1430 (message):
Build & Test (macos-14)	Configure CMake & Activate Profiling Code Coverage	2026-06-11T20:06:22.7522770Z   The Kaakao target is a QML module with target path Kaakao.  It uses an
Build & Test (macos-14)	Configure CMake & Activate Profiling Code Coverage	2026-06-11T20:06:22.7523340Z   OUTPUT_DIRECTORY of
Build & Test (macos-14)	Configure CMake & Activate Profiling Code Coverage	2026-06-11T20:06:22.7550310Z   /Users/runner/work/NinjaLibrary/NinjaLibrary/build/3rdparty/Kaakao/src,
Build & Test (macos-14)	Configure CMake & Activate Profiling Code Coverage	2026-06-11T20:06:22.7550830Z   which should end in the same target path, but doesn't.  Tooling such as
Build & Test (macos-14)	Configure CMake & Activate Profiling Code Coverage	2026-06-11T20:06:22.7551130Z   qmllint may not work correctly.
Build & Test (macos-14)	Configure CMake & Activate Profiling Code Coverage	2026-06-11T20:06:22.7551470Z Call Stack (most recent call first):
Build & Test (macos-14)	Configure CMake & Activate Profiling Code Coverage	2026-06-11T20:06:22.7552310Z   /Users/runner/work/NinjaLibrary/Qt/6.8.3/macos/lib/cmake/Qt6Qml/Qt6QmlMacros.cmake:3232 (_qt_internal_target_enable_qmllint)
Build & Test (macos-14)	Configure CMake & Activate Profiling Code Coverage	2026-06-11T20:06:22.7553150Z   /Users/runner/work/NinjaLibrary/Qt/6.8.3/macos/lib/cmake/Qt6Qml/Qt6QmlMacros.cmake:916 (qt6_target_qml_sources)
Build & Test (macos-14)	Configure CMake & Activate Profiling Code Coverage	2026-06-11T20:06:22.7553850Z   /Users/runner/work/NinjaLibrary/Qt/6.8.3/macos/lib/cmake/Qt6Qml/Qt6QmlMacros.cmake:1254 (qt6_add_qml_module)
Build & Test (macos-14)	Configure CMake & Activate Profiling Code Coverage	2026-06-11T20:06:22.7554350Z   3rdparty/Kaakao/src/CMakeLists.txt:3 (qt_add_qml_module)
Build & Test (macos-14)	Configure CMake & Activate Profiling Code Coverage	2026-06-11T20:06:22.7554610Z 
Build & Test (macos-14)	Configure CMake & Activate Profiling Code Coverage	2026-06-11T20:06:22.7554610Z 
Build & Test (macos-14)	Configure CMake & Activate Profiling Code Coverage	2026-06-11T20:06:22.8172600Z -- Building for native host architecture (BUILD_UNIVERSAL is OFF).
Build & Test (macos-14)	Configure CMake & Activate Profiling Code Coverage	2026-06-11T20:06:22.8241440Z CMake Warning at /Users/runner/work/NinjaLibrary/Qt/6.8.3/macos/lib/cmake/Qt6Qml/Qt6QmlMacros.cmake:1430 (message):
Build & Test (macos-14)	Configure CMake & Activate Profiling Code Coverage	2026-06-11T20:06:22.8242640Z   The NinjaLibrary target is a QML module with target path NinjaLibrary.  It
Build & Test (macos-14)	Configure CMake & Activate Profiling Code Coverage	2026-06-11T20:06:22.8243010Z   uses an OUTPUT_DIRECTORY of
Build & Test (macos-14)	Configure CMake & Activate Profiling Code Coverage	2026-06-11T20:06:22.8243320Z   /Users/runner/work/NinjaLibrary/NinjaLibrary/build, which should end in the
Build & Test (macos-14)	Configure CMake & Activate Profiling Code Coverage	2026-06-11T20:06:22.8243790Z   same target path, but doesn't.  Tooling such as qmllint may not work
Build & Test (macos-14)	Configure CMake & Activate Profiling Code Coverage	2026-06-11T20:06:22.8244220Z   correctly.
Build & Test (macos-14)	Configure CMake & Activate Profiling Code Coverage	2026-06-11T20:06:22.8244380Z Call Stack (most recent call first):
Build & Test (macos-14)	Configure CMake & Activate Profiling Code Coverage	2026-06-11T20:06:22.8245000Z   /Users/runner/work/NinjaLibrary/Qt/6.8.3/macos/lib/cmake/Qt6Qml/Qt6QmlMacros.cmake:3232 (_qt_internal_target_enable_qmllint)
Build & Test (macos-14)	Configure CMake & Activate Profiling Code Coverage	2026-06-11T20:06:22.8245650Z   /Users/runner/work/NinjaLibrary/Qt/6.8.3/macos/lib/cmake/Qt6Qml/Qt6QmlMacros.cmake:916 (qt6_target_qml_sources)
Build & Test (macos-14)	Configure CMake & Activate Profiling Code Coverage	2026-06-11T20:06:22.8246300Z   /Users/runner/work/NinjaLibrary/Qt/6.8.3/macos/lib/cmake/Qt6Qml/Qt6QmlMacros.cmake:1254 (qt6_add_qml_module)
Build & Test (macos-14)	Configure CMake & Activate Profiling Code Coverage	2026-06-11T20:06:22.8246760Z   CMakeLists.txt:112 (qt_add_qml_module)
Build & Test (macos-14)	Configure CMake & Activate Profiling Code Coverage	2026-06-11T20:06:22.8246940Z 
Build & Test (macos-14)	Configure CMake & Activate Profiling Code Coverage	2026-06-11T20:06:22.8246940Z 
Build & Test (macos-14)	Configure CMake & Activate Profiling Code Coverage	2026-06-11T20:06:22.8316050Z CMake Warning (dev) at /Users/runner/work/NinjaLibrary/Qt/6.8.3/macos/lib/cmake/Qt6Core/Qt6CoreMacros.cmake:3409 (message):
Build & Test (macos-14)	Configure CMake & Activate Profiling Code Coverage	2026-06-11T20:06:22.8316790Z   Qt policy QTP0004 is not set: You need qmldir files for each extra
Build & Test (macos-14)	Configure CMake & Activate Profiling Code Coverage	2026-06-11T20:06:22.8317220Z   directory that contains .qml files for your module.  Check
Build & Test (macos-14)	Configure CMake & Activate Profiling Code Coverage	2026-06-11T20:06:22.8317710Z   https://doc.qt.io/qt-6/qt-cmake-policy-qtp0004.html for policy details.
Build & Test (macos-14)	Configure CMake & Activate Profiling Code Coverage	2026-06-11T20:06:22.8318110Z   Use the qt_policy command to set the policy and suppress this warning.
Build & Test (macos-14)	Configure CMake & Activate Profiling Code Coverage	2026-06-11T20:06:22.8318380Z 
Build & Test (macos-14)	Configure CMake & Activate Profiling Code Coverage	2026-06-11T20:06:22.8318460Z Call Stack (most recent call first):
Build & Test (macos-14)	Configure CMake & Activate Profiling Code Coverage	2026-06-11T20:06:22.8318890Z   /Users/runner/work/NinjaLibrary/Qt/6.8.3/macos/lib/cmake/Qt6Qml/Qt6QmlMacros.cmake:3520 (__qt_internal_setup_policy)
Build & Test (macos-14)	Configure CMake & Activate Profiling Code Coverage	2026-06-11T20:06:22.8319590Z   /Users/runner/work/NinjaLibrary/Qt/6.8.3/macos/lib/cmake/Qt6Qml/Qt6QmlMacros.cmake:916 (qt6_target_qml_sources)
Build & Test (macos-14)	Configure CMake & Activate Profiling Code Coverage	2026-06-11T20:06:22.8320210Z   /Users/runner/work/NinjaLibrary/Qt/6.8.3/macos/lib/cmake/Qt6Qml/Qt6QmlMacros.cmake:1254 (qt6_add_qml_module)
Build & Test (macos-14)	Configure CMake & Activate Profiling Code Coverage	2026-06-11T20:06:22.8320730Z   CMakeLists.txt:112 (qt_add_qml_module)
Build & Test (macos-14)	Configure CMake & Activate Profiling Code Coverage	2026-06-11T20:06:22.8321060Z This warning is for project developers.  Use -Wno-dev to suppress it.
Build & Test (macos-14)	Configure CMake & Activate Profiling Code Coverage	2026-06-11T20:06:22.8321300Z 
Build & Test (macos-14)	Configure CMake & Activate Profiling Code Coverage	2026-06-11T20:06:23.1570960Z -- Configuring done (3.9s)
Build & Test (macos-14)	Configure CMake & Activate Profiling Code Coverage	2026-06-11T20:06:23.3627030Z -- Generating done (0.2s)
Build & Test (macos-14)	Configure CMake & Activate Profiling Code Coverage	2026-06-11T20:06:23.3634380Z -- Build files have been written to: /Users/runner/work/NinjaLibrary/NinjaLibrary/build
Build & Test (macos-14)	Compile Application & Test Binaries	﻿2026-06-11T20:06:23.3712660Z ##[group]Run cmake --build build
Build & Test (macos-14)	Compile Application & Test Binaries	2026-06-11T20:06:23.3713010Z ^[[36;1mcmake --build build^[[0m
Build & Test (macos-14)	Compile Application & Test Binaries	2026-06-11T20:06:23.3769090Z shell: /bin/bash -e {0}
Build & Test (macos-14)	Compile Application & Test Binaries	2026-06-11T20:06:23.3769390Z env:
Build & Test (macos-14)	Compile Application & Test Binaries	2026-06-11T20:06:23.3769650Z   pythonLocation: /Users/runner/hostedtoolcache/Python/3.11.9/arm64
Build & Test (macos-14)	Compile Application & Test Binaries	2026-06-11T20:06:23.3770310Z   PKG_CONFIG_PATH: /Users/runner/hostedtoolcache/Python/3.11.9/arm64/lib/pkgconfig:/Users/runner/work/NinjaLibrary/Qt/6.8.3/macos/lib/pkgconfig
Build & Test (macos-14)	Compile Application & Test Binaries	2026-06-11T20:06:23.3771000Z   Python_ROOT_DIR: /Users/runner/hostedtoolcache/Python/3.11.9/arm64
Build & Test (macos-14)	Compile Application & Test Binaries	2026-06-11T20:06:23.3771360Z   Python2_ROOT_DIR: /Users/runner/hostedtoolcache/Python/3.11.9/arm64
Build & Test (macos-14)	Compile Application & Test Binaries	2026-06-11T20:06:23.3771810Z   Python3_ROOT_DIR: /Users/runner/hostedtoolcache/Python/3.11.9/arm64
Build & Test (macos-14)	Compile Application & Test Binaries	2026-06-11T20:06:23.3772170Z   Qt6_DIR: /Users/runner/work/NinjaLibrary/Qt/6.8.3/macos
Build & Test (macos-14)	Compile Application & Test Binaries	2026-06-11T20:06:23.3772560Z   QT_PLUGIN_PATH: /Users/runner/work/NinjaLibrary/Qt/6.8.3/macos/plugins
Build & Test (macos-14)	Compile Application & Test Binaries	2026-06-11T20:06:23.3773040Z   QML2_IMPORT_PATH: /Users/runner/work/NinjaLibrary/Qt/6.8.3/macos/qml
Build & Test (macos-14)	Compile Application & Test Binaries	2026-06-11T20:06:23.3773400Z ##[endgroup]
Build & Test (macos-14)	Compile Application & Test Binaries	2026-06-11T20:06:23.4297410Z [1/114] Copying Kaakao qml resources into build dir
Build & Test (macos-14)	Compile Application & Test Binaries	2026-06-11T20:06:23.4400800Z [2/114] Copying NinjaLibrary qml sources into build dir
Build & Test (macos-14)	Compile Application & Test Binaries	2026-06-11T20:06:23.4507550Z [3/114] Copying Kaakao qml sources into build dir
Build & Test (macos-14)	Compile Application & Test Binaries	2026-06-11T20:06:23.4640170Z [4/114] Copying NinjaLibrary qml resources into build dir
Build & Test (macos-14)	Compile Application & Test Binaries	2026-06-11T20:06:23.4746900Z [5/114] Running qmlimportscanner for test_qml_ui
Build & Test (macos-14)	Compile Application & Test Binaries	2026-06-11T20:06:23.5192450Z [6/114] Automatic MOC and UIC for target Kaakao
Build & Test (macos-14)	Compile Application & Test Binaries	2026-06-11T20:06:23.5606320Z [7/114] Running qmlimportscanner for NinjaLibraryApp
Build & Test (macos-14)	Compile Application & Test Binaries	2026-06-11T20:06:23.5832560Z [8/114] Running AUTOMOC file extraction for target Kaakao
Build & Test (macos-14)	Compile Application & Test Binaries	2026-06-11T20:06:23.6049060Z [9/114] Running rcc for resource qmake_Kaakao
Build & Test (macos-14)	Compile Application & Test Binaries	2026-06-11T20:06:23.6055900Z [10/114] Running moc --collect-json for target Kaakao
Build & Test (macos-14)	Compile Application & Test Binaries	2026-06-11T20:06:23.6451280Z [11/114] Running rcc for resource Kaakao_raw_qml_0
Build & Test (macos-14)	Compile Application & Test Binaries	2026-06-11T20:06:23.6853680Z [12/114] Automatic QML type registration for target Kaakao
Build & Test (macos-14)	Compile Application & Test Binaries	2026-06-11T20:06:23.7181420Z [13/114] Building CXX object 3rdparty/Kaakao/src/CMakeFiles/Kaakao.dir/Kaakao_autogen/mocs_compilation.cpp.o
Build & Test (macos-14)	Compile Application & Test Binaries	2026-06-11T20:06:23.7685350Z [14/114] Building CXX object 3rdparty/Kaakao/src/CMakeFiles/Kaakao.dir/.qt/rcc/qrc_qmake_Kaakao.cpp.o
Build & Test (macos-14)	Compile Application & Test Binaries	2026-06-11T20:06:23.9439670Z [15/114] Building CXX object 3rdparty/Kaakao/src/CMakeFiles/Kaakao.dir/.qt/rcc/qrc_Kaakao_raw_qml_0.cpp.o
Build & Test (macos-14)	Compile Application & Test Binaries	2026-06-11T20:06:25.1398970Z [16/114] Automatic MOC and UIC for target test_database
Build & Test (macos-14)	Compile Application & Test Binaries	2026-06-11T20:06:26.0344890Z [17/114] Automatic MOC and UIC for target test_models
Build & Test (macos-14)	Compile Application & Test Binaries	2026-06-11T20:06:26.2552890Z [18/114] Automatic MOC and UIC for target test_workers
Build & Test (macos-14)	Compile Application & Test Binaries	2026-06-11T20:06:26.4973790Z [19/114] Building CXX object 3rdparty/Kaakao/src/CMakeFiles/Kaakao.dir/kaakao_qmltyperegistrations.cpp.o
Build & Test (macos-14)	Compile Application & Test Binaries	2026-06-11T20:06:26.7401670Z [20/114] Linking CXX shared library 3rdparty/Kaakao/src/libKaakao.dylib
Build & Test (macos-14)	Compile Application & Test Binaries	2026-06-11T20:06:27.2761470Z [21/114] Building CXX object tests/CMakeFiles/test_database.dir/test_database_autogen/mocs_compilation.cpp.o
Build & Test (macos-14)	Compile Application & Test Binaries	2026-06-11T20:06:27.8191200Z [22/114] Building CXX object tests/CMakeFiles/test_database.dir/unit/test_database.cpp.o
Build & Test (macos-14)	Compile Application & Test Binaries	2026-06-11T20:06:28.0907930Z [23/114] Automatic MOC and UIC for target Kaakaoplugin
Build & Test (macos-14)	Compile Application & Test Binaries	2026-06-11T20:06:28.1209090Z [24/114] Building CXX object 3rdparty/Kaakao/src/CMakeFiles/Kaakaoplugin.dir/Kaakaoplugin_autogen/mocs_compilation.cpp.o
Build & Test (macos-14)	Compile Application & Test Binaries	2026-06-11T20:06:28.4119010Z [25/114] Building CXX object tests/CMakeFiles/test_database.dir/__/src/database/DatabaseManager.cpp.o
Build & Test (macos-14)	Compile Application & Test Binaries	2026-06-11T20:06:28.6347000Z [26/114] Building CXX object tests/CMakeFiles/test_models.dir/test_models_autogen/mocs_compilation.cpp.o
Build & Test (macos-14)	Compile Application & Test Binaries	2026-06-11T20:06:29.4679420Z [27/114] Automatic MOC and UIC for target NinjaLibrary
Build & Test (macos-14)	Compile Application & Test Binaries	2026-06-11T20:06:29.4780560Z [28/114] Running AUTOMOC file extraction for target NinjaLibrary
Build & Test (macos-14)	Compile Application & Test Binaries	2026-06-11T20:06:29.4980340Z [29/114] Running moc --collect-json for target NinjaLibrary
Build & Test (macos-14)	Compile Application & Test Binaries	2026-06-11T20:06:29.5482070Z [30/114] Automatic QML type registration for target NinjaLibrary
Build & Test (macos-14)	Compile Application & Test Binaries	2026-06-11T20:06:29.5683170Z [31/114] Running rcc for resource qmake_NinjaLibrary
Build & Test (macos-14)	Compile Application & Test Binaries	2026-06-11T20:06:29.6084870Z [32/114] Generating .rcc/qmlcache/NinjaLibrary_qmlcache_loader.cpp
Build & Test (macos-14)	Compile Application & Test Binaries	2026-06-11T20:06:29.6892390Z [33/114] Building CXX object 3rdparty/Kaakao/src/CMakeFiles/Kaakaoplugin.dir/Kaakaoplugin_KaakaoPlugin.cpp.o
Build & Test (macos-14)	Compile Application & Test Binaries	2026-06-11T20:06:29.7696030Z [34/114] Generating .rcc/qmlcache/NinjaLibrary_src/views/AppMenuBar_qml.cpp, .rcc/qmlcache/NinjaLibrary_src/views/AppMenuBar_qml.cpp.aotstats
Build & Test (macos-14)	Compile Application & Test Binaries	2026-06-11T20:06:29.8498810Z [35/114] Generating .rcc/qmlcache/NinjaLibrary_src/views/ItemContextMenu_qml.cpp, .rcc/qmlcache/NinjaLibrary_src/views/ItemContextMenu_qml.cpp.aotstats
Build & Test (macos-14)	Compile Application & Test Binaries	2026-06-11T20:06:29.9100250Z [36/114] Generating .rcc/qmlcache/NinjaLibrary_src/views/DragOverlay_qml.cpp, .rcc/qmlcache/NinjaLibrary_src/views/DragOverlay_qml.cpp.aotstats
Build & Test (macos-14)	Compile Application & Test Binaries	2026-06-11T20:06:29.9501420Z [37/114] Generating .rcc/qmlcache/NinjaLibrary_src/views/MainWindow_qml.cpp, .rcc/qmlcache/NinjaLibrary_src/views/MainWindow_qml.cpp.aotstats
Build & Test (macos-14)	Compile Application & Test Binaries	2026-06-11T20:06:29.9903440Z [38/114] Generating .rcc/qmlcache/NinjaLibrary_src/components/DocumentCard_qml.cpp, .rcc/qmlcache/NinjaLibrary_src/components/DocumentCard_qml.cpp.aotstats
Build & Test (macos-14)	Compile Application & Test Binaries	2026-06-11T20:06:30.0204180Z [39/114] Generating .rcc/qmlcache/NinjaLibrary_src/components/TagPill_qml.cpp, .rcc/qmlcache/NinjaLibrary_src/components/TagPill_qml.cpp.aotstats
Build & Test (macos-14)	Compile Application & Test Binaries	2026-06-11T20:06:30.0805980Z [40/114] Generating .rcc/qmlcache/NinjaLibrary_src/components/LocalTableRowDelegate_qml.cpp, .rcc/qmlcache/NinjaLibrary_src/components/LocalTableRowDelegate_qml.cpp.aotstats
Build & Test (macos-14)	Compile Application & Test Binaries	2026-06-11T20:06:30.0906540Z [41/114] Generating .rcc/qmlcache/NinjaLibrary_src/components/DocumentPreview_qml.cpp, .rcc/qmlcache/NinjaLibrary_src/components/DocumentPreview_qml.cpp.aotstats
Build & Test (macos-14)	Compile Application & Test Binaries	2026-06-11T20:06:30.1408820Z [42/114] Generating .rcc/qmlcache/NinjaLibrary_src/components/ImagePreview_qml.cpp, .rcc/qmlcache/NinjaLibrary_src/components/ImagePreview_qml.cpp.aotstats
Build & Test (macos-14)	Compile Application & Test Binaries	2026-06-11T20:06:30.1817010Z [43/114] Generating .rcc/qmlcache/NinjaLibrary_src/views/GridCanvas_qml.cpp, .rcc/qmlcache/NinjaLibrary_src/views/GridCanvas_qml.cpp.aotstats
Build & Test (macos-14)	Compile Application & Test Binaries	2026-06-11T20:06:30.2326770Z [44/114] Generating .rcc/qmlcache/NinjaLibrary_src/views/TableCanvas_qml.cpp, .rcc/qmlcache/NinjaLibrary_src/views/TableCanvas_qml.cpp.aotstats
Build & Test (macos-14)	Compile Application & Test Binaries	2026-06-11T20:06:30.2427080Z [45/114] Generating .rcc/qmlcache/NinjaLibrary_src/panels/Sidebar_qml.cpp, .rcc/qmlcache/NinjaLibrary_src/panels/Sidebar_qml.cpp.aotstats
Build & Test (macos-14)	Compile Application & Test Binaries	2026-06-11T20:06:30.3330960Z [46/114] Generating .rcc/qmlcache/NinjaLibrary_src/panels/AboutDialog_qml.cpp, .rcc/qmlcache/NinjaLibrary_src/panels/AboutDialog_qml.cpp.aotstats
Build & Test (macos-14)	Compile Application & Test Binaries	2026-06-11T20:06:30.3733290Z [47/114] Building CXX object tests/CMakeFiles/test_models.dir/__/src/database/DatabaseManager.cpp.o
Build & Test (macos-14)	Compile Application & Test Binaries	2026-06-11T20:06:30.4135900Z [48/114] Generating .rcc/qmlcache/NinjaLibrary_src/panels/PreferencesDialog_qml.cpp, .rcc/qmlcache/NinjaLibrary_src/panels/PreferencesDialog_qml.cpp.aotstats
Build & Test (macos-14)	Compile Application & Test Binaries	2026-06-11T20:06:30.4238730Z [49/114] Running rcc for resource NinjaLibrary_raw_qml_0
Build & Test (macos-14)	Compile Application & Test Binaries	2026-06-11T20:06:30.4352520Z [50/114] Generating .rcc/qmlcache/NinjaLibrary_src/panels/Inspector_qml.cpp, .rcc/qmlcache/NinjaLibrary_src/panels/Inspector_qml.cpp.aotstats
Build & Test (macos-14)	Compile Application & Test Binaries	2026-06-11T20:06:30.6175700Z [51/114] Building CXX object tests/CMakeFiles/test_models.dir/unit/test_models.cpp.o
Build & Test (macos-14)	Compile Application & Test Binaries	2026-06-11T20:06:31.0389790Z [52/114] Building CXX object tests/CMakeFiles/test_models.dir/__/src/models/DocumentModel.cpp.o
Build & Test (macos-14)	Compile Application & Test Binaries	2026-06-11T20:06:31.0791120Z [53/114] Building CXX object CMakeFiles/NinjaLibrary.dir/build/.qt/rcc/qrc_qmake_NinjaLibrary.cpp.o
Build & Test (macos-14)	Compile Application & Test Binaries	2026-06-11T20:06:31.8336970Z [54/114] Building CXX object CMakeFiles/NinjaLibrary.dir/ninjalibrary_qmltyperegistrations.cpp.o
Build & Test (macos-14)	Compile Application & Test Binaries	2026-06-11T20:06:32.2155010Z [55/114] Building CXX object tests/CMakeFiles/test_workers.dir/test_workers_autogen/mocs_compilation.cpp.o
Build & Test (macos-14)	Compile Application & Test Binaries	2026-06-11T20:06:32.2556300Z [56/114] Building CXX object CMakeFiles/NinjaLibrary.dir/NinjaLibrary_autogen/mocs_compilation.cpp.o
Build & Test (macos-14)	Compile Application & Test Binaries	2026-06-11T20:06:32.4370270Z [57/114] Building CXX object tests/CMakeFiles/test_models.dir/__/src/models/ProxyFilter.cpp.o
Build & Test (macos-14)	Compile Application & Test Binaries	2026-06-11T20:06:33.3229320Z [58/114] Building CXX object CMakeFiles/NinjaLibrary.dir/src/controllers/LibraryController.cpp.o
Build & Test (macos-14)	Compile Application & Test Binaries	2026-06-11T20:06:33.4734240Z [59/114] Building CXX object CMakeFiles/NinjaLibrary.dir/src/database/DatabaseManager.cpp.o
Build & Test (macos-14)	Compile Application & Test Binaries	2026-06-11T20:06:34.2875900Z [60/114] Building CXX object CMakeFiles/NinjaLibrary.dir/src/models/DocumentModel.cpp.o
Build & Test (macos-14)	Compile Application & Test Binaries	2026-06-11T20:06:34.3277030Z [61/114] Building CXX object CMakeFiles/NinjaLibrary.dir/src/workers/ScannerTask.cpp.o
Build & Test (macos-14)	Compile Application & Test Binaries	2026-06-11T20:06:34.3579870Z [62/114] Building CXX object CMakeFiles/NinjaLibrary.dir/src/models/ProxyFilter.cpp.o
Build & Test (macos-14)	Compile Application & Test Binaries	2026-06-11T20:06:35.0121780Z [63/114] Building CXX object CMakeFiles/NinjaLibrary.dir/src/workers/ThumbnailTask.cpp.o
Build & Test (macos-14)	Compile Application & Test Binaries	2026-06-11T20:06:35.1770780Z [64/114] Building CXX object CMakeFiles/NinjaLibrary.dir/src/workers/OcrTask.cpp.o
Build & Test (macos-14)	Compile Application & Test Binaries	2026-06-11T20:06:35.5151640Z [65/114] Building CXX object CMakeFiles/NinjaLibrary.dir/src/utils/HashUtils.cpp.o
Build & Test (macos-14)	Compile Application & Test Binaries	2026-06-11T20:06:35.8564740Z [66/114] Building CXX object CMakeFiles/NinjaLibrary.dir/build/.rcc/qmlcache/NinjaLibrary_qmlcache_loader.cpp.o
Build & Test (macos-14)	Compile Application & Test Binaries	2026-06-11T20:06:35.9822420Z [67/114] Building CXX object CMakeFiles/NinjaLibrary.dir/build/.rcc/qmlcache/NinjaLibrary_src/views/MainWindow_qml.cpp.o
Build & Test (macos-14)	Compile Application & Test Binaries	2026-06-11T20:06:36.4766720Z [68/114] Building CXX object CMakeFiles/NinjaLibrary.dir/build/.rcc/qmlcache/NinjaLibrary_src/views/AppMenuBar_qml.cpp.o
Build & Test (macos-14)	Compile Application & Test Binaries	2026-06-11T20:06:36.6273760Z [69/114] Building CXX object CMakeFiles/NinjaLibrary.dir/build/.rcc/qmlcache/NinjaLibrary_src/views/ItemContextMenu_qml.cpp.o
Build & Test (macos-14)	Compile Application & Test Binaries	2026-06-11T20:06:37.2399640Z [70/114] Building CXX object CMakeFiles/NinjaLibrary.dir/build/.rcc/qmlcache/NinjaLibrary_src/views/DragOverlay_qml.cpp.o
Build & Test (macos-14)	Compile Application & Test Binaries	2026-06-11T20:06:37.7720840Z [71/114] Building CXX object CMakeFiles/NinjaLibrary.dir/build/.rcc/qmlcache/NinjaLibrary_src/components/DocumentCard_qml.cpp.o
Build & Test (macos-14)	Compile Application & Test Binaries	2026-06-11T20:06:37.8324590Z [72/114] Building CXX object CMakeFiles/NinjaLibrary.dir/build/.rcc/qmlcache/NinjaLibrary_src/components/TagPill_qml.cpp.o
Build & Test (macos-14)	Compile Application & Test Binaries	2026-06-11T20:06:38.5470680Z [73/114] Building CXX object CMakeFiles/NinjaLibrary.dir/build/.rcc/qmlcache/NinjaLibrary_src/components/DocumentPreview_qml.cpp.o
Build & Test (macos-14)	Compile Application & Test Binaries	2026-06-11T20:06:38.5671390Z [74/114] Building CXX object CMakeFiles/NinjaLibrary.dir/build/.rcc/qmlcache/NinjaLibrary_src/components/LocalTableRowDelegate_qml.cpp.o
Build & Test (macos-14)	Compile Application & Test Binaries	2026-06-11T20:06:38.9898090Z [75/114] Building CXX object CMakeFiles/NinjaLibrary.dir/build/.rcc/qmlcache/NinjaLibrary_src/components/ImagePreview_qml.cpp.o
Build & Test (macos-14)	Compile Application & Test Binaries	2026-06-11T20:06:39.4612320Z [76/114] Building CXX object CMakeFiles/NinjaLibrary.dir/build/.rcc/qmlcache/NinjaLibrary_src/views/GridCanvas_qml.cpp.o
Build & Test (macos-14)	Compile Application & Test Binaries	2026-06-11T20:06:39.5853060Z [77/114] Building CXX object CMakeFiles/NinjaLibrary.dir/build/.rcc/qmlcache/NinjaLibrary_src/views/TableCanvas_qml.cpp.o
Build & Test (macos-14)	Compile Application & Test Binaries	2026-06-11T20:06:39.6619320Z [78/114] Building CXX object CMakeFiles/NinjaLibrary.dir/build/.qt/rcc/qrc_NinjaLibrary_raw_qml_0.cpp.o
Build & Test (macos-14)	Compile Application & Test Binaries	2026-06-11T20:06:40.2554920Z [79/114] Building CXX object CMakeFiles/NinjaLibrary.dir/build/.rcc/qmlcache/NinjaLibrary_src/panels/Sidebar_qml.cpp.o
Build & Test (macos-14)	Compile Application & Test Binaries	2026-06-11T20:06:40.5063940Z [80/114] Building CXX object CMakeFiles/NinjaLibrary.dir/build/.rcc/qmlcache/NinjaLibrary_src/panels/Inspector_qml.cpp.o
Build & Test (macos-14)	Compile Application & Test Binaries	2026-06-11T20:06:40.6970960Z [81/114] Building CXX object CMakeFiles/NinjaLibrary.dir/build/.rcc/qmlcache/NinjaLibrary_src/panels/AboutDialog_qml.cpp.o
Build & Test (macos-14)	Compile Application & Test Binaries	2026-06-11T20:06:41.2188430Z [82/114] Building CXX object CMakeFiles/NinjaLibrary.dir/build/.rcc/qmlcache/NinjaLibrary_src/panels/PreferencesDialog_qml.cpp.o
Build & Test (macos-14)	Compile Application & Test Binaries	2026-06-11T20:06:41.7847340Z [83/114] Building OBJCXX object CMakeFiles/NinjaLibrary.dir/src/utils/MacBookmarks.mm.o
Build & Test (macos-14)	Compile Application & Test Binaries	2026-06-11T20:06:42.9943110Z [84/114] Building OBJCXX object CMakeFiles/NinjaLibrary.dir/src/utils/MacPdfUtils.mm.o
Build & Test (macos-14)	Compile Application & Test Binaries	2026-06-11T20:06:43.3053330Z [85/114] Building OBJCXX object CMakeFiles/NinjaLibrary.dir/src/utils/MacDocUtils.mm.o
Build & Test (macos-14)	Compile Application & Test Binaries	2026-06-11T20:06:43.6973660Z [86/114] Building CXX object tests/CMakeFiles/test_workers.dir/__/src/database/DatabaseManager.cpp.o
Build & Test (macos-14)	Compile Application & Test Binaries	2026-06-11T20:06:43.7776510Z [87/114] Building OBJCXX object CMakeFiles/NinjaLibrary.dir/src/utils/MacOcrUtils.mm.o
Build & Test (macos-14)	Compile Application & Test Binaries	2026-06-11T20:06:43.9283560Z [88/114] Linking CXX shared library libNinjaLibrary.dylib
Build & Test (macos-14)	Compile Application & Test Binaries	2026-06-11T20:06:43.9784890Z [89/114] Automatic MOC and UIC for target NinjaLibraryApp
Build & Test (macos-14)	Compile Application & Test Binaries	2026-06-11T20:06:44.4802470Z [90/114] Building CXX object tests/CMakeFiles/test_workers.dir/integration/test_workers.cpp.o
Build & Test (macos-14)	Compile Application & Test Binaries	2026-06-11T20:06:44.6213830Z [91/114] Automatic MOC and UIC for target NinjaLibraryplugin
Build & Test (macos-14)	Compile Application & Test Binaries	2026-06-11T20:06:44.6514860Z [92/114] Building CXX object CMakeFiles/NinjaLibraryApp.dir/NinjaLibraryApp_autogen/mocs_compilation.cpp.o
Build & Test (macos-14)	Compile Application & Test Binaries	2026-06-11T20:06:45.6757250Z [93/114] Automatic MOC and UIC for target test_qml_ui
Build & Test (macos-14)	Compile Application & Test Binaries	2026-06-11T20:06:45.7058460Z [94/114] Building CXX object CMakeFiles/NinjaLibraryplugin.dir/NinjaLibraryplugin_autogen/mocs_compilation.cpp.o
Build & Test (macos-14)	Compile Application & Test Binaries	2026-06-11T20:06:45.7860670Z [95/114] Building CXX object tests/CMakeFiles/test_workers.dir/__/src/workers/ScannerTask.cpp.o
Build & Test (macos-14)	Compile Application & Test Binaries	2026-06-11T20:06:45.9465790Z [96/114] Building CXX object tests/CMakeFiles/test_workers.dir/__/src/workers/OcrTask.cpp.o
Build & Test (macos-14)	Compile Application & Test Binaries	2026-06-11T20:06:45.9994670Z [97/114] Building CXX object tests/CMakeFiles/test_workers.dir/__/src/controllers/LibraryController.cpp.o
Build & Test (macos-14)	Compile Application & Test Binaries	2026-06-11T20:06:47.0724540Z [98/114] Building CXX object CMakeFiles/NinjaLibraryApp.dir/src/app/NinjaLibraryApp.cpp.o
Build & Test (macos-14)	Compile Application & Test Binaries	2026-06-11T20:06:47.2932100Z [99/114] Building CXX object CMakeFiles/NinjaLibraryplugin.dir/NinjaLibraryplugin_NinjaLibraryPlugin.cpp.o
Build & Test (macos-14)	Compile Application & Test Binaries	2026-06-11T20:06:47.3163130Z [100/114] Building CXX object tests/CMakeFiles/test_workers.dir/__/src/utils/HashUtils.cpp.o
Build & Test (macos-14)	Compile Application & Test Binaries	2026-06-11T20:06:47.7462180Z [101/114] Building CXX object tests/CMakeFiles/test_workers.dir/__/src/workers/ThumbnailTask.cpp.o
Build & Test (macos-14)	Compile Application & Test Binaries	2026-06-11T20:06:47.7790440Z [102/114] Building CXX object tests/CMakeFiles/test_qml_ui.dir/test_qml_ui_autogen/mocs_compilation.cpp.o
Build & Test (macos-14)	Compile Application & Test Binaries	2026-06-11T20:06:48.2795420Z [103/114] Building OBJCXX object tests/CMakeFiles/test_workers.dir/__/src/utils/MacPdfUtils.mm.o
Build & Test (macos-14)	Compile Application & Test Binaries	2026-06-11T20:06:48.4140850Z [104/114] Linking CXX executable NinjaLibrary.app/Contents/MacOS/NinjaLibrary
Build & Test (macos-14)	Compile Application & Test Binaries	2026-06-11T20:06:48.4550690Z [105/114] Linking CXX shared module libNinjaLibraryplugin.dylib
Build & Test (macos-14)	Compile Application & Test Binaries	2026-06-11T20:06:48.5060760Z [106/114] Linking CXX shared module 3rdparty/Kaakao/src/libKaakaoplugin.dylib
Build & Test (macos-14)	Compile Application & Test Binaries	2026-06-11T20:06:48.6379600Z [107/114] Linking CXX executable tests/test_database
Build & Test (macos-14)	Compile Application & Test Binaries	2026-06-11T20:06:48.7719020Z [108/114] Linking CXX executable tests/test_models
Build & Test (macos-14)	Compile Application & Test Binaries	2026-06-11T20:06:48.9422010Z [109/114] Building OBJCXX object tests/CMakeFiles/test_workers.dir/__/src/utils/MacBookmarks.mm.o
Build & Test (macos-14)	Compile Application & Test Binaries	2026-06-11T20:06:49.1335770Z [110/114] Building OBJCXX object tests/CMakeFiles/test_workers.dir/__/src/utils/MacDocUtils.mm.o
Build & Test (macos-14)	Compile Application & Test Binaries	2026-06-11T20:06:49.3822540Z [111/114] Building OBJCXX object tests/CMakeFiles/test_workers.dir/__/src/utils/MacOcrUtils.mm.o
Build & Test (macos-14)	Compile Application & Test Binaries	2026-06-11T20:06:49.4924070Z [112/114] Linking CXX executable tests/test_workers
Build & Test (macos-14)	Compile Application & Test Binaries	2026-06-11T20:06:50.0000690Z [113/114] Building CXX object tests/CMakeFiles/test_qml_ui.dir/qml/TestRunner.cpp.o
Build & Test (macos-14)	Compile Application & Test Binaries	2026-06-11T20:06:50.1035550Z [114/114] Linking CXX executable tests/test_qml_ui
Build & Test (macos-14)	Execute Automated Unit & Integration Tests (CTest)	﻿2026-06-11T20:06:50.1338320Z ##[group]Run cd build
Build & Test (macos-14)	Execute Automated Unit & Integration Tests (CTest)	2026-06-11T20:06:50.1338630Z ^[[36;1mcd build^[[0m
Build & Test (macos-14)	Execute Automated Unit & Integration Tests (CTest)	2026-06-11T20:06:50.1338820Z ^[[36;1mif [ "macos-14" = "ubuntu-24.04" ]; then^[[0m
Build & Test (macos-14)	Execute Automated Unit & Integration Tests (CTest)	2026-06-11T20:06:50.1339130Z ^[[36;1m  xvfb-run ctest --output-on-failure --parallel 4^[[0m
Build & Test (macos-14)	Execute Automated Unit & Integration Tests (CTest)	2026-06-11T20:06:50.1339480Z ^[[36;1melse^[[0m
Build & Test (macos-14)	Execute Automated Unit & Integration Tests (CTest)	2026-06-11T20:06:50.1339670Z ^[[36;1m  ctest --output-on-failure --parallel 4^[[0m
Build & Test (macos-14)	Execute Automated Unit & Integration Tests (CTest)	2026-06-11T20:06:50.1339980Z ^[[36;1mfi^[[0m
Build & Test (macos-14)	Execute Automated Unit & Integration Tests (CTest)	2026-06-11T20:06:50.1391130Z shell: /bin/bash -e {0}
Build & Test (macos-14)	Execute Automated Unit & Integration Tests (CTest)	2026-06-11T20:06:50.1391350Z env:
Build & Test (macos-14)	Execute Automated Unit & Integration Tests (CTest)	2026-06-11T20:06:50.1391590Z   pythonLocation: /Users/runner/hostedtoolcache/Python/3.11.9/arm64
Build & Test (macos-14)	Execute Automated Unit & Integration Tests (CTest)	2026-06-11T20:06:50.1392210Z   PKG_CONFIG_PATH: /Users/runner/hostedtoolcache/Python/3.11.9/arm64/lib/pkgconfig:/Users/runner/work/NinjaLibrary/Qt/6.8.3/macos/lib/pkgconfig
Build & Test (macos-14)	Execute Automated Unit & Integration Tests (CTest)	2026-06-11T20:06:50.1392770Z   Python_ROOT_DIR: /Users/runner/hostedtoolcache/Python/3.11.9/arm64
Build & Test (macos-14)	Execute Automated Unit & Integration Tests (CTest)	2026-06-11T20:06:50.1393190Z   Python2_ROOT_DIR: /Users/runner/hostedtoolcache/Python/3.11.9/arm64
Build & Test (macos-14)	Execute Automated Unit & Integration Tests (CTest)	2026-06-11T20:06:50.1393550Z   Python3_ROOT_DIR: /Users/runner/hostedtoolcache/Python/3.11.9/arm64
Build & Test (macos-14)	Execute Automated Unit & Integration Tests (CTest)	2026-06-11T20:06:50.1393950Z   Qt6_DIR: /Users/runner/work/NinjaLibrary/Qt/6.8.3/macos
Build & Test (macos-14)	Execute Automated Unit & Integration Tests (CTest)	2026-06-11T20:06:50.1394330Z   QT_PLUGIN_PATH: /Users/runner/work/NinjaLibrary/Qt/6.8.3/macos/plugins
Build & Test (macos-14)	Execute Automated Unit & Integration Tests (CTest)	2026-06-11T20:06:50.1394760Z   QML2_IMPORT_PATH: /Users/runner/work/NinjaLibrary/Qt/6.8.3/macos/qml
Build & Test (macos-14)	Execute Automated Unit & Integration Tests (CTest)	2026-06-11T20:06:50.1395100Z ##[endgroup]
Build & Test (macos-14)	Execute Automated Unit & Integration Tests (CTest)	2026-06-11T20:06:50.1999580Z Test project /Users/runner/work/NinjaLibrary/NinjaLibrary/build
Build & Test (macos-14)	Execute Automated Unit & Integration Tests (CTest)	2026-06-11T20:06:50.2017200Z     Start 1: test_database
Build & Test (macos-14)	Execute Automated Unit & Integration Tests (CTest)	2026-06-11T20:06:50.2021850Z     Start 2: test_models
Build & Test (macos-14)	Execute Automated Unit & Integration Tests (CTest)	2026-06-11T20:06:50.2025470Z     Start 3: test_workers
Build & Test (macos-14)	Execute Automated Unit & Integration Tests (CTest)	2026-06-11T20:06:50.2030960Z     Start 4: test_qml_ui
Build & Test (macos-14)	Execute Automated Unit & Integration Tests (CTest)	2026-06-11T20:06:50.5012670Z 1/4 Test #1: test_database ....................   Passed    0.30 sec
Build & Test (macos-14)	Execute Automated Unit & Integration Tests (CTest)	2026-06-11T20:06:50.6349790Z 2/4 Test #2: test_models ......................***Failed    0.43 sec
Build & Test (macos-14)	Execute Automated Unit & Integration Tests (CTest)	2026-06-11T20:06:50.6437380Z ********* Start testing of TestModels *********
Build & Test (macos-14)	Execute Automated Unit & Integration Tests (CTest)	2026-06-11T20:06:50.6438240Z Config: Using QtTest library 6.8.3, Qt 6.8.3 (arm64-little_endian-lp64 shared (dynamic) release build; by Apple LLVM 15.0.0 (clang-1500.3.9.4)), macos 14.8
Build & Test (macos-14)	Execute Automated Unit & Integration Tests (CTest)	2026-06-11T20:06:50.6439230Z FAIL!  : TestModels::initTestCase() 'query.exec("INSERT INTO tags (id, name) VALUES (1, 'work');")' returned FALSE. ()
Build & Test (macos-14)	Execute Automated Unit & Integration Tests (CTest)	2026-06-11T20:06:50.6439790Z    Loc: [/Users/runner/work/NinjaLibrary/NinjaLibrary/tests/unit/test_models.cpp(92)]
Build & Test (macos-14)	Execute Automated Unit & Integration Tests (CTest)	2026-06-11T20:06:50.6440180Z PASS   : TestModels::cleanupTestCase()
Build & Test (macos-14)	Execute Automated Unit & Integration Tests (CTest)	2026-06-11T20:06:50.6441000Z Totals: 1 passed, 1 failed, 0 skipped, 0 blacklisted, 4ms
Build & Test (macos-14)	Execute Automated Unit & Integration Tests (CTest)	2026-06-11T20:06:50.6441300Z ********* Finished testing of TestModels *********
Build & Test (macos-14)	Execute Automated Unit & Integration Tests (CTest)	2026-06-11T20:06:50.6441700Z 
Build & Test (macos-14)	Execute Automated Unit & Integration Tests (CTest)	2026-06-11T20:06:55.2906720Z 3/4 Test #3: test_workers .....................***Failed    5.09 sec
Build & Test (macos-14)	Execute Automated Unit & Integration Tests (CTest)	2026-06-11T20:06:55.2908460Z ********* Start testing of TestWorkers *********
Build & Test (macos-14)	Execute Automated Unit & Integration Tests (CTest)	2026-06-11T20:06:55.2909230Z Config: Using QtTest library 6.8.3, Qt 6.8.3 (arm64-little_endian-lp64 shared (dynamic) release build; by Apple LLVM 15.0.0 (clang-1500.3.9.4)), macos 14.8
Build & Test (macos-14)	Execute Automated Unit & Integration Tests (CTest)	2026-06-11T20:06:55.2909880Z PASS   : TestWorkers::initTestCase()
Build & Test (macos-14)	Execute Automated Unit & Integration Tests (CTest)	2026-06-11T20:06:55.2910680Z QDEBUG : TestWorkers::testIngestionAndOfflineDetection() Successfully resolved and started accessing security scoped bookmark for: "/private/var/folders/dq/2t71w9pd3jx50vh3kp15_dt40000gn/T/test_workers-ZiXwxH"
Build & Test (macos-14)	Execute Automated Unit & Integration Tests (CTest)	2026-06-11T20:06:55.2911540Z FAIL!  : TestWorkers::testIngestionAndOfflineDetection() Compared values are not the same
Build & Test (macos-14)	Execute Automated Unit & Integration Tests (CTest)	2026-06-11T20:06:55.2912020Z    Actual   (query.value(0).toString()): "/test/docs/fileA.pdf"
Build & Test (macos-14)	Execute Automated Unit & Integration Tests (CTest)	2026-06-11T20:06:55.2912540Z    Expected (filePath)                 : "/private/var/folders/dq/2t71w9pd3jx50vh3kp15_dt40000gn/T/test_workers-ZiXwxH/documentA.png"
Build & Test (macos-14)	Execute Automated Unit & Integration Tests (CTest)	2026-06-11T20:06:55.2913140Z    Loc: [/Users/runner/work/NinjaLibrary/NinjaLibrary/tests/integration/test_workers.cpp(126)]
Build & Test (macos-14)	Execute Automated Unit & Integration Tests (CTest)	2026-06-11T20:06:55.2913850Z QWARN  : TestWorkers::testPdfAndOcr() OcrUtils: Vision OCR error: "The image is too small in at least one dimension 2 x 2 (each dimension has to be more than 2 pixels)"
Build & Test (macos-14)	Execute Automated Unit & Integration Tests (CTest)	2026-06-11T20:06:55.2915300Z QWARN  : TestWorkers::testPdfAndOcr() OcrUtils: Vision request failed: "The image is too small in at least one dimension 2 x 2 (each dimension has to be more than 2 pixels)"
Build & Test (macos-14)	Execute Automated Unit & Integration Tests (CTest)	2026-06-11T20:06:55.2917270Z QDEBUG : TestWorkers::testPdfAndOcr() OcrTask: Rejecting OCR text for "/private/var/folders/dq/2t71w9pd3jx50vh3kp15_dt40000gn/T/test_workers-ZiXwxH/documentA.png" (text length: 0 , confidence: 0 , alpha-ratio: 0 )
Build & Test (macos-14)	Execute Automated Unit & Integration Tests (CTest)	2026-06-11T20:06:55.2919740Z QWARN  : TestWorkers::testPdfAndOcr() SandboxAccess: Failed to resolve bookmark: "The file doesn’t exist."
Build & Test (macos-14)	Execute Automated Unit & Integration Tests (CTest)	2026-06-11T20:06:55.2920650Z QWARN  : TestWorkers::testPdfAndOcr() ThumbnailTask: Failed to acquire security-scoped sandbox access for file: "/private/var/folders/dq/2t71w9pd3jx50vh3kp15_dt40000gn/T/test_workers-ZiXwxH/documentA.png"
Build & Test (macos-14)	Execute Automated Unit & Integration Tests (CTest)	2026-06-11T20:06:55.2921700Z QWARN  : TestWorkers::testPdfAndOcr() ThumbnailTask: Failed to generate thumbnail for "/private/var/folders/dq/2t71w9pd3jx50vh3kp15_dt40000gn/T/test_workers-ZiXwxH/documentA.png"
Build & Test (macos-14)	Execute Automated Unit & Integration Tests (CTest)	2026-06-11T20:06:55.2923000Z 2026-06-11 20:06:51.429 test_workers[5318:17218] CoreText note: Client requested name ".SFNS-Regular", it will get TimesNewRomanPSMT rather than the intended font. All system UI font access should be through proper APIs such as CTFontCreateUIFontForLanguage() or +[NSFont systemFontOfSize:].
Build & Test (macos-14)	Execute Automated Unit & Integration Tests (CTest)	2026-06-11T20:06:55.2924110Z 2026-06-11 20:06:51.429 test_workers[5318:17218] CoreText note: Set a breakpoint on CTFontLogSystemFontNameRequest to debug.
Build & Test (macos-14)	Execute Automated Unit & Integration Tests (CTest)	2026-06-11T20:06:55.2924600Z IOServiceMatchingfailed for: AppleM2ScalerCSCDriver
Build & Test (macos-14)	Execute Automated Unit & Integration Tests (CTest)	2026-06-11T20:06:55.2925180Z QDEBUG : TestWorkers::testPdfAndOcr() OCR extracted text: "This is a test PDF document for NinjaLibrary.\nThis is a test PDF document for NinjaLibrary."
Build & Test (macos-14)	Execute Automated Unit & Integration Tests (CTest)	2026-06-11T20:06:55.2925960Z QWARN  : TestWorkers::testPdfAndOcr() SandboxAccess: Failed to resolve bookmark: "The file doesn’t exist."
Build & Test (macos-14)	Execute Automated Unit & Integration Tests (CTest)	2026-06-11T20:06:55.2926760Z QWARN  : TestWorkers::testPdfAndOcr() ScannerTask: Failed to acquire security-scoped sandbox access for folder: "/private/var/folders/dq/2t71w9pd3jx50vh3kp15_dt40000gn/T/test_workers-ZiXwxH"
Build & Test (macos-14)	Execute Automated Unit & Integration Tests (CTest)	2026-06-11T20:06:55.2927620Z QWARN  : TestWorkers::testPdfAndOcr() Failed to remove active scan record: "database is locked Unable to fetch row"
Build & Test (macos-14)	Execute Automated Unit & Integration Tests (CTest)	2026-06-11T20:06:55.2928670Z 2026-06-11 20:06:54.591 test_workers[5318:17218] CoreText note: Client requested name ".SFNS-Regular", it will get TimesNewRomanPSMT rather than the intended font. All system UI font access should be through proper APIs such as CTFontCreateUIFontForLanguage() or +[NSFont systemFontOfSize:].
Build & Test (macos-14)	Execute Automated Unit & Integration Tests (CTest)	2026-06-11T20:06:55.2930120Z QWARN  : TestWorkers::testPdfAndOcr() ScannerTask: Failed to begin immediate transaction for modified document: "database is locked Unable to fetch row"
Build & Test (macos-14)	Execute Automated Unit & Integration Tests (CTest)	2026-06-11T20:06:55.2930670Z PASS   : TestWorkers::testPdfAndOcr()
Build & Test (macos-14)	Execute Automated Unit & Integration Tests (CTest)	2026-06-11T20:06:55.2931070Z QDEBUG : TestWorkers::testLibraryControllerAPIs() Released all security scoped bookmark accesses.
Build & Test (macos-14)	Execute Automated Unit & Integration Tests (CTest)	2026-06-11T20:06:55.2931740Z QWARN  : TestWorkers::testLibraryControllerAPIs() Failed to resolve security scoped bookmark: "The file doesn’t exist."
Build & Test (macos-14)	Execute Automated Unit & Integration Tests (CTest)	2026-06-11T20:06:55.2932620Z QDEBUG : TestWorkers::testLibraryControllerAPIs() Successfully resolved and started accessing security scoped bookmark for: "/private/var/folders/dq/2t71w9pd3jx50vh3kp15_dt40000gn/T/test_workers-eAQHuu"
Build & Test (macos-14)	Execute Automated Unit & Integration Tests (CTest)	2026-06-11T20:06:55.2933640Z QWARN  : TestWorkers::testLibraryControllerAPIs() OcrTask: Failed to load/render image for OCR: "/private/var/folders/dq/2t71w9pd3jx50vh3kp15_dt40000gn/T/test_workers-eAQHuu/image.jpg"
Build & Test (macos-14)	Execute Automated Unit & Integration Tests (CTest)	2026-06-11T20:06:55.2934640Z QWARN  : TestWorkers::testLibraryControllerAPIs() ThumbnailTask: Failed to generate thumbnail for "/private/var/folders/dq/2t71w9pd3jx50vh3kp15_dt40000gn/T/test_workers-eAQHuu/image.jpg"
Build & Test (macos-14)	Execute Automated Unit & Integration Tests (CTest)	2026-06-11T20:06:55.2935410Z QDEBUG : TestWorkers::testLibraryControllerAPIs() Released all security scoped bookmark accesses.
Build & Test (macos-14)	Execute Automated Unit & Integration Tests (CTest)	2026-06-11T20:06:55.2936090Z QWARN  : TestWorkers::testLibraryControllerAPIs() Failed to resolve security scoped bookmark: "The file doesn’t exist."
Build & Test (macos-14)	Execute Automated Unit & Integration Tests (CTest)	2026-06-11T20:06:55.2936970Z QDEBUG : TestWorkers::testLibraryControllerAPIs() Successfully resolved and started accessing security scoped bookmark for: "/private/var/folders/dq/2t71w9pd3jx50vh3kp15_dt40000gn/T/test_workers-eAQHuu"
Build & Test (macos-14)	Execute Automated Unit & Integration Tests (CTest)	2026-06-11T20:06:55.2938250Z QDEBUG : TestWorkers::testLibraryControllerAPIs() Successfully resolved and started accessing security scoped bookmark for: "/private/var/folders/dq/2t71w9pd3jx50vh3kp15_dt40000gn/T/test_workers-rVrxAK"
Build & Test (macos-14)	Execute Automated Unit & Integration Tests (CTest)	2026-06-11T20:06:55.2939060Z CoreGraphics PDF has logged an error. Set environment variable "CG_PDF_VERBOSE" to learn more.
Build & Test (macos-14)	Execute Automated Unit & Integration Tests (CTest)	2026-06-11T20:06:55.2939830Z QWARN  : TestWorkers::testLibraryControllerAPIs() OcrTask: Failed to load/render image for OCR: "/private/var/folders/dq/2t71w9pd3jx50vh3kp15_dt40000gn/T/test_workers-rVrxAK/new_document.pdf"
Build & Test (macos-14)	Execute Automated Unit & Integration Tests (CTest)	2026-06-11T20:06:55.2940870Z QWARN  : TestWorkers::testLibraryControllerAPIs() ThumbnailTask: Failed to generate thumbnail for "/private/var/folders/dq/2t71w9pd3jx50vh3kp15_dt40000gn/T/test_workers-rVrxAK/new_document.pdf"
Build & Test (macos-14)	Execute Automated Unit & Integration Tests (CTest)	2026-06-11T20:06:55.2941660Z QDEBUG : TestWorkers::testLibraryControllerAPIs() Released all security scoped bookmark accesses.
Build & Test (macos-14)	Execute Automated Unit & Integration Tests (CTest)	2026-06-11T20:06:55.2942340Z QWARN  : TestWorkers::testLibraryControllerAPIs() Failed to resolve security scoped bookmark: "The file doesn’t exist."
Build & Test (macos-14)	Execute Automated Unit & Integration Tests (CTest)	2026-06-11T20:06:55.2943210Z QDEBUG : TestWorkers::testLibraryControllerAPIs() Successfully resolved and started accessing security scoped bookmark for: "/private/var/folders/dq/2t71w9pd3jx50vh3kp15_dt40000gn/T/test_workers-eAQHuu"
Build & Test (macos-14)	Execute Automated Unit & Integration Tests (CTest)	2026-06-11T20:06:55.2944030Z QDEBUG : TestWorkers::testLibraryControllerAPIs() Released all security scoped bookmark accesses.
Build & Test (macos-14)	Execute Automated Unit & Integration Tests (CTest)	2026-06-11T20:06:55.2944670Z QWARN  : TestWorkers::testLibraryControllerAPIs() Failed to resolve security scoped bookmark: "The file doesn’t exist."
Build & Test (macos-14)	Execute Automated Unit & Integration Tests (CTest)	2026-06-11T20:06:55.2945380Z QDEBUG : TestWorkers::testLibraryControllerAPIs() Released all security scoped bookmark accesses.
Build & Test (macos-14)	Execute Automated Unit & Integration Tests (CTest)	2026-06-11T20:06:55.2946040Z QWARN  : TestWorkers::testLibraryControllerAPIs() Failed to resolve security scoped bookmark: "The file doesn’t exist."
Build & Test (macos-14)	Execute Automated Unit & Integration Tests (CTest)	2026-06-11T20:06:55.2946930Z QDEBUG : TestWorkers::testLibraryControllerAPIs() Successfully resolved and started accessing security scoped bookmark for: "/private/var/folders/dq/2t71w9pd3jx50vh3kp15_dt40000gn/T/test_workers-UwHMqm/subFolder"
Build & Test (macos-14)	Execute Automated Unit & Integration Tests (CTest)	2026-06-11T20:06:55.2947790Z QDEBUG : TestWorkers::testLibraryControllerAPIs() Released all security scoped bookmark accesses.
Build & Test (macos-14)	Execute Automated Unit & Integration Tests (CTest)	2026-06-11T20:06:55.2948430Z QWARN  : TestWorkers::testLibraryControllerAPIs() Failed to resolve security scoped bookmark: "The file doesn’t exist."
Build & Test (macos-14)	Execute Automated Unit & Integration Tests (CTest)	2026-06-11T20:06:55.2949190Z QDEBUG : TestWorkers::testLibraryControllerAPIs() Released all security scoped bookmark accesses.
Build & Test (macos-14)	Execute Automated Unit & Integration Tests (CTest)	2026-06-11T20:06:55.2949840Z QWARN  : TestWorkers::testLibraryControllerAPIs() Failed to resolve security scoped bookmark: "The file doesn’t exist."
Build & Test (macos-14)	Execute Automated Unit & Integration Tests (CTest)	2026-06-11T20:06:55.2950700Z QDEBUG : TestWorkers::testLibraryControllerAPIs() Successfully resolved and started accessing security scoped bookmark for: "/private/var/folders/dq/2t71w9pd3jx50vh3kp15_dt40000gn/T/test_workers-UwHMqm"
Build & Test (macos-14)	Execute Automated Unit & Integration Tests (CTest)	2026-06-11T20:06:55.2951510Z QDEBUG : TestWorkers::testLibraryControllerAPIs() Released all security scoped bookmark accesses.
Build & Test (macos-14)	Execute Automated Unit & Integration Tests (CTest)	2026-06-11T20:06:55.2952180Z QWARN  : TestWorkers::testLibraryControllerAPIs() Failed to resolve security scoped bookmark: "The file doesn’t exist."
Build & Test (macos-14)	Execute Automated Unit & Integration Tests (CTest)	2026-06-11T20:06:55.2952760Z QDEBUG : TestWorkers::testLibraryControllerAPIs() Released all security scoped bookmark accesses.
Build & Test (macos-14)	Execute Automated Unit & Integration Tests (CTest)	2026-06-11T20:06:55.2953410Z QWARN  : TestWorkers::testLibraryControllerAPIs() Failed to resolve security scoped bookmark: "The file doesn’t exist."
Build & Test (macos-14)	Execute Automated Unit & Integration Tests (CTest)	2026-06-11T20:06:55.2954270Z QDEBUG : TestWorkers::testLibraryControllerAPIs() Successfully resolved and started accessing security scoped bookmark for: "/private/var/folders/dq/2t71w9pd3jx50vh3kp15_dt40000gn/T/test_workers-ASkcXq"
Build & Test (macos-14)	Execute Automated Unit & Integration Tests (CTest)	2026-06-11T20:06:55.2955080Z QDEBUG : TestWorkers::testLibraryControllerAPIs() Released all security scoped bookmark accesses.
Build & Test (macos-14)	Execute Automated Unit & Integration Tests (CTest)	2026-06-11T20:06:55.2955710Z QWARN  : TestWorkers::testLibraryControllerAPIs() Failed to resolve security scoped bookmark: "The file doesn’t exist."
Build & Test (macos-14)	Execute Automated Unit & Integration Tests (CTest)	2026-06-11T20:06:55.2956390Z PASS   : TestWorkers::testLibraryControllerAPIs()
Build & Test (macos-14)	Execute Automated Unit & Integration Tests (CTest)	2026-06-11T20:06:55.2956680Z PASS   : TestWorkers::testTextAndDocIngestion()
Build & Test (macos-14)	Execute Automated Unit & Integration Tests (CTest)	2026-06-11T20:06:55.2957250Z QWARN  : TestWorkers::testMacBookmarksAndEdgeCases() Failed to create security scoped bookmark: "The file “tmp” couldn’t be opened."
Build & Test (macos-14)	Execute Automated Unit & Integration Tests (CTest)	2026-06-11T20:06:55.2958140Z QWARN  : TestWorkers::testMacBookmarksAndEdgeCases() Failed to resolve security scoped bookmark: "The file couldn’t be opened because it isn’t in the correct format."
Build & Test (macos-14)	Execute Automated Unit & Integration Tests (CTest)	2026-06-11T20:06:55.2958740Z PASS   : TestWorkers::testMacBookmarksAndEdgeCases()
Build & Test (macos-14)	Execute Automated Unit & Integration Tests (CTest)	2026-06-11T20:06:55.2959660Z QDEBUG : TestWorkers::testOcrNonsenseRejection() OcrTask: Rejecting OCR text for "/private/var/folders/dq/2t71w9pd3jx50vh3kp15_dt40000gn/T/test_workers-ePoYbV/blank.jpg" (text length: 0 , confidence: 0 , alpha-ratio: 0 )
Build & Test (macos-14)	Execute Automated Unit & Integration Tests (CTest)	2026-06-11T20:06:55.2960510Z QDEBUG : TestWorkers::testOcrNonsenseRejection() Extracted OCR text from image: "NINJA OCR WORKED"
Build & Test (macos-14)	Execute Automated Unit & Integration Tests (CTest)	2026-06-11T20:06:55.2960930Z PASS   : TestWorkers::testOcrNonsenseRejection()
Build & Test (macos-14)	Execute Automated Unit & Integration Tests (CTest)	2026-06-11T20:06:55.2961470Z QDEBUG : TestWorkers::testPackageDirectorySkipping() Ingested filenames: QList("valid_doc.txt")
Build & Test (macos-14)	Execute Automated Unit & Integration Tests (CTest)	2026-06-11T20:06:55.2961920Z PASS   : TestWorkers::testPackageDirectorySkipping()
Build & Test (macos-14)	Execute Automated Unit & Integration Tests (CTest)	2026-06-11T20:06:55.2962250Z PASS   : TestWorkers::testImageThumbnailAndOcrWithExif()
Build & Test (macos-14)	Execute Automated Unit & Integration Tests (CTest)	2026-06-11T20:06:55.2962910Z QDEBUG : TestWorkers::testSubdirectoryDeletionDetection() Released all security scoped bookmark accesses.
Build & Test (macos-14)	Execute Automated Unit & Integration Tests (CTest)	2026-06-11T20:06:55.2963820Z QDEBUG : TestWorkers::testSubdirectoryDeletionDetection() Successfully resolved and started accessing security scoped bookmark for: "/private/var/folders/dq/2t71w9pd3jx50vh3kp15_dt40000gn/T/test_workers-yqgcPu"
Build & Test (macos-14)	Execute Automated Unit & Integration Tests (CTest)	2026-06-11T20:06:55.2964890Z QWARN  : TestWorkers::testSubdirectoryDeletionDetection() OcrUtils: Vision OCR error: "The image is too small in at least one dimension 2 x 2 (each dimension has to be more than 2 pixels)"
Build & Test (macos-14)	Execute Automated Unit & Integration Tests (CTest)	2026-06-11T20:06:55.2965890Z QWARN  : TestWorkers::testSubdirectoryDeletionDetection() OcrUtils: Vision request failed: "The image is too small in at least one dimension 2 x 2 (each dimension has to be more than 2 pixels)"
Build & Test (macos-14)	Execute Automated Unit & Integration Tests (CTest)	2026-06-11T20:06:55.2967080Z QDEBUG : TestWorkers::testSubdirectoryDeletionDetection() OcrTask: Rejecting OCR text for "/private/var/folders/dq/2t71w9pd3jx50vh3kp15_dt40000gn/T/test_workers-yqgcPu/Subdir/subdocument.png" (text length: 0 , confidence: 0 , alpha-ratio: 0 )
Build & Test (macos-14)	Execute Automated Unit & Integration Tests (CTest)	2026-06-11T20:06:55.2968040Z QDEBUG : TestWorkers::testSubdirectoryDeletionDetection() Released all security scoped bookmark accesses.
Build & Test (macos-14)	Execute Automated Unit & Integration Tests (CTest)	2026-06-11T20:06:55.2968810Z PASS   : TestWorkers::testSubdirectoryDeletionDetection()
Build & Test (macos-14)	Execute Automated Unit & Integration Tests (CTest)	2026-06-11T20:06:55.2969110Z PASS   : TestWorkers::cleanupTestCase()
Build & Test (macos-14)	Execute Automated Unit & Integration Tests (CTest)	2026-06-11T20:06:55.2969390Z Totals: 10 passed, 1 failed, 0 skipped, 0 blacklisted, 4655ms
Build & Test (macos-14)	Execute Automated Unit & Integration Tests (CTest)	2026-06-11T20:06:55.2969690Z ********* Finished testing of TestWorkers *********
Build & Test (macos-14)	Execute Automated Unit & Integration Tests (CTest)	2026-06-11T20:06:55.2969870Z 
Build & Test (macos-14)	Execute Automated Unit & Integration Tests (CTest)	2026-06-11T20:07:02.6701330Z 4/4 Test #4: test_qml_ui ......................***Failed   12.46 sec
Build & Test (macos-14)	Execute Automated Unit & Integration Tests (CTest)	2026-06-11T20:07:02.6734770Z ********* Start testing of test_qml_ui *********
Build & Test (macos-14)	Execute Automated Unit & Integration Tests (CTest)	2026-06-11T20:07:02.6735680Z Config: Using QtTest library 6.8.3, Qt 6.8.3 (arm64-little_endian-lp64 shared (dynamic) release build; by Apple LLVM 15.0.0 (clang-1500.3.9.4)), macos 14.8
Build & Test (macos-14)	Execute Automated Unit & Integration Tests (CTest)	2026-06-11T20:07:02.6736390Z PASS   : test_qml_ui::ComponentTests::initTestCase()
Build & Test (macos-14)	Execute Automated Unit & Integration Tests (CTest)	2026-06-11T20:07:02.6736890Z FAIL!  : test_qml_ui::ComponentTests::test_document_card() Card background color should match selection theme color
Build & Test (macos-14)	Execute Automated Unit & Integration Tests (CTest)	2026-06-11T20:07:02.6737330Z    Actual   (): #f1f8ff
Build & Test (macos-14)	Execute Automated Unit & Integration Tests (CTest)	2026-06-11T20:07:02.6737510Z    Expected (): #e1f0ff
Build & Test (macos-14)	Execute Automated Unit & Integration Tests (CTest)	2026-06-11T20:07:02.6737830Z    Loc: [/Users/runner/work/NinjaLibrary/NinjaLibrary/tests/qml/tst_components.qml(72)]
Build & Test (macos-14)	Execute Automated Unit & Integration Tests (CTest)	2026-06-11T20:07:02.6738260Z PASS   : test_qml_ui::ComponentTests::test_tag_pill()
Build & Test (macos-14)	Execute Automated Unit & Integration Tests (CTest)	2026-06-11T20:07:02.6738560Z PASS   : test_qml_ui::ComponentTests::cleanupTestCase()
Build & Test (macos-14)	Execute Automated Unit & Integration Tests (CTest)	2026-06-11T20:07:02.6738850Z PASS   : test_qml_ui::DialogTests::initTestCase()
Build & Test (macos-14)	Execute Automated Unit & Integration Tests (CTest)	2026-06-11T20:07:02.6739130Z PASS   : test_qml_ui::DialogTests::test_about_dialog()
Build & Test (macos-14)	Execute Automated Unit & Integration Tests (CTest)	2026-06-11T20:07:02.6739450Z PASS   : test_qml_ui::DialogTests::test_preferences_dialog()
Build & Test (macos-14)	Execute Automated Unit & Integration Tests (CTest)	2026-06-11T20:07:02.6740460Z PASS   : test_qml_ui::DialogTests::cleanupTestCase()
Build & Test (macos-14)	Execute Automated Unit & Integration Tests (CTest)	2026-06-11T20:07:02.6740890Z PASS   : test_qml_ui::MainWindowTests::initTestCase()
Build & Test (macos-14)	Execute Automated Unit & Integration Tests (CTest)	2026-06-11T20:07:02.6741260Z PASS   : test_qml_ui::MainWindowTests::test_copy_path_and_folder_double_click()
Build & Test (macos-14)	Execute Automated Unit & Integration Tests (CTest)	2026-06-11T20:07:02.6741730Z PASS   : test_qml_ui::MainWindowTests::test_drag_and_drop_mechanism()
Build & Test (macos-14)	Execute Automated Unit & Integration Tests (CTest)	2026-06-11T20:07:02.6742110Z PASS   : test_qml_ui::MainWindowTests::test_enter_key_to_open_document()
Build & Test (macos-14)	Execute Automated Unit & Integration Tests (CTest)	2026-06-11T20:07:02.6742530Z PASS   : test_qml_ui::MainWindowTests::test_escape_shortcut_and_status_bar()
Build & Test (macos-14)	Execute Automated Unit & Integration Tests (CTest)	2026-06-11T20:07:02.6742980Z PASS   : test_qml_ui::MainWindowTests::test_folder_addition_clears_search_and_resets_scope()
Build & Test (macos-14)	Execute Automated Unit & Integration Tests (CTest)	2026-06-11T20:07:02.6743520Z QDEBUG : test_qml_ui::MainWindowTests::test_grid_canvas_key_navigation() qml: DEBUG: proxyFilter rowCount = 3
Build & Test (macos-14)	Execute Automated Unit & Integration Tests (CTest)	2026-06-11T20:07:02.6744110Z QDEBUG : test_qml_ui::MainWindowTests::test_grid_canvas_key_navigation() qml: DEBUG: innerGridView.count = 3
Build & Test (macos-14)	Execute Automated Unit & Integration Tests (CTest)	2026-06-11T20:07:02.6744760Z QDEBUG : test_qml_ui::MainWindowTests::test_grid_canvas_key_navigation() qml: DEBUG: innerGridView.model = MockProxyFilter(0x600003751b00)
Build & Test (macos-14)	Execute Automated Unit & Integration Tests (CTest)	2026-06-11T20:07:02.6745420Z QDEBUG : test_qml_ui::MainWindowTests::test_grid_canvas_key_navigation() qml: DEBUG: innerGridView.width = 560
Build & Test (macos-14)	Execute Automated Unit & Integration Tests (CTest)	2026-06-11T20:07:02.6745900Z PASS   : test_qml_ui::MainWindowTests::test_grid_canvas_key_navigation()
Build & Test (macos-14)	Execute Automated Unit & Integration Tests (CTest)	2026-06-11T20:07:02.6746300Z PASS   : test_qml_ui::MainWindowTests::test_inspector_notes_auto_save()
Build & Test (macos-14)	Execute Automated Unit & Integration Tests (CTest)	2026-06-11T20:07:02.6746690Z PASS   : test_qml_ui::MainWindowTests::test_inspector_tag_reactivity()
Build & Test (macos-14)	Execute Automated Unit & Integration Tests (CTest)	2026-06-11T20:07:02.6747060Z PASS   : test_qml_ui::MainWindowTests::test_inspector_toggling()
Build & Test (macos-14)	Execute Automated Unit & Integration Tests (CTest)	2026-06-11T20:07:02.6747460Z PASS   : test_qml_ui::MainWindowTests::test_menu_bar_structure_and_actions()
Build & Test (macos-14)	Execute Automated Unit & Integration Tests (CTest)	2026-06-11T20:07:02.6747870Z PASS   : test_qml_ui::MainWindowTests::test_move_to_trash_context_menu_and_dialog()
Build & Test (macos-14)	Execute Automated Unit & Integration Tests (CTest)	2026-06-11T20:07:02.6748290Z PASS   : test_qml_ui::MainWindowTests::test_scanning_progress_indicator()
Build & Test (macos-14)	Execute Automated Unit & Integration Tests (CTest)	2026-06-11T20:07:02.6748680Z PASS   : test_qml_ui::MainWindowTests::test_sidebar_click_tag_and_folder()
Build & Test (macos-14)	Execute Automated Unit & Integration Tests (CTest)	2026-06-11T20:07:02.6749090Z PASS   : test_qml_ui::MainWindowTests::test_sidebar_folder_context_menu_rescan()
Build & Test (macos-14)	Execute Automated Unit & Integration Tests (CTest)	2026-06-11T20:07:02.6749490Z PASS   : test_qml_ui::MainWindowTests::test_sidebar_selection_resets_state()
Build & Test (macos-14)	Execute Automated Unit & Integration Tests (CTest)	2026-06-11T20:07:02.6749970Z PASS   : test_qml_ui::MainWindowTests::test_subfolder_navigation_and_view_modes()
Build & Test (macos-14)	Execute Automated Unit & Integration Tests (CTest)	2026-06-11T20:07:02.6751330Z PASS   : test_qml_ui::MainWindowTests::test_toolbar_button_properties()
Build & Test (macos-14)	Execute Automated Unit & Integration Tests (CTest)	2026-06-11T20:07:02.6751700Z PASS   : test_qml_ui::MainWindowTests::cleanupTestCase()
Build & Test (macos-14)	Execute Automated Unit & Integration Tests (CTest)	2026-06-11T20:07:02.6751990Z PASS   : test_qml_ui::TableViewTests::initTestCase()
Build & Test (macos-14)	Execute Automated Unit & Integration Tests (CTest)	2026-06-11T20:07:02.6752330Z PASS   : test_qml_ui::TableViewTests::test_table_view_click_selection()
Build & Test (macos-14)	Execute Automated Unit & Integration Tests (CTest)	2026-06-11T20:07:02.6752760Z PASS   : test_qml_ui::TableViewTests::test_table_view_different_rows()
Build & Test (macos-14)	Execute Automated Unit & Integration Tests (CTest)	2026-06-11T20:07:02.6753130Z PASS   : test_qml_ui::TableViewTests::test_table_view_offline_color()
Build & Test (macos-14)	Execute Automated Unit & Integration Tests (CTest)	2026-06-11T20:07:02.6753490Z PASS   : test_qml_ui::TableViewTests::test_table_view_sorting()
Build & Test (macos-14)	Execute Automated Unit & Integration Tests (CTest)	2026-06-11T20:07:02.6753810Z PASS   : test_qml_ui::TableViewTests::cleanupTestCase()
Build & Test (macos-14)	Execute Automated Unit & Integration Tests (CTest)	2026-06-11T20:07:02.6754140Z Totals: 32 passed, 1 failed, 0 skipped, 0 blacklisted, 11045ms
Build & Test (macos-14)	Execute Automated Unit & Integration Tests (CTest)	2026-06-11T20:07:02.6754430Z ********* Finished testing of test_qml_ui *********
Build & Test (macos-14)	Execute Automated Unit & Integration Tests (CTest)	2026-06-11T20:07:02.6754620Z 
Build & Test (macos-14)	Execute Automated Unit & Integration Tests (CTest)	2026-06-11T20:07:02.6884710Z 
Build & Test (macos-14)	Execute Automated Unit & Integration Tests (CTest)	2026-06-11T20:07:02.6885060Z 25% tests passed, 3 tests failed out of 4
Build & Test (macos-14)	Execute Automated Unit & Integration Tests (CTest)	2026-06-11T20:07:02.6885310Z 
Build & Test (macos-14)	Execute Automated Unit & Integration Tests (CTest)	2026-06-11T20:07:02.6885410Z Total Test time (real) =  12.48 sec
Build & Test (macos-14)	Execute Automated Unit & Integration Tests (CTest)	2026-06-11T20:07:02.6885560Z 
Build & Test (macos-14)	Execute Automated Unit & Integration Tests (CTest)	2026-06-11T20:07:02.6885640Z The following tests FAILED:
Build & Test (macos-14)	Execute Automated Unit & Integration Tests (CTest)	2026-06-11T20:07:02.6886100Z 	  2 - test_models (Failed)
Build & Test (macos-14)	Execute Automated Unit & Integration Tests (CTest)	2026-06-11T20:07:02.6886350Z 	  3 - test_workers (Failed)
Build & Test (macos-14)	Execute Automated Unit & Integration Tests (CTest)	2026-06-11T20:07:02.6886570Z 	  4 - test_qml_ui (Failed)
Build & Test (macos-14)	Execute Automated Unit & Integration Tests (CTest)	2026-06-11T20:07:02.6941440Z Errors while running CTest
Build & Test (macos-14)	Execute Automated Unit & Integration Tests (CTest)	2026-06-11T20:07:02.6955310Z ##[error]Process completed with exit code 8.
Build & Test (macos-14)	Post Install Qt 6.8 Core Frameworks	﻿2026-06-11T20:07:02.7077090Z Post job cleanup.
Build & Test (macos-14)	Post Checkout Source Code	﻿2026-06-11T20:07:02.7133690Z Post job cleanup.
Build & Test (macos-14)	Post Checkout Source Code	2026-06-11T20:07:02.8169620Z [command]/opt/homebrew/bin/git version
Build & Test (macos-14)	Post Checkout Source Code	2026-06-11T20:07:02.8346220Z git version 2.54.0
Build & Test (macos-14)	Post Checkout Source Code	2026-06-11T20:07:02.8382870Z Copying '/Users/runner/.gitconfig' to '/Users/runner/work/_temp/fb812913-93a5-4f0c-8d2b-36a3a092e4e6/.gitconfig'
Build & Test (macos-14)	Post Checkout Source Code	2026-06-11T20:07:02.8394620Z Temporarily overriding HOME='/Users/runner/work/_temp/fb812913-93a5-4f0c-8d2b-36a3a092e4e6' before making global git config changes
Build & Test (macos-14)	Post Checkout Source Code	2026-06-11T20:07:02.8396360Z Adding repository directory to the temporary git global config as a safe directory
Build & Test (macos-14)	Post Checkout Source Code	2026-06-11T20:07:02.8410800Z [command]/opt/homebrew/bin/git config --global --add safe.directory /Users/runner/work/NinjaLibrary/NinjaLibrary
Build & Test (macos-14)	Post Checkout Source Code	2026-06-11T20:07:02.8524140Z [command]/opt/homebrew/bin/git config --local --name-only --get-regexp core\.sshCommand
Build & Test (macos-14)	Post Checkout Source Code	2026-06-11T20:07:02.8571950Z [command]/opt/homebrew/bin/git submodule foreach --recursive sh -c "git config --local --name-only --get-regexp 'core\.sshCommand' && git config --local --unset-all 'core.sshCommand' || :"
Build & Test (macos-14)	Post Checkout Source Code	2026-06-11T20:07:02.9234440Z Entering '3rdparty/Kaakao'
Build & Test (macos-14)	Post Checkout Source Code	2026-06-11T20:07:02.9396390Z [command]/opt/homebrew/bin/git config --local --name-only --get-regexp http\.https\:\/\/github\.com\/\.extraheader
Build & Test (macos-14)	Post Checkout Source Code	2026-06-11T20:07:02.9432010Z http.https://github.com/.extraheader
Build & Test (macos-14)	Post Checkout Source Code	2026-06-11T20:07:02.9440360Z [command]/opt/homebrew/bin/git config --local --unset-all http.https://github.com/.extraheader
Build & Test (macos-14)	Post Checkout Source Code	2026-06-11T20:07:02.9495360Z [command]/opt/homebrew/bin/git submodule foreach --recursive sh -c "git config --local --name-only --get-regexp 'http\.https\:\/\/github\.com\/\.extraheader' && git config --local --unset-all 'http.https://github.com/.extraheader' || :"
Build & Test (macos-14)	Post Checkout Source Code	2026-06-11T20:07:03.0027730Z Entering '3rdparty/Kaakao'
Build & Test (macos-14)	Post Checkout Source Code	2026-06-11T20:07:03.0129400Z http.https://github.com/.extraheader
Build & Test (macos-14)	Post Checkout Source Code	2026-06-11T20:07:03.0238860Z [command]/opt/homebrew/bin/git config --local --name-only --get-regexp ^includeIf\.gitdir:
Build & Test (macos-14)	Post Checkout Source Code	2026-06-11T20:07:03.0297100Z [command]/opt/homebrew/bin/git submodule foreach --recursive git config --local --show-origin --name-only --get-regexp remote.origin.url
Build & Test (macos-14)	Post Checkout Source Code	2026-06-11T20:07:03.0893810Z Entering '3rdparty/Kaakao'
Build & Test (macos-14)	Post Checkout Source Code	2026-06-11T20:07:03.0956100Z file:/Users/runner/work/NinjaLibrary/NinjaLibrary/.git/modules/3rdparty/Kaakao/config	remote.origin.url
Build & Test (macos-14)	Post Checkout Source Code	2026-06-11T20:07:03.1014700Z [command]/opt/homebrew/bin/git config --file /Users/runner/work/NinjaLibrary/NinjaLibrary/.git/modules/3rdparty/Kaakao/config --name-only --get-regexp ^includeIf\.gitdir:
Build & Test (macos-14)	Complete job	﻿2026-06-11T20:07:03.1141660Z Cleaning up orphan processes
Build & Test (macos-14)	Complete job	2026-06-11T20:07:04.1242870Z ##[warning]Node.js 20 actions are deprecated. The following actions are running on Node.js 20 and may not work as expected: actions/checkout@v4, actions/setup-python@v5, jurplel/install-qt-action/action@v3. Actions will be forced to run with Node.js 24 by default starting June 16th, 2026. Node.js 20 will be removed from the runner on September 16th, 2026. Please check if updated versions of these actions are available that support Node.js 24. To opt into Node.js 24 now, set the FORCE_JAVASCRIPT_ACTIONS_TO_NODE24=true environment variable on the runner or in your workflow file. Once Node.js 24 becomes the default, you can temporarily opt out by setting ACTIONS_ALLOW_USE_UNSECURE_NODE_VERSION=true. For more information see: https://github.blog/changelog/2025-09-19-deprecation-of-node-20-on-github-actions-runners/
Build & Test (ubuntu-24.04)	Set up job	﻿2026-06-11T20:02:58.2997905Z Current runner version: '2.334.0'
Build & Test (ubuntu-24.04)	Set up job	2026-06-11T20:02:58.3023535Z ##[group]Runner Image Provisioner
Build & Test (ubuntu-24.04)	Set up job	2026-06-11T20:02:58.3024488Z Hosted Compute Agent
Build & Test (ubuntu-24.04)	Set up job	2026-06-11T20:02:58.3025181Z Version: 20260527.539
Build & Test (ubuntu-24.04)	Set up job	2026-06-11T20:02:58.3025869Z Commit: a891dd388383b896fa6ac04a82c0b75cec981078
Build & Test (ubuntu-24.04)	Set up job	2026-06-11T20:02:58.3026652Z Build Date: 2026-05-27T21:39:57Z
Build & Test (ubuntu-24.04)	Set up job	2026-06-11T20:02:58.3027499Z Worker ID: {6de25b82-252d-4d39-95f7-2d97d551857c}
Build & Test (ubuntu-24.04)	Set up job	2026-06-11T20:02:58.3028241Z Azure Region: centralus
Build & Test (ubuntu-24.04)	Set up job	2026-06-11T20:02:58.3028866Z ##[endgroup]
Build & Test (ubuntu-24.04)	Set up job	2026-06-11T20:02:58.3030221Z ##[group]Operating System
Build & Test (ubuntu-24.04)	Set up job	2026-06-11T20:02:58.3031048Z Ubuntu
Build & Test (ubuntu-24.04)	Set up job	2026-06-11T20:02:58.3031715Z 24.04.4
Build & Test (ubuntu-24.04)	Set up job	2026-06-11T20:02:58.3032262Z LTS
Build & Test (ubuntu-24.04)	Set up job	2026-06-11T20:02:58.3032792Z ##[endgroup]
Build & Test (ubuntu-24.04)	Set up job	2026-06-11T20:02:58.3033450Z ##[group]Runner Image
Build & Test (ubuntu-24.04)	Set up job	2026-06-11T20:02:58.3034073Z Image: ubuntu-24.04
Build & Test (ubuntu-24.04)	Set up job	2026-06-11T20:02:58.3034723Z Version: 20260607.184.1
Build & Test (ubuntu-24.04)	Set up job	2026-06-11T20:02:58.3035830Z Included Software: https://github.com/actions/runner-images/blob/ubuntu24/20260607.184/images/ubuntu/Ubuntu2404-Readme.md
Build & Test (ubuntu-24.04)	Set up job	2026-06-11T20:02:58.3037641Z Image Release: https://github.com/actions/runner-images/releases/tag/ubuntu24%2F20260607.184
Build & Test (ubuntu-24.04)	Set up job	2026-06-11T20:02:58.3038650Z ##[endgroup]
Build & Test (ubuntu-24.04)	Set up job	2026-06-11T20:02:58.3040748Z ##[group]GITHUB_TOKEN Permissions
Build & Test (ubuntu-24.04)	Set up job	2026-06-11T20:02:58.3043017Z Contents: read
Build & Test (ubuntu-24.04)	Set up job	2026-06-11T20:02:58.3043755Z Metadata: read
Build & Test (ubuntu-24.04)	Set up job	2026-06-11T20:02:58.3044362Z Packages: read
Build & Test (ubuntu-24.04)	Set up job	2026-06-11T20:02:58.3044990Z ##[endgroup]
Build & Test (ubuntu-24.04)	Set up job	2026-06-11T20:02:58.3047259Z Secret source: Actions
Build & Test (ubuntu-24.04)	Set up job	2026-06-11T20:02:58.3048047Z Prepare workflow directory
Build & Test (ubuntu-24.04)	Set up job	2026-06-11T20:02:58.3425647Z Prepare all required actions
Build & Test (ubuntu-24.04)	Set up job	2026-06-11T20:02:58.3463365Z Getting action download info
Build & Test (ubuntu-24.04)	Set up job	2026-06-11T20:02:58.8996062Z Download action repository 'actions/checkout@v4' (SHA:34e114876b0b11c390a56381ad16ebd13914f8d5)
Build & Test (ubuntu-24.04)	Set up job	2026-06-11T20:02:58.9711202Z Download action repository 'jurplel/install-qt-action@v3' (SHA:b7840a6733f49e2a39c4355260d2375063d39b61)
Build & Test (ubuntu-24.04)	Set up job	2026-06-11T20:03:00.0207143Z Getting action download info
Build & Test (ubuntu-24.04)	Set up job	2026-06-11T20:03:00.2253762Z Download action repository 'actions/setup-python@v5' (SHA:a26af69be951a213d495a4c3e4e4022e16d87065)
Build & Test (ubuntu-24.04)	Set up job	2026-06-11T20:03:00.3635631Z Complete job name: Build & Test (ubuntu-24.04)
Build & Test (ubuntu-24.04)	Checkout Source Code	﻿2026-06-11T20:03:00.4602428Z ##[group]Run actions/checkout@v4
Build & Test (ubuntu-24.04)	Checkout Source Code	2026-06-11T20:03:00.4603740Z with:
Build & Test (ubuntu-24.04)	Checkout Source Code	2026-06-11T20:03:00.4604514Z   submodules: recursive
Build & Test (ubuntu-24.04)	Checkout Source Code	2026-06-11T20:03:00.4605429Z   repository: veskuh/NinjaLibrary
Build & Test (ubuntu-24.04)	Checkout Source Code	2026-06-11T20:03:00.4614511Z   token: ***
Build & Test (ubuntu-24.04)	Checkout Source Code	2026-06-11T20:03:00.4615307Z   ssh-strict: true
Build & Test (ubuntu-24.04)	Checkout Source Code	2026-06-11T20:03:00.4616116Z   ssh-user: git
Build & Test (ubuntu-24.04)	Checkout Source Code	2026-06-11T20:03:00.4616943Z   persist-credentials: true
Build & Test (ubuntu-24.04)	Checkout Source Code	2026-06-11T20:03:00.4617846Z   clean: true
Build & Test (ubuntu-24.04)	Checkout Source Code	2026-06-11T20:03:00.4618679Z   sparse-checkout-cone-mode: true
Build & Test (ubuntu-24.04)	Checkout Source Code	2026-06-11T20:03:00.4619684Z   fetch-depth: 1
Build & Test (ubuntu-24.04)	Checkout Source Code	2026-06-11T20:03:00.4620639Z   fetch-tags: false
Build & Test (ubuntu-24.04)	Checkout Source Code	2026-06-11T20:03:00.4621482Z   show-progress: true
Build & Test (ubuntu-24.04)	Checkout Source Code	2026-06-11T20:03:00.4622341Z   lfs: false
Build & Test (ubuntu-24.04)	Checkout Source Code	2026-06-11T20:03:00.4623141Z   set-safe-directory: true
Build & Test (ubuntu-24.04)	Checkout Source Code	2026-06-11T20:03:00.4624293Z ##[endgroup]
Build & Test (ubuntu-24.04)	Checkout Source Code	2026-06-11T20:03:00.5788386Z Syncing repository: veskuh/NinjaLibrary
Build & Test (ubuntu-24.04)	Checkout Source Code	2026-06-11T20:03:00.5791239Z ##[group]Getting Git version info
Build & Test (ubuntu-24.04)	Checkout Source Code	2026-06-11T20:03:00.5792645Z Working directory is '/home/runner/work/NinjaLibrary/NinjaLibrary'
Build & Test (ubuntu-24.04)	Checkout Source Code	2026-06-11T20:03:00.5794572Z [command]/usr/bin/git version
Build & Test (ubuntu-24.04)	Checkout Source Code	2026-06-11T20:03:00.5835991Z git version 2.54.0
Build & Test (ubuntu-24.04)	Checkout Source Code	2026-06-11T20:03:00.5860613Z ##[endgroup]
Build & Test (ubuntu-24.04)	Checkout Source Code	2026-06-11T20:03:00.5875162Z Temporarily overriding HOME='/home/runner/work/_temp/b8ca6092-e4c7-4343-84e5-3fbfe1519e4d' before making global git config changes
Build & Test (ubuntu-24.04)	Checkout Source Code	2026-06-11T20:03:00.5888062Z Adding repository directory to the temporary git global config as a safe directory
Build & Test (ubuntu-24.04)	Checkout Source Code	2026-06-11T20:03:00.5890498Z [command]/usr/bin/git config --global --add safe.directory /home/runner/work/NinjaLibrary/NinjaLibrary
Build & Test (ubuntu-24.04)	Checkout Source Code	2026-06-11T20:03:00.5936644Z Deleting the contents of '/home/runner/work/NinjaLibrary/NinjaLibrary'
Build & Test (ubuntu-24.04)	Checkout Source Code	2026-06-11T20:03:00.5939648Z ##[group]Initializing the repository
Build & Test (ubuntu-24.04)	Checkout Source Code	2026-06-11T20:03:00.5944046Z [command]/usr/bin/git init /home/runner/work/NinjaLibrary/NinjaLibrary
Build & Test (ubuntu-24.04)	Checkout Source Code	2026-06-11T20:03:00.6055537Z hint: Using 'master' as the name for the initial branch. This default branch name
Build & Test (ubuntu-24.04)	Checkout Source Code	2026-06-11T20:03:00.6057793Z hint: will change to "main" in Git 3.0. To configure the initial branch name
Build & Test (ubuntu-24.04)	Checkout Source Code	2026-06-11T20:03:00.6059811Z hint: to use in all of your new repositories, which will suppress this warning,
Build & Test (ubuntu-24.04)	Checkout Source Code	2026-06-11T20:03:00.6061902Z hint: call:
Build & Test (ubuntu-24.04)	Checkout Source Code	2026-06-11T20:03:00.6062969Z hint:
Build & Test (ubuntu-24.04)	Checkout Source Code	2026-06-11T20:03:00.6064280Z hint: 	git config --global init.defaultBranch <name>
Build & Test (ubuntu-24.04)	Checkout Source Code	2026-06-11T20:03:00.6065973Z hint:
Build & Test (ubuntu-24.04)	Checkout Source Code	2026-06-11T20:03:00.6067563Z hint: Names commonly chosen instead of 'master' are 'main', 'trunk' and
Build & Test (ubuntu-24.04)	Checkout Source Code	2026-06-11T20:03:00.6070254Z hint: 'development'. The just-created branch can be renamed via this command:
Build & Test (ubuntu-24.04)	Checkout Source Code	2026-06-11T20:03:00.6072602Z hint:
Build & Test (ubuntu-24.04)	Checkout Source Code	2026-06-11T20:03:00.6073729Z hint: 	git branch -m <name>
Build & Test (ubuntu-24.04)	Checkout Source Code	2026-06-11T20:03:00.6075044Z hint:
Build & Test (ubuntu-24.04)	Checkout Source Code	2026-06-11T20:03:00.6076729Z hint: Disable this message with "git config set advice.defaultBranchName false"
Build & Test (ubuntu-24.04)	Checkout Source Code	2026-06-11T20:03:00.6079756Z Initialized empty Git repository in /home/runner/work/NinjaLibrary/NinjaLibrary/.git/
Build & Test (ubuntu-24.04)	Checkout Source Code	2026-06-11T20:03:00.6083535Z [command]/usr/bin/git remote add origin https://github.com/veskuh/NinjaLibrary
Build & Test (ubuntu-24.04)	Checkout Source Code	2026-06-11T20:03:00.6118345Z ##[endgroup]
Build & Test (ubuntu-24.04)	Checkout Source Code	2026-06-11T20:03:00.6120578Z ##[group]Disabling automatic garbage collection
Build & Test (ubuntu-24.04)	Checkout Source Code	2026-06-11T20:03:00.6122556Z [command]/usr/bin/git config --local gc.auto 0
Build & Test (ubuntu-24.04)	Checkout Source Code	2026-06-11T20:03:00.6152393Z ##[endgroup]
Build & Test (ubuntu-24.04)	Checkout Source Code	2026-06-11T20:03:00.6154347Z ##[group]Setting up auth
Build & Test (ubuntu-24.04)	Checkout Source Code	2026-06-11T20:03:00.6160057Z [command]/usr/bin/git config --local --name-only --get-regexp core\.sshCommand
Build & Test (ubuntu-24.04)	Checkout Source Code	2026-06-11T20:03:00.6195697Z [command]/usr/bin/git submodule foreach --recursive sh -c "git config --local --name-only --get-regexp 'core\.sshCommand' && git config --local --unset-all 'core.sshCommand' || :"
Build & Test (ubuntu-24.04)	Checkout Source Code	2026-06-11T20:03:00.6520497Z [command]/usr/bin/git config --local --name-only --get-regexp http\.https\:\/\/github\.com\/\.extraheader
Build & Test (ubuntu-24.04)	Checkout Source Code	2026-06-11T20:03:00.6553152Z [command]/usr/bin/git submodule foreach --recursive sh -c "git config --local --name-only --get-regexp 'http\.https\:\/\/github\.com\/\.extraheader' && git config --local --unset-all 'http.https://github.com/.extraheader' || :"
Build & Test (ubuntu-24.04)	Checkout Source Code	2026-06-11T20:03:00.6781478Z [command]/usr/bin/git config --local --name-only --get-regexp ^includeIf\.gitdir:
Build & Test (ubuntu-24.04)	Checkout Source Code	2026-06-11T20:03:00.6821211Z [command]/usr/bin/git submodule foreach --recursive git config --local --show-origin --name-only --get-regexp remote.origin.url
Build & Test (ubuntu-24.04)	Checkout Source Code	2026-06-11T20:03:00.7050979Z [command]/usr/bin/git config --local http.https://github.com/.extraheader AUTHORIZATION: basic ***
Build & Test (ubuntu-24.04)	Checkout Source Code	2026-06-11T20:03:00.7085235Z ##[endgroup]
Build & Test (ubuntu-24.04)	Checkout Source Code	2026-06-11T20:03:00.7086670Z ##[group]Fetching the repository
Build & Test (ubuntu-24.04)	Checkout Source Code	2026-06-11T20:03:00.7094434Z [command]/usr/bin/git -c protocol.version=2 fetch --no-tags --prune --no-recurse-submodules --depth=1 origin +bd76dd43ec89e6455de6f06fa3c1ab41974ad544:refs/remotes/origin/main
Build & Test (ubuntu-24.04)	Checkout Source Code	2026-06-11T20:03:01.6145838Z From https://github.com/veskuh/NinjaLibrary
Build & Test (ubuntu-24.04)	Checkout Source Code	2026-06-11T20:03:01.6148151Z  * [new ref]         bd76dd43ec89e6455de6f06fa3c1ab41974ad544 -> origin/main
Build & Test (ubuntu-24.04)	Checkout Source Code	2026-06-11T20:03:01.6187691Z ##[endgroup]
Build & Test (ubuntu-24.04)	Checkout Source Code	2026-06-11T20:03:01.6189742Z ##[group]Determining the checkout info
Build & Test (ubuntu-24.04)	Checkout Source Code	2026-06-11T20:03:01.6192370Z ##[endgroup]
Build & Test (ubuntu-24.04)	Checkout Source Code	2026-06-11T20:03:01.6195508Z [command]/usr/bin/git sparse-checkout disable
Build & Test (ubuntu-24.04)	Checkout Source Code	2026-06-11T20:03:01.6240899Z [command]/usr/bin/git config --local --unset-all extensions.worktreeConfig
Build & Test (ubuntu-24.04)	Checkout Source Code	2026-06-11T20:03:01.6268566Z ##[group]Checking out the ref
Build & Test (ubuntu-24.04)	Checkout Source Code	2026-06-11T20:03:01.6272724Z [command]/usr/bin/git checkout --progress --force -B main refs/remotes/origin/main
Build & Test (ubuntu-24.04)	Checkout Source Code	2026-06-11T20:03:01.6474917Z Switched to a new branch 'main'
Build & Test (ubuntu-24.04)	Checkout Source Code	2026-06-11T20:03:01.6476966Z branch 'main' set up to track 'origin/main'.
Build & Test (ubuntu-24.04)	Checkout Source Code	2026-06-11T20:03:01.6485447Z ##[endgroup]
Build & Test (ubuntu-24.04)	Checkout Source Code	2026-06-11T20:03:01.6487808Z ##[group]Setting up auth for fetching submodules
Build & Test (ubuntu-24.04)	Checkout Source Code	2026-06-11T20:03:01.6491125Z [command]/usr/bin/git config --global http.https://github.com/.extraheader AUTHORIZATION: basic ***
Build & Test (ubuntu-24.04)	Checkout Source Code	2026-06-11T20:03:01.6527337Z [command]/usr/bin/git config --global --unset-all url.https://github.com/.insteadOf
Build & Test (ubuntu-24.04)	Checkout Source Code	2026-06-11T20:03:01.6557071Z [command]/usr/bin/git config --global --add url.https://github.com/.insteadOf git@github.com:
Build & Test (ubuntu-24.04)	Checkout Source Code	2026-06-11T20:03:01.6587940Z [command]/usr/bin/git config --global --add url.https://github.com/.insteadOf org-878781@github.com:
Build & Test (ubuntu-24.04)	Checkout Source Code	2026-06-11T20:03:01.6616825Z ##[endgroup]
Build & Test (ubuntu-24.04)	Checkout Source Code	2026-06-11T20:03:01.6619099Z ##[group]Fetching submodules
Build & Test (ubuntu-24.04)	Checkout Source Code	2026-06-11T20:03:01.6621145Z [command]/usr/bin/git submodule sync --recursive
Build & Test (ubuntu-24.04)	Checkout Source Code	2026-06-11T20:03:01.6853173Z [command]/usr/bin/git -c protocol.version=2 submodule update --init --force --depth=1 --recursive
Build & Test (ubuntu-24.04)	Checkout Source Code	2026-06-11T20:03:01.7075681Z Submodule '3rdparty/Kaakao' (https://github.com/veskuh/Kaakao.git) registered for path '3rdparty/Kaakao'
Build & Test (ubuntu-24.04)	Checkout Source Code	2026-06-11T20:03:01.7103453Z Cloning into '/home/runner/work/NinjaLibrary/NinjaLibrary/3rdparty/Kaakao'...
Build & Test (ubuntu-24.04)	Checkout Source Code	2026-06-11T20:03:02.4799898Z Submodule path '3rdparty/Kaakao': checked out '1a7f3f9d38e3df718292a0d88c6b173cab216c1a'
Build & Test (ubuntu-24.04)	Checkout Source Code	2026-06-11T20:03:02.4834365Z [command]/usr/bin/git submodule foreach --recursive git config --local gc.auto 0
Build & Test (ubuntu-24.04)	Checkout Source Code	2026-06-11T20:03:02.5075517Z Entering '3rdparty/Kaakao'
Build & Test (ubuntu-24.04)	Checkout Source Code	2026-06-11T20:03:02.5131243Z ##[endgroup]
Build & Test (ubuntu-24.04)	Checkout Source Code	2026-06-11T20:03:02.5132073Z ##[group]Persisting credentials for submodules
Build & Test (ubuntu-24.04)	Checkout Source Code	2026-06-11T20:03:02.5138937Z [command]/usr/bin/git submodule foreach --recursive sh -c "git config --local --name-only --get-regexp 'url\.https\:\/\/github\.com\/\.insteadOf' && git config --local --unset-all 'url.https://github.com/.insteadOf' || :"
Build & Test (ubuntu-24.04)	Checkout Source Code	2026-06-11T20:03:02.5358322Z Entering '3rdparty/Kaakao'
Build & Test (ubuntu-24.04)	Checkout Source Code	2026-06-11T20:03:02.5420596Z [command]/usr/bin/git submodule foreach --recursive sh -c "git config --local 'http.https://github.com/.extraheader' 'AUTHORIZATION: basic ***' && git config --local --show-origin --name-only --get-regexp remote.origin.url"
Build & Test (ubuntu-24.04)	Checkout Source Code	2026-06-11T20:03:02.5636963Z Entering '3rdparty/Kaakao'
Build & Test (ubuntu-24.04)	Checkout Source Code	2026-06-11T20:03:02.5680804Z file:/home/runner/work/NinjaLibrary/NinjaLibrary/.git/modules/3rdparty/Kaakao/config	remote.origin.url
Build & Test (ubuntu-24.04)	Checkout Source Code	2026-06-11T20:03:02.5719408Z [command]/usr/bin/git submodule foreach --recursive git config --local --add 'url.https://github.com/.insteadOf' 'git@github.com:'
Build & Test (ubuntu-24.04)	Checkout Source Code	2026-06-11T20:03:02.5936488Z Entering '3rdparty/Kaakao'
Build & Test (ubuntu-24.04)	Checkout Source Code	2026-06-11T20:03:02.5988082Z [command]/usr/bin/git submodule foreach --recursive git config --local --add 'url.https://github.com/.insteadOf' 'org-878781@github.com:'
Build & Test (ubuntu-24.04)	Checkout Source Code	2026-06-11T20:03:02.6205901Z Entering '3rdparty/Kaakao'
Build & Test (ubuntu-24.04)	Checkout Source Code	2026-06-11T20:03:02.6253712Z ##[endgroup]
Build & Test (ubuntu-24.04)	Checkout Source Code	2026-06-11T20:03:02.6293219Z [command]/usr/bin/git log -1 --format=%H
Build & Test (ubuntu-24.04)	Checkout Source Code	2026-06-11T20:03:02.6316411Z bd76dd43ec89e6455de6f06fa3c1ab41974ad544
Build & Test (ubuntu-24.04)	Setup Compiler & System Dependencies (Linux)	﻿2026-06-11T20:03:02.6520161Z ##[group]Run sudo apt-get update
Build & Test (ubuntu-24.04)	Setup Compiler & System Dependencies (Linux)	2026-06-11T20:03:02.6520930Z ^[[36;1msudo apt-get update^[[0m
Build & Test (ubuntu-24.04)	Setup Compiler & System Dependencies (Linux)	2026-06-11T20:03:02.6521267Z ^[[36;1msudo apt-get install -y \^[[0m
Build & Test (ubuntu-24.04)	Setup Compiler & System Dependencies (Linux)	2026-06-11T20:03:02.6521612Z ^[[36;1m  build-essential \^[[0m
Build & Test (ubuntu-24.04)	Setup Compiler & System Dependencies (Linux)	2026-06-11T20:03:02.6521908Z ^[[36;1m  cmake \^[[0m
Build & Test (ubuntu-24.04)	Setup Compiler & System Dependencies (Linux)	2026-06-11T20:03:02.6522184Z ^[[36;1m  ninja-build \^[[0m
Build & Test (ubuntu-24.04)	Setup Compiler & System Dependencies (Linux)	2026-06-11T20:03:02.6522487Z ^[[36;1m  libgl1-mesa-dev \^[[0m
Build & Test (ubuntu-24.04)	Setup Compiler & System Dependencies (Linux)	2026-06-11T20:03:02.6522795Z ^[[36;1m  libpoppler-qt6-dev \^[[0m
Build & Test (ubuntu-24.04)	Setup Compiler & System Dependencies (Linux)	2026-06-11T20:03:02.6523112Z ^[[36;1m  tesseract-ocr \^[[0m
Build & Test (ubuntu-24.04)	Setup Compiler & System Dependencies (Linux)	2026-06-11T20:03:02.6523409Z ^[[36;1m  libtesseract-dev \^[[0m
Build & Test (ubuntu-24.04)	Setup Compiler & System Dependencies (Linux)	2026-06-11T20:03:02.6523734Z ^[[36;1m  libxkbcommon-dev \^[[0m
Build & Test (ubuntu-24.04)	Setup Compiler & System Dependencies (Linux)	2026-06-11T20:03:02.6524034Z ^[[36;1m  libxkbcommon-x11-0 \^[[0m
Build & Test (ubuntu-24.04)	Setup Compiler & System Dependencies (Linux)	2026-06-11T20:03:02.6524370Z ^[[36;1m  libxcb-cursor0 \^[[0m
Build & Test (ubuntu-24.04)	Setup Compiler & System Dependencies (Linux)	2026-06-11T20:03:02.6524733Z ^[[36;1m  libxcb-xinerama0 \^[[0m
Build & Test (ubuntu-24.04)	Setup Compiler & System Dependencies (Linux)	2026-06-11T20:03:02.6525026Z ^[[36;1m  libxcb-icccm4 \^[[0m
Build & Test (ubuntu-24.04)	Setup Compiler & System Dependencies (Linux)	2026-06-11T20:03:02.6525322Z ^[[36;1m  libxcb-image0 \^[[0m
Build & Test (ubuntu-24.04)	Setup Compiler & System Dependencies (Linux)	2026-06-11T20:03:02.6525616Z ^[[36;1m  libxcb-keysyms1 \^[[0m
Build & Test (ubuntu-24.04)	Setup Compiler & System Dependencies (Linux)	2026-06-11T20:03:02.6525917Z ^[[36;1m  libxcb-render-util0 \^[[0m
Build & Test (ubuntu-24.04)	Setup Compiler & System Dependencies (Linux)	2026-06-11T20:03:02.6526287Z ^[[36;1m  libxcb-xkb1 \^[[0m
Build & Test (ubuntu-24.04)	Setup Compiler & System Dependencies (Linux)	2026-06-11T20:03:02.6526573Z ^[[36;1m  libegl1-mesa-dev \^[[0m
Build & Test (ubuntu-24.04)	Setup Compiler & System Dependencies (Linux)	2026-06-11T20:03:02.6526860Z ^[[36;1m  xvfb^[[0m
Build & Test (ubuntu-24.04)	Setup Compiler & System Dependencies (Linux)	2026-06-11T20:03:02.6683354Z shell: /usr/bin/bash -e {0}
Build & Test (ubuntu-24.04)	Setup Compiler & System Dependencies (Linux)	2026-06-11T20:03:02.6683726Z ##[endgroup]
Build & Test (ubuntu-24.04)	Setup Compiler & System Dependencies (Linux)	2026-06-11T20:03:02.7501852Z Get:1 file:/etc/apt/apt-mirrors.txt Mirrorlist [144 B]
Build & Test (ubuntu-24.04)	Setup Compiler & System Dependencies (Linux)	2026-06-11T20:03:02.7921848Z Hit:2 http://azure.archive.ubuntu.com/ubuntu noble InRelease
Build & Test (ubuntu-24.04)	Setup Compiler & System Dependencies (Linux)	2026-06-11T20:03:02.7923522Z Hit:6 https://packages.microsoft.com/repos/azure-cli noble InRelease
Build & Test (ubuntu-24.04)	Setup Compiler & System Dependencies (Linux)	2026-06-11T20:03:02.7934039Z Get:3 http://azure.archive.ubuntu.com/ubuntu noble-updates InRelease [126 kB]
Build & Test (ubuntu-24.04)	Setup Compiler & System Dependencies (Linux)	2026-06-11T20:03:02.7992465Z Get:4 http://azure.archive.ubuntu.com/ubuntu noble-backports InRelease [126 kB]
Build & Test (ubuntu-24.04)	Setup Compiler & System Dependencies (Linux)	2026-06-11T20:03:02.8031294Z Get:5 http://azure.archive.ubuntu.com/ubuntu noble-security InRelease [126 kB]
Build & Test (ubuntu-24.04)	Setup Compiler & System Dependencies (Linux)	2026-06-11T20:03:02.8050489Z Get:7 https://packages.microsoft.com/ubuntu/24.04/prod noble InRelease [3600 B]
Build & Test (ubuntu-24.04)	Setup Compiler & System Dependencies (Linux)	2026-06-11T20:03:02.8765429Z Get:8 https://dl.google.com/linux/chrome-stable/deb stable InRelease [1825 B]
Build & Test (ubuntu-24.04)	Setup Compiler & System Dependencies (Linux)	2026-06-11T20:03:02.9765197Z Get:9 http://azure.archive.ubuntu.com/ubuntu noble-updates/main amd64 Packages [2067 kB]
Build & Test (ubuntu-24.04)	Setup Compiler & System Dependencies (Linux)	2026-06-11T20:03:02.9933344Z Get:10 http://azure.archive.ubuntu.com/ubuntu noble-updates/main Translation-en [363 kB]
Build & Test (ubuntu-24.04)	Setup Compiler & System Dependencies (Linux)	2026-06-11T20:03:02.9959930Z Get:11 http://azure.archive.ubuntu.com/ubuntu noble-updates/main amd64 Components [181 kB]
Build & Test (ubuntu-24.04)	Setup Compiler & System Dependencies (Linux)	2026-06-11T20:03:02.9977565Z Get:12 http://azure.archive.ubuntu.com/ubuntu noble-updates/main amd64 c-n-f Metadata [17.4 kB]
Build & Test (ubuntu-24.04)	Setup Compiler & System Dependencies (Linux)	2026-06-11T20:03:02.9989275Z Get:13 http://azure.archive.ubuntu.com/ubuntu noble-updates/universe amd64 Packages [1700 kB]
Build & Test (ubuntu-24.04)	Setup Compiler & System Dependencies (Linux)	2026-06-11T20:03:03.0084748Z Get:14 http://azure.archive.ubuntu.com/ubuntu noble-updates/universe Translation-en [332 kB]
Build & Test (ubuntu-24.04)	Setup Compiler & System Dependencies (Linux)	2026-06-11T20:03:03.0121378Z Get:15 http://azure.archive.ubuntu.com/ubuntu noble-updates/universe amd64 Components [388 kB]
Build & Test (ubuntu-24.04)	Setup Compiler & System Dependencies (Linux)	2026-06-11T20:03:03.0143680Z Get:16 http://azure.archive.ubuntu.com/ubuntu noble-updates/universe amd64 c-n-f Metadata [34.7 kB]
Build & Test (ubuntu-24.04)	Setup Compiler & System Dependencies (Linux)	2026-06-11T20:03:03.0161737Z Get:17 http://azure.archive.ubuntu.com/ubuntu noble-updates/multiverse amd64 Components [940 B]
Build & Test (ubuntu-24.04)	Setup Compiler & System Dependencies (Linux)	2026-06-11T20:03:03.0394952Z Get:18 http://azure.archive.ubuntu.com/ubuntu noble-backports/main amd64 Packages [64.7 kB]
Build & Test (ubuntu-24.04)	Setup Compiler & System Dependencies (Linux)	2026-06-11T20:03:03.0885548Z Get:19 http://azure.archive.ubuntu.com/ubuntu noble-backports/main amd64 Components [5796 B]
Build & Test (ubuntu-24.04)	Setup Compiler & System Dependencies (Linux)	2026-06-11T20:03:03.0894660Z Get:20 http://azure.archive.ubuntu.com/ubuntu noble-backports/universe amd64 Packages [34.5 kB]
Build & Test (ubuntu-24.04)	Setup Compiler & System Dependencies (Linux)	2026-06-11T20:03:03.0908886Z Get:21 http://azure.archive.ubuntu.com/ubuntu noble-backports/universe amd64 Components [10.6 kB]
Build & Test (ubuntu-24.04)	Setup Compiler & System Dependencies (Linux)	2026-06-11T20:03:03.1034008Z Get:22 http://azure.archive.ubuntu.com/ubuntu noble-security/main amd64 Packages [1764 kB]
Build & Test (ubuntu-24.04)	Setup Compiler & System Dependencies (Linux)	2026-06-11T20:03:03.1139407Z Get:23 http://azure.archive.ubuntu.com/ubuntu noble-security/main Translation-en [276 kB]
Build & Test (ubuntu-24.04)	Setup Compiler & System Dependencies (Linux)	2026-06-11T20:03:03.1166761Z Get:24 http://azure.archive.ubuntu.com/ubuntu noble-security/main amd64 Components [44.9 kB]
Build & Test (ubuntu-24.04)	Setup Compiler & System Dependencies (Linux)	2026-06-11T20:03:03.1176295Z Get:25 http://azure.archive.ubuntu.com/ubuntu noble-security/main amd64 c-n-f Metadata [11.4 kB]
Build & Test (ubuntu-24.04)	Setup Compiler & System Dependencies (Linux)	2026-06-11T20:03:03.1211310Z Get:26 http://azure.archive.ubuntu.com/ubuntu noble-security/universe amd64 Packages [1197 kB]
Build & Test (ubuntu-24.04)	Setup Compiler & System Dependencies (Linux)	2026-06-11T20:03:03.1250022Z Get:27 http://azure.archive.ubuntu.com/ubuntu noble-security/universe Translation-en [232 kB]
Build & Test (ubuntu-24.04)	Setup Compiler & System Dependencies (Linux)	2026-06-11T20:03:03.1271738Z Get:28 http://azure.archive.ubuntu.com/ubuntu noble-security/universe amd64 Components [76.2 kB]
Build & Test (ubuntu-24.04)	Setup Compiler & System Dependencies (Linux)	2026-06-11T20:03:03.1288616Z Get:29 http://azure.archive.ubuntu.com/ubuntu noble-security/universe amd64 c-n-f Metadata [23.3 kB]
Build & Test (ubuntu-24.04)	Setup Compiler & System Dependencies (Linux)	2026-06-11T20:03:03.1655226Z Get:30 https://packages.microsoft.com/ubuntu/24.04/prod noble/main arm64 Packages [140 kB]
Build & Test (ubuntu-24.04)	Setup Compiler & System Dependencies (Linux)	2026-06-11T20:03:03.2004611Z Get:31 https://packages.microsoft.com/ubuntu/24.04/prod noble/main amd64 Packages [170 kB]
Build & Test (ubuntu-24.04)	Setup Compiler & System Dependencies (Linux)	2026-06-11T20:03:03.2394557Z Get:32 https://dl.google.com/linux/chrome-stable/deb stable/main amd64 Packages [1215 B]
Build & Test (ubuntu-24.04)	Setup Compiler & System Dependencies (Linux)	2026-06-11T20:03:08.0962773Z Fetched 9519 kB in 1s (7585 kB/s)
Build & Test (ubuntu-24.04)	Setup Compiler & System Dependencies (Linux)	2026-06-11T20:03:08.8836825Z Reading package lists...
Build & Test (ubuntu-24.04)	Setup Compiler & System Dependencies (Linux)	2026-06-11T20:03:08.9174030Z Reading package lists...
Build & Test (ubuntu-24.04)	Setup Compiler & System Dependencies (Linux)	2026-06-11T20:03:09.0889533Z Building dependency tree...
Build & Test (ubuntu-24.04)	Setup Compiler & System Dependencies (Linux)	2026-06-11T20:03:09.0897312Z Reading state information...
Build & Test (ubuntu-24.04)	Setup Compiler & System Dependencies (Linux)	2026-06-11T20:03:09.2568529Z The following additional packages will be installed:
Build & Test (ubuntu-24.04)	Setup Compiler & System Dependencies (Linux)	2026-06-11T20:03:09.2569543Z   bzip2-doc cmake-data comerr-dev libacl1-dev libarchive-dev libattr1-dev
Build & Test (ubuntu-24.04)	Setup Compiler & System Dependencies (Linux)	2026-06-11T20:03:09.2570599Z   libb2-1 libbz2-dev libcurl4-openssl-dev libdouble-conversion3 libegl-dev
Build & Test (ubuntu-24.04)	Setup Compiler & System Dependencies (Linux)	2026-06-11T20:03:09.2571416Z   libegl-mesa0 libegl1 libext2fs-dev libgif7 libgl-dev libgles-dev libgles1
Build & Test (ubuntu-24.04)	Setup Compiler & System Dependencies (Linux)	2026-06-11T20:03:09.2572829Z   libgles2 libglvnd-core-dev libglvnd-dev libglx-dev libinput-bin libinput10
Build & Test (ubuntu-24.04)	Setup Compiler & System Dependencies (Linux)	2026-06-11T20:03:09.2573733Z   libjsoncpp25 liblept5 libleptonica-dev liblzma-dev libmd4c0 libmtdev1t64
Build & Test (ubuntu-24.04)	Setup Compiler & System Dependencies (Linux)	2026-06-11T20:03:09.2574555Z   libopengl-dev libopengl0 libpoppler-dev libpoppler-qt6-3t64 libpoppler134
Build & Test (ubuntu-24.04)	Setup Compiler & System Dependencies (Linux)	2026-06-11T20:03:09.2575450Z   libproxy1v5 libpthread-stubs0-dev libqt6concurrent6t64 libqt6core6t64
Build & Test (ubuntu-24.04)	Setup Compiler & System Dependencies (Linux)	2026-06-11T20:03:09.2581557Z   libqt6dbus6t64 libqt6gui6t64 libqt6network6t64 libqt6opengl6t64
Build & Test (ubuntu-24.04)	Setup Compiler & System Dependencies (Linux)	2026-06-11T20:03:09.2582544Z   libqt6openglwidgets6t64 libqt6printsupport6t64 libqt6qml6 libqt6qmlmodels6
Build & Test (ubuntu-24.04)	Setup Compiler & System Dependencies (Linux)	2026-06-11T20:03:09.2583451Z   libqt6quick6 libqt6sql6-sqlite libqt6sql6t64 libqt6test6t64
Build & Test (ubuntu-24.04)	Setup Compiler & System Dependencies (Linux)	2026-06-11T20:03:09.2584161Z   libqt6waylandclient6 libqt6waylandcompositor6
Build & Test (ubuntu-24.04)	Setup Compiler & System Dependencies (Linux)	2026-06-11T20:03:09.2584773Z   libqt6waylandeglclienthwintegration6
Build & Test (ubuntu-24.04)	Setup Compiler & System Dependencies (Linux)	2026-06-11T20:03:09.2585439Z   libqt6waylandeglcompositorhwintegration6 libqt6widgets6t64
Build & Test (ubuntu-24.04)	Setup Compiler & System Dependencies (Linux)	2026-06-11T20:03:09.2586273Z   libqt6wlshellintegration6 libqt6xml6t64 librhash0 libtesseract5 libts0t64
Build & Test (ubuntu-24.04)	Setup Compiler & System Dependencies (Linux)	2026-06-11T20:03:09.2587154Z   libvulkan-dev libwacom-common libwacom9 libwayland-server0 libx11-dev
Build & Test (ubuntu-24.04)	Setup Compiler & System Dependencies (Linux)	2026-06-11T20:03:09.2587993Z   libxau-dev libxcb-shape0 libxcb-util1 libxcb1-dev libxdmcp-dev nettle-dev
Build & Test (ubuntu-24.04)	Setup Compiler & System Dependencies (Linux)	2026-06-11T20:03:09.2588801Z   poppler-data qmake6 qmake6-bin qt6-base-dev qt6-base-dev-tools
Build & Test (ubuntu-24.04)	Setup Compiler & System Dependencies (Linux)	2026-06-11T20:03:09.2589635Z   qt6-gtk-platformtheme qt6-qpa-plugins qt6-translations-l10n qt6-wayland
Build & Test (ubuntu-24.04)	Setup Compiler & System Dependencies (Linux)	2026-06-11T20:03:09.2590751Z   tesseract-ocr-eng tesseract-ocr-osd x11proto-dev xorg-sgml-doctools
Build & Test (ubuntu-24.04)	Setup Compiler & System Dependencies (Linux)	2026-06-11T20:03:09.2591481Z   xserver-common xtrans-dev
Build & Test (ubuntu-24.04)	Setup Compiler & System Dependencies (Linux)	2026-06-11T20:03:09.2591957Z Suggested packages:
Build & Test (ubuntu-24.04)	Setup Compiler & System Dependencies (Linux)	2026-06-11T20:03:09.2592571Z   cmake-doc cmake-format elpa-cmake-mode doc-base libcurl4-doc libidn-dev
Build & Test (ubuntu-24.04)	Setup Compiler & System Dependencies (Linux)	2026-06-11T20:03:09.2593417Z   libkrb5-dev libldap2-dev librtmp-dev libssh2-1-dev liblzma-doc
Build & Test (ubuntu-24.04)	Setup Compiler & System Dependencies (Linux)	2026-06-11T20:03:09.2594539Z   qt6-qmltooling-plugins libwacom-bin libx11-doc libxcb-doc poppler-utils
Build & Test (ubuntu-24.04)	Setup Compiler & System Dependencies (Linux)	2026-06-11T20:03:09.2595390Z   ghostscript fonts-japanese-mincho | fonts-ipafont-mincho
Build & Test (ubuntu-24.04)	Setup Compiler & System Dependencies (Linux)	2026-06-11T20:03:09.2596198Z   fonts-japanese-gothic | fonts-ipafont-gothic fonts-arphic-ukai
Build & Test (ubuntu-24.04)	Setup Compiler & System Dependencies (Linux)	2026-06-11T20:03:09.2597088Z   fonts-arphic-uming fonts-nanum
Build & Test (ubuntu-24.04)	Setup Compiler & System Dependencies (Linux)	2026-06-11T20:03:09.2597611Z Recommended packages:
Build & Test (ubuntu-24.04)	Setup Compiler & System Dependencies (Linux)	2026-06-11T20:03:09.2598039Z   xfonts-base
Build & Test (ubuntu-24.04)	Setup Compiler & System Dependencies (Linux)	2026-06-11T20:03:09.3144901Z The following NEW packages will be installed:
Build & Test (ubuntu-24.04)	Setup Compiler & System Dependencies (Linux)	2026-06-11T20:03:09.3145432Z   build-essential bzip2-doc cmake cmake-data comerr-dev libacl1-dev
Build & Test (ubuntu-24.04)	Setup Compiler & System Dependencies (Linux)	2026-06-11T20:03:09.3146779Z   libarchive-dev libattr1-dev libb2-1 libbz2-dev libcurl4-openssl-dev
Build & Test (ubuntu-24.04)	Setup Compiler & System Dependencies (Linux)	2026-06-11T20:03:09.3147277Z   libdouble-conversion3 libegl-dev libegl-mesa0 libegl1 libegl1-mesa-dev
Build & Test (ubuntu-24.04)	Setup Compiler & System Dependencies (Linux)	2026-06-11T20:03:09.3147759Z   libext2fs-dev libgif7 libgl-dev libgl1-mesa-dev libgles-dev libgles1
Build & Test (ubuntu-24.04)	Setup Compiler & System Dependencies (Linux)	2026-06-11T20:03:09.3148326Z   libgles2 libglvnd-core-dev libglvnd-dev libglx-dev libinput-bin libinput10
Build & Test (ubuntu-24.04)	Setup Compiler & System Dependencies (Linux)	2026-06-11T20:03:09.3149154Z   libjsoncpp25 liblept5 libleptonica-dev liblzma-dev libmd4c0 libmtdev1t64
Build & Test (ubuntu-24.04)	Setup Compiler & System Dependencies (Linux)	2026-06-11T20:03:09.3149906Z   libopengl-dev libopengl0 libpoppler-dev libpoppler-qt6-3t64
Build & Test (ubuntu-24.04)	Setup Compiler & System Dependencies (Linux)	2026-06-11T20:03:09.3150851Z   libpoppler-qt6-dev libpoppler134 libproxy1v5 libpthread-stubs0-dev
Build & Test (ubuntu-24.04)	Setup Compiler & System Dependencies (Linux)	2026-06-11T20:03:09.3151599Z   libqt6concurrent6t64 libqt6core6t64 libqt6dbus6t64 libqt6gui6t64
Build & Test (ubuntu-24.04)	Setup Compiler & System Dependencies (Linux)	2026-06-11T20:03:09.3152296Z   libqt6network6t64 libqt6opengl6t64 libqt6openglwidgets6t64
Build & Test (ubuntu-24.04)	Setup Compiler & System Dependencies (Linux)	2026-06-11T20:03:09.3152816Z   libqt6printsupport6t64 libqt6qml6 libqt6qmlmodels6 libqt6quick6
Build & Test (ubuntu-24.04)	Setup Compiler & System Dependencies (Linux)	2026-06-11T20:03:09.3153283Z   libqt6sql6-sqlite libqt6sql6t64 libqt6test6t64 libqt6waylandclient6
Build & Test (ubuntu-24.04)	Setup Compiler & System Dependencies (Linux)	2026-06-11T20:03:09.3153749Z   libqt6waylandcompositor6 libqt6waylandeglclienthwintegration6
Build & Test (ubuntu-24.04)	Setup Compiler & System Dependencies (Linux)	2026-06-11T20:03:09.3154195Z   libqt6waylandeglcompositorhwintegration6 libqt6widgets6t64
Build & Test (ubuntu-24.04)	Setup Compiler & System Dependencies (Linux)	2026-06-11T20:03:09.3154648Z   libqt6wlshellintegration6 libqt6xml6t64 librhash0 libtesseract-dev
Build & Test (ubuntu-24.04)	Setup Compiler & System Dependencies (Linux)	2026-06-11T20:03:09.3155106Z   libtesseract5 libts0t64 libvulkan-dev libwacom-common libwacom9
Build & Test (ubuntu-24.04)	Setup Compiler & System Dependencies (Linux)	2026-06-11T20:03:09.3155567Z   libwayland-server0 libx11-dev libxau-dev libxcb-cursor0 libxcb-icccm4
Build & Test (ubuntu-24.04)	Setup Compiler & System Dependencies (Linux)	2026-06-11T20:03:09.3156264Z   libxcb-image0 libxcb-keysyms1 libxcb-render-util0 libxcb-shape0 libxcb-util1
Build & Test (ubuntu-24.04)	Setup Compiler & System Dependencies (Linux)	2026-06-11T20:03:09.3156789Z   libxcb-xinerama0 libxcb-xkb1 libxcb1-dev libxdmcp-dev libxkbcommon-dev
Build & Test (ubuntu-24.04)	Setup Compiler & System Dependencies (Linux)	2026-06-11T20:03:09.3157290Z   libxkbcommon-x11-0 nettle-dev ninja-build poppler-data qmake6 qmake6-bin
Build & Test (ubuntu-24.04)	Setup Compiler & System Dependencies (Linux)	2026-06-11T20:03:09.3157788Z   qt6-base-dev qt6-base-dev-tools qt6-gtk-platformtheme qt6-qpa-plugins
Build & Test (ubuntu-24.04)	Setup Compiler & System Dependencies (Linux)	2026-06-11T20:03:09.3158259Z   qt6-translations-l10n qt6-wayland tesseract-ocr tesseract-ocr-eng
Build & Test (ubuntu-24.04)	Setup Compiler & System Dependencies (Linux)	2026-06-11T20:03:09.3158717Z   tesseract-ocr-osd x11proto-dev xorg-sgml-doctools xtrans-dev
Build & Test (ubuntu-24.04)	Setup Compiler & System Dependencies (Linux)	2026-06-11T20:03:09.3160745Z The following packages will be upgraded:
Build & Test (ubuntu-24.04)	Setup Compiler & System Dependencies (Linux)	2026-06-11T20:03:09.3161042Z   xserver-common xvfb
Build & Test (ubuntu-24.04)	Setup Compiler & System Dependencies (Linux)	2026-06-11T20:03:09.3367100Z 2 upgraded, 103 newly installed, 0 to remove and 31 not upgraded.
Build & Test (ubuntu-24.04)	Setup Compiler & System Dependencies (Linux)	2026-06-11T20:03:09.3367720Z Need to get 56.5 MB of archives.
Build & Test (ubuntu-24.04)	Setup Compiler & System Dependencies (Linux)	2026-06-11T20:03:09.3368155Z After this operation, 241 MB of additional disk space will be used.
Build & Test (ubuntu-24.04)	Setup Compiler & System Dependencies (Linux)	2026-06-11T20:03:09.3368586Z Get:1 file:/etc/apt/apt-mirrors.txt Mirrorlist [144 B]
Build & Test (ubuntu-24.04)	Setup Compiler & System Dependencies (Linux)	2026-06-11T20:03:09.3888048Z Get:2 http://azure.archive.ubuntu.com/ubuntu noble/main amd64 poppler-data all 0.4.12-1 [2060 kB]
Build & Test (ubuntu-24.04)	Setup Compiler & System Dependencies (Linux)	2026-06-11T20:03:09.4694027Z Get:3 http://azure.archive.ubuntu.com/ubuntu noble/main amd64 build-essential amd64 12.10ubuntu1 [4928 B]
Build & Test (ubuntu-24.04)	Setup Compiler & System Dependencies (Linux)	2026-06-11T20:03:09.5053298Z Get:4 http://azure.archive.ubuntu.com/ubuntu noble-updates/main amd64 bzip2-doc all 1.0.8-5.1build0.1 [499 kB]
Build & Test (ubuntu-24.04)	Setup Compiler & System Dependencies (Linux)	2026-06-11T20:03:09.5495642Z Get:5 http://azure.archive.ubuntu.com/ubuntu noble/main amd64 libjsoncpp25 amd64 1.9.5-6build1 [82.8 kB]
Build & Test (ubuntu-24.04)	Setup Compiler & System Dependencies (Linux)	2026-06-11T20:03:09.5903059Z Get:6 http://azure.archive.ubuntu.com/ubuntu noble/main amd64 librhash0 amd64 1.4.3-3build1 [129 kB]
Build & Test (ubuntu-24.04)	Setup Compiler & System Dependencies (Linux)	2026-06-11T20:03:09.6270878Z Get:7 http://azure.archive.ubuntu.com/ubuntu noble/main amd64 cmake-data all 3.28.3-1build7 [2155 kB]
Build & Test (ubuntu-24.04)	Setup Compiler & System Dependencies (Linux)	2026-06-11T20:03:09.7305874Z Get:8 http://azure.archive.ubuntu.com/ubuntu noble/main amd64 cmake amd64 3.28.3-1build7 [11.2 MB]
Build & Test (ubuntu-24.04)	Setup Compiler & System Dependencies (Linux)	2026-06-11T20:03:10.1325580Z Get:9 http://azure.archive.ubuntu.com/ubuntu noble-updates/main amd64 libbz2-dev amd64 1.0.8-5.1build0.1 [33.6 kB]
Build & Test (ubuntu-24.04)	Setup Compiler & System Dependencies (Linux)	2026-06-11T20:03:10.1697968Z Get:10 http://azure.archive.ubuntu.com/ubuntu noble-updates/main amd64 liblzma-dev amd64 5.6.1+really5.4.5-1ubuntu0.3 [176 kB]
Build & Test (ubuntu-24.04)	Setup Compiler & System Dependencies (Linux)	2026-06-11T20:03:10.2154576Z Get:11 http://azure.archive.ubuntu.com/ubuntu noble-updates/main amd64 libattr1-dev amd64 1:2.5.2-1build1.1 [23.1 kB]
Build & Test (ubuntu-24.04)	Setup Compiler & System Dependencies (Linux)	2026-06-11T20:03:10.2520641Z Get:12 http://azure.archive.ubuntu.com/ubuntu noble-updates/main amd64 libacl1-dev amd64 2.3.2-1build1.1 [78.5 kB]
Build & Test (ubuntu-24.04)	Setup Compiler & System Dependencies (Linux)	2026-06-11T20:03:10.2982890Z Get:13 http://azure.archive.ubuntu.com/ubuntu noble-updates/main amd64 comerr-dev amd64 2.1-1.47.0-2.4~exp1ubuntu4.1 [43.8 kB]
Build & Test (ubuntu-24.04)	Setup Compiler & System Dependencies (Linux)	2026-06-11T20:03:10.3427195Z Get:14 http://azure.archive.ubuntu.com/ubuntu noble-updates/main amd64 libext2fs-dev amd64 1.47.0-2.4~exp1ubuntu4.1 [300 kB]
Build & Test (ubuntu-24.04)	Setup Compiler & System Dependencies (Linux)	2026-06-11T20:03:10.3947155Z Get:15 http://azure.archive.ubuntu.com/ubuntu noble-updates/main amd64 nettle-dev amd64 3.9.1-2.2build1.1 [1154 kB]
Build & Test (ubuntu-24.04)	Setup Compiler & System Dependencies (Linux)	2026-06-11T20:03:10.4718759Z Get:16 http://azure.archive.ubuntu.com/ubuntu noble-updates/main amd64 libarchive-dev amd64 3.7.2-2ubuntu0.7 [590 kB]
Build & Test (ubuntu-24.04)	Setup Compiler & System Dependencies (Linux)	2026-06-11T20:03:10.5292120Z Get:17 http://azure.archive.ubuntu.com/ubuntu noble/universe amd64 libb2-1 amd64 0.98.1-1.1build1 [45.0 kB]
Build & Test (ubuntu-24.04)	Setup Compiler & System Dependencies (Linux)	2026-06-11T20:03:10.5611026Z Get:18 http://azure.archive.ubuntu.com/ubuntu noble-updates/main amd64 libcurl4-openssl-dev amd64 8.5.0-2ubuntu10.9 [446 kB]
Build & Test (ubuntu-24.04)	Setup Compiler & System Dependencies (Linux)	2026-06-11T20:03:10.6105819Z Get:19 http://azure.archive.ubuntu.com/ubuntu noble/universe amd64 libdouble-conversion3 amd64 3.3.0-1build1 [40.3 kB]
Build & Test (ubuntu-24.04)	Setup Compiler & System Dependencies (Linux)	2026-06-11T20:03:10.6829606Z Get:20 http://azure.archive.ubuntu.com/ubuntu noble-updates/main amd64 libegl-mesa0 amd64 25.2.8-0ubuntu0.24.04.1 [117 kB]
Build & Test (ubuntu-24.04)	Setup Compiler & System Dependencies (Linux)	2026-06-11T20:03:10.7169377Z Get:21 http://azure.archive.ubuntu.com/ubuntu noble/main amd64 libegl1 amd64 1.7.0-1build1 [28.7 kB]
Build & Test (ubuntu-24.04)	Setup Compiler & System Dependencies (Linux)	2026-06-11T20:03:10.7611680Z Get:22 http://azure.archive.ubuntu.com/ubuntu noble/main amd64 xorg-sgml-doctools all 1:1.11-1.1 [10.9 kB]
Build & Test (ubuntu-24.04)	Setup Compiler & System Dependencies (Linux)	2026-06-11T20:03:10.8047365Z Get:23 http://azure.archive.ubuntu.com/ubuntu noble/main amd64 x11proto-dev all 2023.2-1 [602 kB]
Build & Test (ubuntu-24.04)	Setup Compiler & System Dependencies (Linux)	2026-06-11T20:03:10.8763187Z Get:24 http://azure.archive.ubuntu.com/ubuntu noble/main amd64 libxau-dev amd64 1:1.0.9-1build6 [9570 B]
Build & Test (ubuntu-24.04)	Setup Compiler & System Dependencies (Linux)	2026-06-11T20:03:10.9081725Z Get:25 http://azure.archive.ubuntu.com/ubuntu noble/main amd64 libxdmcp-dev amd64 1:1.1.3-0ubuntu6 [26.5 kB]
Build & Test (ubuntu-24.04)	Setup Compiler & System Dependencies (Linux)	2026-06-11T20:03:10.9378753Z Get:26 http://azure.archive.ubuntu.com/ubuntu noble/main amd64 xtrans-dev all 1.4.0-1 [68.9 kB]
Build & Test (ubuntu-24.04)	Setup Compiler & System Dependencies (Linux)	2026-06-11T20:03:10.9713692Z Get:27 http://azure.archive.ubuntu.com/ubuntu noble/main amd64 libpthread-stubs0-dev amd64 0.4-1build3 [4746 B]
Build & Test (ubuntu-24.04)	Setup Compiler & System Dependencies (Linux)	2026-06-11T20:03:11.0147456Z Get:28 http://azure.archive.ubuntu.com/ubuntu noble/main amd64 libxcb1-dev amd64 1.15-1ubuntu2 [85.8 kB]
Build & Test (ubuntu-24.04)	Setup Compiler & System Dependencies (Linux)	2026-06-11T20:03:11.0603029Z Get:29 http://azure.archive.ubuntu.com/ubuntu noble/main amd64 libx11-dev amd64 2:1.8.7-1build1 [732 kB]
Build & Test (ubuntu-24.04)	Setup Compiler & System Dependencies (Linux)	2026-06-11T20:03:11.1437659Z Get:30 http://azure.archive.ubuntu.com/ubuntu noble/main amd64 libglx-dev amd64 1.7.0-1build1 [14.2 kB]
Build & Test (ubuntu-24.04)	Setup Compiler & System Dependencies (Linux)	2026-06-11T20:03:11.1829675Z Get:31 http://azure.archive.ubuntu.com/ubuntu noble/main amd64 libgl-dev amd64 1.7.0-1build1 [102 kB]
Build & Test (ubuntu-24.04)	Setup Compiler & System Dependencies (Linux)	2026-06-11T20:03:11.2266182Z Get:32 http://azure.archive.ubuntu.com/ubuntu noble/main amd64 libegl-dev amd64 1.7.0-1build1 [18.2 kB]
Build & Test (ubuntu-24.04)	Setup Compiler & System Dependencies (Linux)	2026-06-11T20:03:11.2661485Z Get:33 http://azure.archive.ubuntu.com/ubuntu noble/main amd64 libglvnd-core-dev amd64 1.7.0-1build1 [13.6 kB]
Build & Test (ubuntu-24.04)	Setup Compiler & System Dependencies (Linux)	2026-06-11T20:03:11.3053975Z Get:34 http://azure.archive.ubuntu.com/ubuntu noble/main amd64 libgles1 amd64 1.7.0-1build1 [11.6 kB]
Build & Test (ubuntu-24.04)	Setup Compiler & System Dependencies (Linux)	2026-06-11T20:03:11.3432121Z Get:35 http://azure.archive.ubuntu.com/ubuntu noble/main amd64 libgles2 amd64 1.7.0-1build1 [17.1 kB]
Build & Test (ubuntu-24.04)	Setup Compiler & System Dependencies (Linux)	2026-06-11T20:03:11.3828367Z Get:36 http://azure.archive.ubuntu.com/ubuntu noble/main amd64 libgles-dev amd64 1.7.0-1build1 [50.5 kB]
Build & Test (ubuntu-24.04)	Setup Compiler & System Dependencies (Linux)	2026-06-11T20:03:11.4231942Z Get:37 http://azure.archive.ubuntu.com/ubuntu noble/main amd64 libopengl0 amd64 1.7.0-1build1 [32.8 kB]
Build & Test (ubuntu-24.04)	Setup Compiler & System Dependencies (Linux)	2026-06-11T20:03:11.4624792Z Get:38 http://azure.archive.ubuntu.com/ubuntu noble/main amd64 libopengl-dev amd64 1.7.0-1build1 [3454 B]
Build & Test (ubuntu-24.04)	Setup Compiler & System Dependencies (Linux)	2026-06-11T20:03:11.5416171Z Get:39 http://azure.archive.ubuntu.com/ubuntu noble/main amd64 libglvnd-dev amd64 1.7.0-1build1 [3198 B]
Build & Test (ubuntu-24.04)	Setup Compiler & System Dependencies (Linux)	2026-06-11T20:03:11.5895240Z Get:40 http://azure.archive.ubuntu.com/ubuntu noble-updates/main amd64 libegl1-mesa-dev amd64 25.2.8-0ubuntu0.24.04.1 [26.4 kB]
Build & Test (ubuntu-24.04)	Setup Compiler & System Dependencies (Linux)	2026-06-11T20:03:11.6260935Z Get:41 http://azure.archive.ubuntu.com/ubuntu noble/main amd64 libgif7 amd64 5.2.2-1ubuntu1 [35.2 kB]
Build & Test (ubuntu-24.04)	Setup Compiler & System Dependencies (Linux)	2026-06-11T20:03:11.6629559Z Get:42 http://azure.archive.ubuntu.com/ubuntu noble/main amd64 libwacom-common all 2.10.0-2 [63.4 kB]
Build & Test (ubuntu-24.04)	Setup Compiler & System Dependencies (Linux)	2026-06-11T20:03:11.6996022Z Get:43 http://azure.archive.ubuntu.com/ubuntu noble/main amd64 libwacom9 amd64 2.10.0-2 [23.9 kB]
Build & Test (ubuntu-24.04)	Setup Compiler & System Dependencies (Linux)	2026-06-11T20:03:11.7296395Z Get:44 http://azure.archive.ubuntu.com/ubuntu noble-updates/main amd64 libinput-bin amd64 1.25.0-1ubuntu3.4 [23.1 kB]
Build & Test (ubuntu-24.04)	Setup Compiler & System Dependencies (Linux)	2026-06-11T20:03:11.7658906Z Get:45 http://azure.archive.ubuntu.com/ubuntu noble/main amd64 libmtdev1t64 amd64 1.1.6-1.1build1 [14.4 kB]
Build & Test (ubuntu-24.04)	Setup Compiler & System Dependencies (Linux)	2026-06-11T20:03:11.8020920Z Get:46 http://azure.archive.ubuntu.com/ubuntu noble-updates/main amd64 libinput10 amd64 1.25.0-1ubuntu3.4 [133 kB]
Build & Test (ubuntu-24.04)	Setup Compiler & System Dependencies (Linux)	2026-06-11T20:03:11.8387418Z Get:47 http://azure.archive.ubuntu.com/ubuntu noble/universe amd64 liblept5 amd64 1.82.0-3build4 [1099 kB]
Build & Test (ubuntu-24.04)	Setup Compiler & System Dependencies (Linux)	2026-06-11T20:03:11.9090070Z Get:48 http://azure.archive.ubuntu.com/ubuntu noble/universe amd64 libleptonica-dev amd64 1.82.0-3build4 [1565 kB]
Build & Test (ubuntu-24.04)	Setup Compiler & System Dependencies (Linux)	2026-06-11T20:03:11.9606257Z Get:49 http://azure.archive.ubuntu.com/ubuntu noble/universe amd64 libmd4c0 amd64 0.4.8-1build1 [42.3 kB]
Build & Test (ubuntu-24.04)	Setup Compiler & System Dependencies (Linux)	2026-06-11T20:03:11.9995402Z Get:50 http://azure.archive.ubuntu.com/ubuntu noble-updates/main amd64 libpoppler134 amd64 24.02.0-1ubuntu9.9 [1118 kB]
Build & Test (ubuntu-24.04)	Setup Compiler & System Dependencies (Linux)	2026-06-11T20:03:12.0490807Z Get:51 http://azure.archive.ubuntu.com/ubuntu noble-updates/main amd64 libpoppler-dev amd64 24.02.0-1ubuntu9.9 [5204 B]
Build & Test (ubuntu-24.04)	Setup Compiler & System Dependencies (Linux)	2026-06-11T20:03:12.0882852Z Get:52 http://azure.archive.ubuntu.com/ubuntu noble/universe amd64 libqt6core6t64 amd64 6.4.2+dfsg-21.1build5 [1789 kB]
Build & Test (ubuntu-24.04)	Setup Compiler & System Dependencies (Linux)	2026-06-11T20:03:12.1456045Z Get:53 http://azure.archive.ubuntu.com/ubuntu noble/universe amd64 libqt6dbus6t64 amd64 6.4.2+dfsg-21.1build5 [267 kB]
Build & Test (ubuntu-24.04)	Setup Compiler & System Dependencies (Linux)	2026-06-11T20:03:12.1870971Z Get:54 http://azure.archive.ubuntu.com/ubuntu noble/universe amd64 libts0t64 amd64 1.22-1.1build1 [63.8 kB]
Build & Test (ubuntu-24.04)	Setup Compiler & System Dependencies (Linux)	2026-06-11T20:03:12.2265386Z Get:55 http://azure.archive.ubuntu.com/ubuntu noble/main amd64 libxcb-icccm4 amd64 0.4.1-1.1build3 [10.8 kB]
Build & Test (ubuntu-24.04)	Setup Compiler & System Dependencies (Linux)	2026-06-11T20:03:12.2655871Z Get:56 http://azure.archive.ubuntu.com/ubuntu noble/main amd64 libxcb-util1 amd64 0.4.0-1build3 [10.7 kB]
Build & Test (ubuntu-24.04)	Setup Compiler & System Dependencies (Linux)	2026-06-11T20:03:12.3096308Z Get:57 http://azure.archive.ubuntu.com/ubuntu noble/main amd64 libxcb-image0 amd64 0.4.0-2build1 [10.8 kB]
Build & Test (ubuntu-24.04)	Setup Compiler & System Dependencies (Linux)	2026-06-11T20:03:12.3918179Z Get:58 http://azure.archive.ubuntu.com/ubuntu noble/main amd64 libxcb-keysyms1 amd64 0.4.0-1build4 [7956 B]
Build & Test (ubuntu-24.04)	Setup Compiler & System Dependencies (Linux)	2026-06-11T20:03:12.4209891Z Get:59 http://azure.archive.ubuntu.com/ubuntu noble/main amd64 libxcb-render-util0 amd64 0.3.9-1build4 [9608 B]
Build & Test (ubuntu-24.04)	Setup Compiler & System Dependencies (Linux)	2026-06-11T20:03:12.4506533Z Get:60 http://azure.archive.ubuntu.com/ubuntu noble/main amd64 libxcb-shape0 amd64 1.15-1ubuntu2 [6100 B]
Build & Test (ubuntu-24.04)	Setup Compiler & System Dependencies (Linux)	2026-06-11T20:03:12.4799543Z Get:61 http://azure.archive.ubuntu.com/ubuntu noble/main amd64 libxcb-xkb1 amd64 1.15-1ubuntu2 [32.3 kB]
Build & Test (ubuntu-24.04)	Setup Compiler & System Dependencies (Linux)	2026-06-11T20:03:12.5092253Z Get:62 http://azure.archive.ubuntu.com/ubuntu noble/main amd64 libxkbcommon-x11-0 amd64 1.6.0-1build1 [14.5 kB]
Build & Test (ubuntu-24.04)	Setup Compiler & System Dependencies (Linux)	2026-06-11T20:03:12.5459135Z Get:63 http://azure.archive.ubuntu.com/ubuntu noble/universe amd64 libqt6gui6t64 amd64 6.4.2+dfsg-21.1build5 [3119 kB]
Build & Test (ubuntu-24.04)	Setup Compiler & System Dependencies (Linux)	2026-06-11T20:03:12.6305087Z Get:64 http://azure.archive.ubuntu.com/ubuntu noble-updates/universe amd64 libpoppler-qt6-3t64 amd64 24.02.0-1ubuntu9.9 [175 kB]
Build & Test (ubuntu-24.04)	Setup Compiler & System Dependencies (Linux)	2026-06-11T20:03:12.6696390Z Get:65 http://azure.archive.ubuntu.com/ubuntu noble/universe amd64 libqt6concurrent6t64 amd64 6.4.2+dfsg-21.1build5 [33.4 kB]
Build & Test (ubuntu-24.04)	Setup Compiler & System Dependencies (Linux)	2026-06-11T20:03:12.7062988Z Get:66 http://azure.archive.ubuntu.com/ubuntu noble/main amd64 libproxy1v5 amd64 0.5.4-4build1 [26.5 kB]
Build & Test (ubuntu-24.04)	Setup Compiler & System Dependencies (Linux)	2026-06-11T20:03:12.7433995Z Get:67 http://azure.archive.ubuntu.com/ubuntu noble/universe amd64 libqt6network6t64 amd64 6.4.2+dfsg-21.1build5 [740 kB]
Build & Test (ubuntu-24.04)	Setup Compiler & System Dependencies (Linux)	2026-06-11T20:03:12.7957324Z Get:68 http://azure.archive.ubuntu.com/ubuntu noble/universe amd64 libqt6opengl6t64 amd64 6.4.2+dfsg-21.1build5 [420 kB]
Build & Test (ubuntu-24.04)	Setup Compiler & System Dependencies (Linux)	2026-06-11T20:03:12.8397682Z Get:69 http://azure.archive.ubuntu.com/ubuntu noble/universe amd64 libqt6widgets6t64 amd64 6.4.2+dfsg-21.1build5 [2648 kB]
Build & Test (ubuntu-24.04)	Setup Compiler & System Dependencies (Linux)	2026-06-11T20:03:12.9609238Z Get:70 http://azure.archive.ubuntu.com/ubuntu noble/universe amd64 libqt6openglwidgets6t64 amd64 6.4.2+dfsg-21.1build5 [40.4 kB]
Build & Test (ubuntu-24.04)	Setup Compiler & System Dependencies (Linux)	2026-06-11T20:03:12.9972393Z Get:71 http://azure.archive.ubuntu.com/ubuntu noble/universe amd64 libqt6printsupport6t64 amd64 6.4.2+dfsg-21.1build5 [222 kB]
Build & Test (ubuntu-24.04)	Setup Compiler & System Dependencies (Linux)	2026-06-11T20:03:13.0367292Z Get:72 http://azure.archive.ubuntu.com/ubuntu noble/universe amd64 libqt6sql6t64 amd64 6.4.2+dfsg-21.1build5 [141 kB]
Build & Test (ubuntu-24.04)	Setup Compiler & System Dependencies (Linux)	2026-06-11T20:03:13.0749366Z Get:73 http://azure.archive.ubuntu.com/ubuntu noble/universe amd64 libqt6test6t64 amd64 6.4.2+dfsg-21.1build5 [167 kB]
Build & Test (ubuntu-24.04)	Setup Compiler & System Dependencies (Linux)	2026-06-11T20:03:13.1131104Z Get:74 http://azure.archive.ubuntu.com/ubuntu noble/universe amd64 libqt6xml6t64 amd64 6.4.2+dfsg-21.1build5 [75.9 kB]
Build & Test (ubuntu-24.04)	Setup Compiler & System Dependencies (Linux)	2026-06-11T20:03:13.1509827Z Get:75 http://azure.archive.ubuntu.com/ubuntu noble/main amd64 libvulkan-dev amd64 1.3.275.0-1build1 [1239 kB]
Build & Test (ubuntu-24.04)	Setup Compiler & System Dependencies (Linux)	2026-06-11T20:03:13.2547616Z Get:76 http://azure.archive.ubuntu.com/ubuntu noble/universe amd64 qmake6-bin amd64 6.4.2+dfsg-21.1build5 [624 kB]
Build & Test (ubuntu-24.04)	Setup Compiler & System Dependencies (Linux)	2026-06-11T20:03:13.3084346Z Get:77 http://azure.archive.ubuntu.com/ubuntu noble/universe amd64 qmake6 amd64 6.4.2+dfsg-21.1build5 [178 kB]
Build & Test (ubuntu-24.04)	Setup Compiler & System Dependencies (Linux)	2026-06-11T20:03:13.3493324Z Get:78 http://azure.archive.ubuntu.com/ubuntu noble/universe amd64 qt6-base-dev-tools amd64 6.4.2+dfsg-21.1build5 [970 kB]
Build & Test (ubuntu-24.04)	Setup Compiler & System Dependencies (Linux)	2026-06-11T20:03:13.4048696Z Get:79 http://azure.archive.ubuntu.com/ubuntu noble/universe amd64 qt6-qpa-plugins amd64 6.4.2+dfsg-21.1build5 [89.3 kB]
Build & Test (ubuntu-24.04)	Setup Compiler & System Dependencies (Linux)	2026-06-11T20:03:13.4434151Z Get:80 http://azure.archive.ubuntu.com/ubuntu noble/universe amd64 qt6-base-dev amd64 6.4.2+dfsg-21.1build5 [1458 kB]
Build & Test (ubuntu-24.04)	Setup Compiler & System Dependencies (Linux)	2026-06-11T20:03:13.5129043Z Get:81 http://azure.archive.ubuntu.com/ubuntu noble-updates/universe amd64 libpoppler-qt6-dev amd64 24.02.0-1ubuntu9.9 [36.9 kB]
Build & Test (ubuntu-24.04)	Setup Compiler & System Dependencies (Linux)	2026-06-11T20:03:13.5498029Z Get:82 http://azure.archive.ubuntu.com/ubuntu noble/universe amd64 libqt6qml6 amd64 6.4.2+dfsg-4build3 [1619 kB]
Build & Test (ubuntu-24.04)	Setup Compiler & System Dependencies (Linux)	2026-06-11T20:03:13.6196808Z Get:83 http://azure.archive.ubuntu.com/ubuntu noble/universe amd64 libqt6qmlmodels6 amd64 6.4.2+dfsg-4build3 [267 kB]
Build & Test (ubuntu-24.04)	Setup Compiler & System Dependencies (Linux)	2026-06-11T20:03:13.6613695Z Get:84 http://azure.archive.ubuntu.com/ubuntu noble/universe amd64 libqt6quick6 amd64 6.4.2+dfsg-4build3 [2001 kB]
Build & Test (ubuntu-24.04)	Setup Compiler & System Dependencies (Linux)	2026-06-11T20:03:13.7737706Z Get:85 http://azure.archive.ubuntu.com/ubuntu noble/universe amd64 libqt6sql6-sqlite amd64 6.4.2+dfsg-21.1build5 [57.8 kB]
Build & Test (ubuntu-24.04)	Setup Compiler & System Dependencies (Linux)	2026-06-11T20:03:13.8124867Z Get:86 http://azure.archive.ubuntu.com/ubuntu noble/universe amd64 libqt6waylandclient6 amd64 6.4.2-5build3 [251 kB]
Build & Test (ubuntu-24.04)	Setup Compiler & System Dependencies (Linux)	2026-06-11T20:03:13.8567282Z Get:87 http://azure.archive.ubuntu.com/ubuntu noble/main amd64 libwayland-server0 amd64 1.22.0-2.1build1 [33.9 kB]
Build & Test (ubuntu-24.04)	Setup Compiler & System Dependencies (Linux)	2026-06-11T20:03:13.8937002Z Get:88 http://azure.archive.ubuntu.com/ubuntu noble/universe amd64 libqt6waylandcompositor6 amd64 6.4.2-5build3 [427 kB]
Build & Test (ubuntu-24.04)	Setup Compiler & System Dependencies (Linux)	2026-06-11T20:03:13.9433121Z Get:89 http://azure.archive.ubuntu.com/ubuntu noble/universe amd64 libqt6waylandeglclienthwintegration6 amd64 6.4.2-5build3 [19.5 kB]
Build & Test (ubuntu-24.04)	Setup Compiler & System Dependencies (Linux)	2026-06-11T20:03:13.9888126Z Get:90 http://azure.archive.ubuntu.com/ubuntu noble/universe amd64 libqt6waylandeglcompositorhwintegration6 amd64 6.4.2-5build3 [15.2 kB]
Build & Test (ubuntu-24.04)	Setup Compiler & System Dependencies (Linux)	2026-06-11T20:03:14.0328842Z Get:91 http://azure.archive.ubuntu.com/ubuntu noble/universe amd64 libqt6wlshellintegration6 amd64 6.4.2-5build3 [38.0 kB]
Build & Test (ubuntu-24.04)	Setup Compiler & System Dependencies (Linux)	2026-06-11T20:03:14.0695893Z Get:92 http://azure.archive.ubuntu.com/ubuntu noble/universe amd64 libtesseract5 amd64 5.3.4-1build5 [1291 kB]
Build & Test (ubuntu-24.04)	Setup Compiler & System Dependencies (Linux)	2026-06-11T20:03:14.1313251Z Get:93 http://azure.archive.ubuntu.com/ubuntu noble/universe amd64 libtesseract-dev amd64 5.3.4-1build5 [1633 kB]
Build & Test (ubuntu-24.04)	Setup Compiler & System Dependencies (Linux)	2026-06-11T20:03:14.2369408Z Get:94 http://azure.archive.ubuntu.com/ubuntu noble/main amd64 libxcb-xinerama0 amd64 1.15-1ubuntu2 [5410 B]
Build & Test (ubuntu-24.04)	Setup Compiler & System Dependencies (Linux)	2026-06-11T20:03:14.2726223Z Get:95 http://azure.archive.ubuntu.com/ubuntu noble/main amd64 libxkbcommon-dev amd64 1.6.0-1build1 [56.3 kB]
Build & Test (ubuntu-24.04)	Setup Compiler & System Dependencies (Linux)	2026-06-11T20:03:14.3087604Z Get:96 http://azure.archive.ubuntu.com/ubuntu noble/universe amd64 ninja-build amd64 1.11.1-2 [129 kB]
Build & Test (ubuntu-24.04)	Setup Compiler & System Dependencies (Linux)	2026-06-11T20:03:14.3460972Z Get:97 http://azure.archive.ubuntu.com/ubuntu noble/universe amd64 qt6-gtk-platformtheme amd64 6.4.2+dfsg-21.1build5 [55.1 kB]
Build & Test (ubuntu-24.04)	Setup Compiler & System Dependencies (Linux)	2026-06-11T20:03:14.3831433Z Get:98 http://azure.archive.ubuntu.com/ubuntu noble/universe amd64 qt6-translations-l10n all 6.4.2-1 [1761 kB]
Build & Test (ubuntu-24.04)	Setup Compiler & System Dependencies (Linux)	2026-06-11T20:03:14.4493253Z Get:99 http://azure.archive.ubuntu.com/ubuntu noble/universe amd64 qt6-wayland amd64 6.4.2-5build3 [127 kB]
Build & Test (ubuntu-24.04)	Setup Compiler & System Dependencies (Linux)	2026-06-11T20:03:14.4863842Z Get:100 http://azure.archive.ubuntu.com/ubuntu noble/universe amd64 tesseract-ocr-eng all 1:4.1.0-2 [1818 kB]
Build & Test (ubuntu-24.04)	Setup Compiler & System Dependencies (Linux)	2026-06-11T20:03:14.5490771Z Get:101 http://azure.archive.ubuntu.com/ubuntu noble/universe amd64 tesseract-ocr-osd all 1:4.1.0-2 [3841 kB]
Build & Test (ubuntu-24.04)	Setup Compiler & System Dependencies (Linux)	2026-06-11T20:03:14.6502158Z Get:102 http://azure.archive.ubuntu.com/ubuntu noble/universe amd64 tesseract-ocr amd64 5.3.4-1build5 [328 kB]
Build & Test (ubuntu-24.04)	Setup Compiler & System Dependencies (Linux)	2026-06-11T20:03:14.6972451Z Get:103 http://azure.archive.ubuntu.com/ubuntu noble-updates/main amd64 xserver-common all 2:21.1.12-1ubuntu1.6 [34.7 kB]
Build & Test (ubuntu-24.04)	Setup Compiler & System Dependencies (Linux)	2026-06-11T20:03:14.7369974Z Get:104 http://azure.archive.ubuntu.com/ubuntu noble-updates/universe amd64 xvfb amd64 2:21.1.12-1ubuntu1.6 [877 kB]
Build & Test (ubuntu-24.04)	Setup Compiler & System Dependencies (Linux)	2026-06-11T20:03:14.7894563Z Get:105 http://azure.archive.ubuntu.com/ubuntu noble-updates/main amd64 libgl1-mesa-dev amd64 25.2.8-0ubuntu0.24.04.1 [22.5 kB]
Build & Test (ubuntu-24.04)	Setup Compiler & System Dependencies (Linux)	2026-06-11T20:03:14.8289380Z Get:106 http://azure.archive.ubuntu.com/ubuntu noble/universe amd64 libxcb-cursor0 amd64 0.1.4-1build1 [10.7 kB]
Build & Test (ubuntu-24.04)	Setup Compiler & System Dependencies (Linux)	2026-06-11T20:03:15.2650175Z Fetched 56.5 MB in 6s (10.3 MB/s)
Build & Test (ubuntu-24.04)	Setup Compiler & System Dependencies (Linux)	2026-06-11T20:03:15.2896898Z Selecting previously unselected package poppler-data.
Build & Test (ubuntu-24.04)	Setup Compiler & System Dependencies (Linux)	2026-06-11T20:03:15.3162036Z (Reading database ... 
Build & Test (ubuntu-24.04)	Setup Compiler & System Dependencies (Linux)	2026-06-11T20:03:15.3162453Z (Reading database ... 5%
Build & Test (ubuntu-24.04)	Setup Compiler & System Dependencies (Linux)	2026-06-11T20:03:15.3162718Z (Reading database ... 10%
Build & Test (ubuntu-24.04)	Setup Compiler & System Dependencies (Linux)	2026-06-11T20:03:15.3162981Z (Reading database ... 15%
Build & Test (ubuntu-24.04)	Setup Compiler & System Dependencies (Linux)	2026-06-11T20:03:15.3163219Z (Reading database ... 20%
Build & Test (ubuntu-24.04)	Setup Compiler & System Dependencies (Linux)	2026-06-11T20:03:15.3163731Z (Reading database ... 25%
Build & Test (ubuntu-24.04)	Setup Compiler & System Dependencies (Linux)	2026-06-11T20:03:15.3163991Z (Reading database ... 30%
Build & Test (ubuntu-24.04)	Setup Compiler & System Dependencies (Linux)	2026-06-11T20:03:15.3165158Z (Reading database ... 35%
Build & Test (ubuntu-24.04)	Setup Compiler & System Dependencies (Linux)	2026-06-11T20:03:15.3165666Z (Reading database ... 40%
Build & Test (ubuntu-24.04)	Setup Compiler & System Dependencies (Linux)	2026-06-11T20:03:15.3166194Z (Reading database ... 45%
Build & Test (ubuntu-24.04)	Setup Compiler & System Dependencies (Linux)	2026-06-11T20:03:15.3166719Z (Reading database ... 50%
Build & Test (ubuntu-24.04)	Setup Compiler & System Dependencies (Linux)	2026-06-11T20:03:15.3205674Z (Reading database ... 55%
Build & Test (ubuntu-24.04)	Setup Compiler & System Dependencies (Linux)	2026-06-11T20:03:15.4381854Z (Reading database ... 60%
Build & Test (ubuntu-24.04)	Setup Compiler & System Dependencies (Linux)	2026-06-11T20:03:15.6023931Z (Reading database ... 65%
Build & Test (ubuntu-24.04)	Setup Compiler & System Dependencies (Linux)	2026-06-11T20:03:15.7928097Z (Reading database ... 70%
Build & Test (ubuntu-24.04)	Setup Compiler & System Dependencies (Linux)	2026-06-11T20:03:15.8809483Z (Reading database ... 75%
Build & Test (ubuntu-24.04)	Setup Compiler & System Dependencies (Linux)	2026-06-11T20:03:15.9454437Z (Reading database ... 80%
Build & Test (ubuntu-24.04)	Setup Compiler & System Dependencies (Linux)	2026-06-11T20:03:16.0908265Z (Reading database ... 85%
Build & Test (ubuntu-24.04)	Setup Compiler & System Dependencies (Linux)	2026-06-11T20:03:16.2013870Z (Reading database ... 90%
Build & Test (ubuntu-24.04)	Setup Compiler & System Dependencies (Linux)	2026-06-11T20:03:16.2966441Z (Reading database ... 95%
Build & Test (ubuntu-24.04)	Setup Compiler & System Dependencies (Linux)	2026-06-11T20:03:16.2966969Z (Reading database ... 100%
Build & Test (ubuntu-24.04)	Setup Compiler & System Dependencies (Linux)	2026-06-11T20:03:16.2967512Z (Reading database ... 202149 files and directories currently installed.)
Build & Test (ubuntu-24.04)	Setup Compiler & System Dependencies (Linux)	2026-06-11T20:03:16.3011942Z Preparing to unpack .../000-poppler-data_0.4.12-1_all.deb ...
Build & Test (ubuntu-24.04)	Setup Compiler & System Dependencies (Linux)	2026-06-11T20:03:16.3036036Z Unpacking poppler-data (0.4.12-1) ...
Build & Test (ubuntu-24.04)	Setup Compiler & System Dependencies (Linux)	2026-06-11T20:03:16.4333296Z Selecting previously unselected package build-essential.
Build & Test (ubuntu-24.04)	Setup Compiler & System Dependencies (Linux)	2026-06-11T20:03:16.4466403Z Preparing to unpack .../001-build-essential_12.10ubuntu1_amd64.deb ...
Build & Test (ubuntu-24.04)	Setup Compiler & System Dependencies (Linux)	2026-06-11T20:03:16.4475224Z Unpacking build-essential (12.10ubuntu1) ...
Build & Test (ubuntu-24.04)	Setup Compiler & System Dependencies (Linux)	2026-06-11T20:03:16.4679008Z Selecting previously unselected package bzip2-doc.
Build & Test (ubuntu-24.04)	Setup Compiler & System Dependencies (Linux)	2026-06-11T20:03:16.4806769Z Preparing to unpack .../002-bzip2-doc_1.0.8-5.1build0.1_all.deb ...
Build & Test (ubuntu-24.04)	Setup Compiler & System Dependencies (Linux)	2026-06-11T20:03:16.4816128Z Unpacking bzip2-doc (1.0.8-5.1build0.1) ...
Build & Test (ubuntu-24.04)	Setup Compiler & System Dependencies (Linux)	2026-06-11T20:03:16.5061497Z Selecting previously unselected package libjsoncpp25:amd64.
Build & Test (ubuntu-24.04)	Setup Compiler & System Dependencies (Linux)	2026-06-11T20:03:16.5189175Z Preparing to unpack .../003-libjsoncpp25_1.9.5-6build1_amd64.deb ...
Build & Test (ubuntu-24.04)	Setup Compiler & System Dependencies (Linux)	2026-06-11T20:03:16.5208597Z Unpacking libjsoncpp25:amd64 (1.9.5-6build1) ...
Build & Test (ubuntu-24.04)	Setup Compiler & System Dependencies (Linux)	2026-06-11T20:03:16.5432556Z Selecting previously unselected package librhash0:amd64.
Build & Test (ubuntu-24.04)	Setup Compiler & System Dependencies (Linux)	2026-06-11T20:03:16.5555596Z Preparing to unpack .../004-librhash0_1.4.3-3build1_amd64.deb ...
Build & Test (ubuntu-24.04)	Setup Compiler & System Dependencies (Linux)	2026-06-11T20:03:16.5564309Z Unpacking librhash0:amd64 (1.4.3-3build1) ...
Build & Test (ubuntu-24.04)	Setup Compiler & System Dependencies (Linux)	2026-06-11T20:03:16.5791431Z Selecting previously unselected package cmake-data.
Build & Test (ubuntu-24.04)	Setup Compiler & System Dependencies (Linux)	2026-06-11T20:03:16.5915882Z Preparing to unpack .../005-cmake-data_3.28.3-1build7_all.deb ...
Build & Test (ubuntu-24.04)	Setup Compiler & System Dependencies (Linux)	2026-06-11T20:03:16.5983341Z Unpacking cmake-data (3.28.3-1build7) ...
Build & Test (ubuntu-24.04)	Setup Compiler & System Dependencies (Linux)	2026-06-11T20:03:17.1269076Z Selecting previously unselected package cmake.
Build & Test (ubuntu-24.04)	Setup Compiler & System Dependencies (Linux)	2026-06-11T20:03:17.1418513Z Preparing to unpack .../006-cmake_3.28.3-1build7_amd64.deb ...
Build & Test (ubuntu-24.04)	Setup Compiler & System Dependencies (Linux)	2026-06-11T20:03:17.1425959Z Unpacking cmake (3.28.3-1build7) ...
Build & Test (ubuntu-24.04)	Setup Compiler & System Dependencies (Linux)	2026-06-11T20:03:17.2988794Z Selecting previously unselected package libbz2-dev:amd64.
Build & Test (ubuntu-24.04)	Setup Compiler & System Dependencies (Linux)	2026-06-11T20:03:17.3124745Z Preparing to unpack .../007-libbz2-dev_1.0.8-5.1build0.1_amd64.deb ...
Build & Test (ubuntu-24.04)	Setup Compiler & System Dependencies (Linux)	2026-06-11T20:03:17.3134042Z Unpacking libbz2-dev:amd64 (1.0.8-5.1build0.1) ...
Build & Test (ubuntu-24.04)	Setup Compiler & System Dependencies (Linux)	2026-06-11T20:03:17.3339143Z Selecting previously unselected package liblzma-dev:amd64.
Build & Test (ubuntu-24.04)	Setup Compiler & System Dependencies (Linux)	2026-06-11T20:03:17.3481366Z Preparing to unpack .../008-liblzma-dev_5.6.1+really5.4.5-1ubuntu0.3_amd64.deb ...
Build & Test (ubuntu-24.04)	Setup Compiler & System Dependencies (Linux)	2026-06-11T20:03:17.3482664Z Unpacking liblzma-dev:amd64 (5.6.1+really5.4.5-1ubuntu0.3) ...
Build & Test (ubuntu-24.04)	Setup Compiler & System Dependencies (Linux)	2026-06-11T20:03:17.3749212Z Selecting previously unselected package libattr1-dev:amd64.
Build & Test (ubuntu-24.04)	Setup Compiler & System Dependencies (Linux)	2026-06-11T20:03:17.3880487Z Preparing to unpack .../009-libattr1-dev_1%3a2.5.2-1build1.1_amd64.deb ...
Build & Test (ubuntu-24.04)	Setup Compiler & System Dependencies (Linux)	2026-06-11T20:03:17.3888039Z Unpacking libattr1-dev:amd64 (1:2.5.2-1build1.1) ...
Build & Test (ubuntu-24.04)	Setup Compiler & System Dependencies (Linux)	2026-06-11T20:03:17.4145354Z Selecting previously unselected package libacl1-dev:amd64.
Build & Test (ubuntu-24.04)	Setup Compiler & System Dependencies (Linux)	2026-06-11T20:03:17.4274802Z Preparing to unpack .../010-libacl1-dev_2.3.2-1build1.1_amd64.deb ...
Build & Test (ubuntu-24.04)	Setup Compiler & System Dependencies (Linux)	2026-06-11T20:03:17.4282081Z Unpacking libacl1-dev:amd64 (2.3.2-1build1.1) ...
Build & Test (ubuntu-24.04)	Setup Compiler & System Dependencies (Linux)	2026-06-11T20:03:17.4556861Z Selecting previously unselected package comerr-dev:amd64.
Build & Test (ubuntu-24.04)	Setup Compiler & System Dependencies (Linux)	2026-06-11T20:03:17.4685294Z Preparing to unpack .../011-comerr-dev_2.1-1.47.0-2.4~exp1ubuntu4.1_amd64.deb ...
Build & Test (ubuntu-24.04)	Setup Compiler & System Dependencies (Linux)	2026-06-11T20:03:17.4715847Z Unpacking comerr-dev:amd64 (2.1-1.47.0-2.4~exp1ubuntu4.1) ...
Build & Test (ubuntu-24.04)	Setup Compiler & System Dependencies (Linux)	2026-06-11T20:03:17.4949779Z Selecting previously unselected package libext2fs-dev.
Build & Test (ubuntu-24.04)	Setup Compiler & System Dependencies (Linux)	2026-06-11T20:03:17.5076518Z Preparing to unpack .../012-libext2fs-dev_1.47.0-2.4~exp1ubuntu4.1_amd64.deb ...
Build & Test (ubuntu-24.04)	Setup Compiler & System Dependencies (Linux)	2026-06-11T20:03:17.5084338Z Unpacking libext2fs-dev (1.47.0-2.4~exp1ubuntu4.1) ...
Build & Test (ubuntu-24.04)	Setup Compiler & System Dependencies (Linux)	2026-06-11T20:03:17.5345926Z Selecting previously unselected package nettle-dev:amd64.
Build & Test (ubuntu-24.04)	Setup Compiler & System Dependencies (Linux)	2026-06-11T20:03:17.5472373Z Preparing to unpack .../013-nettle-dev_3.9.1-2.2build1.1_amd64.deb ...
Build & Test (ubuntu-24.04)	Setup Compiler & System Dependencies (Linux)	2026-06-11T20:03:17.5479747Z Unpacking nettle-dev:amd64 (3.9.1-2.2build1.1) ...
Build & Test (ubuntu-24.04)	Setup Compiler & System Dependencies (Linux)	2026-06-11T20:03:17.5884048Z Selecting previously unselected package libarchive-dev:amd64.
Build & Test (ubuntu-24.04)	Setup Compiler & System Dependencies (Linux)	2026-06-11T20:03:17.6014516Z Preparing to unpack .../014-libarchive-dev_3.7.2-2ubuntu0.7_amd64.deb ...
Build & Test (ubuntu-24.04)	Setup Compiler & System Dependencies (Linux)	2026-06-11T20:03:17.6021645Z Unpacking libarchive-dev:amd64 (3.7.2-2ubuntu0.7) ...
Build & Test (ubuntu-24.04)	Setup Compiler & System Dependencies (Linux)	2026-06-11T20:03:17.6383045Z Selecting previously unselected package libb2-1:amd64.
Build & Test (ubuntu-24.04)	Setup Compiler & System Dependencies (Linux)	2026-06-11T20:03:17.6513329Z Preparing to unpack .../015-libb2-1_0.98.1-1.1build1_amd64.deb ...
Build & Test (ubuntu-24.04)	Setup Compiler & System Dependencies (Linux)	2026-06-11T20:03:17.6524020Z Unpacking libb2-1:amd64 (0.98.1-1.1build1) ...
Build & Test (ubuntu-24.04)	Setup Compiler & System Dependencies (Linux)	2026-06-11T20:03:17.6725921Z Selecting previously unselected package libcurl4-openssl-dev:amd64.
Build & Test (ubuntu-24.04)	Setup Compiler & System Dependencies (Linux)	2026-06-11T20:03:17.6851983Z Preparing to unpack .../016-libcurl4-openssl-dev_8.5.0-2ubuntu10.9_amd64.deb ...
Build & Test (ubuntu-24.04)	Setup Compiler & System Dependencies (Linux)	2026-06-11T20:03:17.6859836Z Unpacking libcurl4-openssl-dev:amd64 (8.5.0-2ubuntu10.9) ...
Build & Test (ubuntu-24.04)	Setup Compiler & System Dependencies (Linux)	2026-06-11T20:03:17.7165229Z Selecting previously unselected package libdouble-conversion3:amd64.
Build & Test (ubuntu-24.04)	Setup Compiler & System Dependencies (Linux)	2026-06-11T20:03:17.7294398Z Preparing to unpack .../017-libdouble-conversion3_3.3.0-1build1_amd64.deb ...
Build & Test (ubuntu-24.04)	Setup Compiler & System Dependencies (Linux)	2026-06-11T20:03:17.7304914Z Unpacking libdouble-conversion3:amd64 (3.3.0-1build1) ...
Build & Test (ubuntu-24.04)	Setup Compiler & System Dependencies (Linux)	2026-06-11T20:03:17.7518382Z Selecting previously unselected package libegl-mesa0:amd64.
Build & Test (ubuntu-24.04)	Setup Compiler & System Dependencies (Linux)	2026-06-11T20:03:17.7646940Z Preparing to unpack .../018-libegl-mesa0_25.2.8-0ubuntu0.24.04.1_amd64.deb ...
Build & Test (ubuntu-24.04)	Setup Compiler & System Dependencies (Linux)	2026-06-11T20:03:17.7656019Z Unpacking libegl-mesa0:amd64 (25.2.8-0ubuntu0.24.04.1) ...
Build & Test (ubuntu-24.04)	Setup Compiler & System Dependencies (Linux)	2026-06-11T20:03:17.7885850Z Selecting previously unselected package libegl1:amd64.
Build & Test (ubuntu-24.04)	Setup Compiler & System Dependencies (Linux)	2026-06-11T20:03:17.8012880Z Preparing to unpack .../019-libegl1_1.7.0-1build1_amd64.deb ...
Build & Test (ubuntu-24.04)	Setup Compiler & System Dependencies (Linux)	2026-06-11T20:03:17.8022409Z Unpacking libegl1:amd64 (1.7.0-1build1) ...
Build & Test (ubuntu-24.04)	Setup Compiler & System Dependencies (Linux)	2026-06-11T20:03:17.8226310Z Selecting previously unselected package xorg-sgml-doctools.
Build & Test (ubuntu-24.04)	Setup Compiler & System Dependencies (Linux)	2026-06-11T20:03:17.8354721Z Preparing to unpack .../020-xorg-sgml-doctools_1%3a1.11-1.1_all.deb ...
Build & Test (ubuntu-24.04)	Setup Compiler & System Dependencies (Linux)	2026-06-11T20:03:17.8365029Z Unpacking xorg-sgml-doctools (1:1.11-1.1) ...
Build & Test (ubuntu-24.04)	Setup Compiler & System Dependencies (Linux)	2026-06-11T20:03:17.8599486Z Selecting previously unselected package x11proto-dev.
Build & Test (ubuntu-24.04)	Setup Compiler & System Dependencies (Linux)	2026-06-11T20:03:17.8728380Z Preparing to unpack .../021-x11proto-dev_2023.2-1_all.deb ...
Build & Test (ubuntu-24.04)	Setup Compiler & System Dependencies (Linux)	2026-06-11T20:03:17.8737164Z Unpacking x11proto-dev (2023.2-1) ...
Build & Test (ubuntu-24.04)	Setup Compiler & System Dependencies (Linux)	2026-06-11T20:03:17.9221059Z Selecting previously unselected package libxau-dev:amd64.
Build & Test (ubuntu-24.04)	Setup Compiler & System Dependencies (Linux)	2026-06-11T20:03:17.9352777Z Preparing to unpack .../022-libxau-dev_1%3a1.0.9-1build6_amd64.deb ...
Build & Test (ubuntu-24.04)	Setup Compiler & System Dependencies (Linux)	2026-06-11T20:03:17.9360856Z Unpacking libxau-dev:amd64 (1:1.0.9-1build6) ...
Build & Test (ubuntu-24.04)	Setup Compiler & System Dependencies (Linux)	2026-06-11T20:03:17.9568981Z Selecting previously unselected package libxdmcp-dev:amd64.
Build & Test (ubuntu-24.04)	Setup Compiler & System Dependencies (Linux)	2026-06-11T20:03:17.9695692Z Preparing to unpack .../023-libxdmcp-dev_1%3a1.1.3-0ubuntu6_amd64.deb ...
Build & Test (ubuntu-24.04)	Setup Compiler & System Dependencies (Linux)	2026-06-11T20:03:17.9705066Z Unpacking libxdmcp-dev:amd64 (1:1.1.3-0ubuntu6) ...
Build & Test (ubuntu-24.04)	Setup Compiler & System Dependencies (Linux)	2026-06-11T20:03:17.9906079Z Selecting previously unselected package xtrans-dev.
Build & Test (ubuntu-24.04)	Setup Compiler & System Dependencies (Linux)	2026-06-11T20:03:18.0034227Z Preparing to unpack .../024-xtrans-dev_1.4.0-1_all.deb ...
Build & Test (ubuntu-24.04)	Setup Compiler & System Dependencies (Linux)	2026-06-11T20:03:18.0042762Z Unpacking xtrans-dev (1.4.0-1) ...
Build & Test (ubuntu-24.04)	Setup Compiler & System Dependencies (Linux)	2026-06-11T20:03:18.0285468Z Selecting previously unselected package libpthread-stubs0-dev:amd64.
Build & Test (ubuntu-24.04)	Setup Compiler & System Dependencies (Linux)	2026-06-11T20:03:18.0414050Z Preparing to unpack .../025-libpthread-stubs0-dev_0.4-1build3_amd64.deb ...
Build & Test (ubuntu-24.04)	Setup Compiler & System Dependencies (Linux)	2026-06-11T20:03:18.0422050Z Unpacking libpthread-stubs0-dev:amd64 (0.4-1build3) ...
Build & Test (ubuntu-24.04)	Setup Compiler & System Dependencies (Linux)	2026-06-11T20:03:18.0615941Z Selecting previously unselected package libxcb1-dev:amd64.
Build & Test (ubuntu-24.04)	Setup Compiler & System Dependencies (Linux)	2026-06-11T20:03:18.0742830Z Preparing to unpack .../026-libxcb1-dev_1.15-1ubuntu2_amd64.deb ...
Build & Test (ubuntu-24.04)	Setup Compiler & System Dependencies (Linux)	2026-06-11T20:03:18.0751655Z Unpacking libxcb1-dev:amd64 (1.15-1ubuntu2) ...
Build & Test (ubuntu-24.04)	Setup Compiler & System Dependencies (Linux)	2026-06-11T20:03:18.0994579Z Selecting previously unselected package libx11-dev:amd64.
Build & Test (ubuntu-24.04)	Setup Compiler & System Dependencies (Linux)	2026-06-11T20:03:18.1130625Z Preparing to unpack .../027-libx11-dev_2%3a1.8.7-1build1_amd64.deb ...
Build & Test (ubuntu-24.04)	Setup Compiler & System Dependencies (Linux)	2026-06-11T20:03:18.1138476Z Unpacking libx11-dev:amd64 (2:1.8.7-1build1) ...
Build & Test (ubuntu-24.04)	Setup Compiler & System Dependencies (Linux)	2026-06-11T20:03:18.1443109Z Selecting previously unselected package libglx-dev:amd64.
Build & Test (ubuntu-24.04)	Setup Compiler & System Dependencies (Linux)	2026-06-11T20:03:18.1574295Z Preparing to unpack .../028-libglx-dev_1.7.0-1build1_amd64.deb ...
Build & Test (ubuntu-24.04)	Setup Compiler & System Dependencies (Linux)	2026-06-11T20:03:18.1583340Z Unpacking libglx-dev:amd64 (1.7.0-1build1) ...
Build & Test (ubuntu-24.04)	Setup Compiler & System Dependencies (Linux)	2026-06-11T20:03:18.1785160Z Selecting previously unselected package libgl-dev:amd64.
Build & Test (ubuntu-24.04)	Setup Compiler & System Dependencies (Linux)	2026-06-11T20:03:18.1914835Z Preparing to unpack .../029-libgl-dev_1.7.0-1build1_amd64.deb ...
Build & Test (ubuntu-24.04)	Setup Compiler & System Dependencies (Linux)	2026-06-11T20:03:18.1923009Z Unpacking libgl-dev:amd64 (1.7.0-1build1) ...
Build & Test (ubuntu-24.04)	Setup Compiler & System Dependencies (Linux)	2026-06-11T20:03:18.2165957Z Selecting previously unselected package libegl-dev:amd64.
Build & Test (ubuntu-24.04)	Setup Compiler & System Dependencies (Linux)	2026-06-11T20:03:18.2294614Z Preparing to unpack .../030-libegl-dev_1.7.0-1build1_amd64.deb ...
Build & Test (ubuntu-24.04)	Setup Compiler & System Dependencies (Linux)	2026-06-11T20:03:18.2303272Z Unpacking libegl-dev:amd64 (1.7.0-1build1) ...
Build & Test (ubuntu-24.04)	Setup Compiler & System Dependencies (Linux)	2026-06-11T20:03:18.2512775Z Selecting previously unselected package libglvnd-core-dev:amd64.
Build & Test (ubuntu-24.04)	Setup Compiler & System Dependencies (Linux)	2026-06-11T20:03:18.2641591Z Preparing to unpack .../031-libglvnd-core-dev_1.7.0-1build1_amd64.deb ...
Build & Test (ubuntu-24.04)	Setup Compiler & System Dependencies (Linux)	2026-06-11T20:03:18.2649655Z Unpacking libglvnd-core-dev:amd64 (1.7.0-1build1) ...
Build & Test (ubuntu-24.04)	Setup Compiler & System Dependencies (Linux)	2026-06-11T20:03:18.2869296Z Selecting previously unselected package libgles1:amd64.
Build & Test (ubuntu-24.04)	Setup Compiler & System Dependencies (Linux)	2026-06-11T20:03:18.2992704Z Preparing to unpack .../032-libgles1_1.7.0-1build1_amd64.deb ...
Build & Test (ubuntu-24.04)	Setup Compiler & System Dependencies (Linux)	2026-06-11T20:03:18.3000861Z Unpacking libgles1:amd64 (1.7.0-1build1) ...
Build & Test (ubuntu-24.04)	Setup Compiler & System Dependencies (Linux)	2026-06-11T20:03:18.3217935Z Selecting previously unselected package libgles2:amd64.
Build & Test (ubuntu-24.04)	Setup Compiler & System Dependencies (Linux)	2026-06-11T20:03:18.3344415Z Preparing to unpack .../033-libgles2_1.7.0-1build1_amd64.deb ...
Build & Test (ubuntu-24.04)	Setup Compiler & System Dependencies (Linux)	2026-06-11T20:03:18.3353418Z Unpacking libgles2:amd64 (1.7.0-1build1) ...
Build & Test (ubuntu-24.04)	Setup Compiler & System Dependencies (Linux)	2026-06-11T20:03:18.3561238Z Selecting previously unselected package libgles-dev:amd64.
Build & Test (ubuntu-24.04)	Setup Compiler & System Dependencies (Linux)	2026-06-11T20:03:18.3686875Z Preparing to unpack .../034-libgles-dev_1.7.0-1build1_amd64.deb ...
Build & Test (ubuntu-24.04)	Setup Compiler & System Dependencies (Linux)	2026-06-11T20:03:18.3694552Z Unpacking libgles-dev:amd64 (1.7.0-1build1) ...
Build & Test (ubuntu-24.04)	Setup Compiler & System Dependencies (Linux)	2026-06-11T20:03:18.3948555Z Selecting previously unselected package libopengl0:amd64.
Build & Test (ubuntu-24.04)	Setup Compiler & System Dependencies (Linux)	2026-06-11T20:03:18.4075643Z Preparing to unpack .../035-libopengl0_1.7.0-1build1_amd64.deb ...
Build & Test (ubuntu-24.04)	Setup Compiler & System Dependencies (Linux)	2026-06-11T20:03:18.4084010Z Unpacking libopengl0:amd64 (1.7.0-1build1) ...
Build & Test (ubuntu-24.04)	Setup Compiler & System Dependencies (Linux)	2026-06-11T20:03:18.4295514Z Selecting previously unselected package libopengl-dev:amd64.
Build & Test (ubuntu-24.04)	Setup Compiler & System Dependencies (Linux)	2026-06-11T20:03:18.4421658Z Preparing to unpack .../036-libopengl-dev_1.7.0-1build1_amd64.deb ...
Build & Test (ubuntu-24.04)	Setup Compiler & System Dependencies (Linux)	2026-06-11T20:03:18.4430224Z Unpacking libopengl-dev:amd64 (1.7.0-1build1) ...
Build & Test (ubuntu-24.04)	Setup Compiler & System Dependencies (Linux)	2026-06-11T20:03:18.4625811Z Selecting previously unselected package libglvnd-dev:amd64.
Build & Test (ubuntu-24.04)	Setup Compiler & System Dependencies (Linux)	2026-06-11T20:03:18.4751499Z Preparing to unpack .../037-libglvnd-dev_1.7.0-1build1_amd64.deb ...
Build & Test (ubuntu-24.04)	Setup Compiler & System Dependencies (Linux)	2026-06-11T20:03:18.4759185Z Unpacking libglvnd-dev:amd64 (1.7.0-1build1) ...
Build & Test (ubuntu-24.04)	Setup Compiler & System Dependencies (Linux)	2026-06-11T20:03:18.4955139Z Selecting previously unselected package libegl1-mesa-dev:amd64.
Build & Test (ubuntu-24.04)	Setup Compiler & System Dependencies (Linux)	2026-06-11T20:03:18.5082680Z Preparing to unpack .../038-libegl1-mesa-dev_25.2.8-0ubuntu0.24.04.1_amd64.deb ...
Build & Test (ubuntu-24.04)	Setup Compiler & System Dependencies (Linux)	2026-06-11T20:03:18.5091170Z Unpacking libegl1-mesa-dev:amd64 (25.2.8-0ubuntu0.24.04.1) ...
Build & Test (ubuntu-24.04)	Setup Compiler & System Dependencies (Linux)	2026-06-11T20:03:18.5303283Z Selecting previously unselected package libgif7:amd64.
Build & Test (ubuntu-24.04)	Setup Compiler & System Dependencies (Linux)	2026-06-11T20:03:18.5428717Z Preparing to unpack .../039-libgif7_5.2.2-1ubuntu1_amd64.deb ...
Build & Test (ubuntu-24.04)	Setup Compiler & System Dependencies (Linux)	2026-06-11T20:03:18.5436903Z Unpacking libgif7:amd64 (5.2.2-1ubuntu1) ...
Build & Test (ubuntu-24.04)	Setup Compiler & System Dependencies (Linux)	2026-06-11T20:03:18.5638781Z Selecting previously unselected package libwacom-common.
Build & Test (ubuntu-24.04)	Setup Compiler & System Dependencies (Linux)	2026-06-11T20:03:18.5764541Z Preparing to unpack .../040-libwacom-common_2.10.0-2_all.deb ...
Build & Test (ubuntu-24.04)	Setup Compiler & System Dependencies (Linux)	2026-06-11T20:03:18.5772601Z Unpacking libwacom-common (2.10.0-2) ...
Build & Test (ubuntu-24.04)	Setup Compiler & System Dependencies (Linux)	2026-06-11T20:03:18.6726393Z Selecting previously unselected package libwacom9:amd64.
Build & Test (ubuntu-24.04)	Setup Compiler & System Dependencies (Linux)	2026-06-11T20:03:18.6861846Z Preparing to unpack .../041-libwacom9_2.10.0-2_amd64.deb ...
Build & Test (ubuntu-24.04)	Setup Compiler & System Dependencies (Linux)	2026-06-11T20:03:18.6870720Z Unpacking libwacom9:amd64 (2.10.0-2) ...
Build & Test (ubuntu-24.04)	Setup Compiler & System Dependencies (Linux)	2026-06-11T20:03:18.7071526Z Selecting previously unselected package libinput-bin.
Build & Test (ubuntu-24.04)	Setup Compiler & System Dependencies (Linux)	2026-06-11T20:03:18.7201145Z Preparing to unpack .../042-libinput-bin_1.25.0-1ubuntu3.4_amd64.deb ...
Build & Test (ubuntu-24.04)	Setup Compiler & System Dependencies (Linux)	2026-06-11T20:03:18.7209223Z Unpacking libinput-bin (1.25.0-1ubuntu3.4) ...
Build & Test (ubuntu-24.04)	Setup Compiler & System Dependencies (Linux)	2026-06-11T20:03:18.7484471Z Selecting previously unselected package libmtdev1t64:amd64.
Build & Test (ubuntu-24.04)	Setup Compiler & System Dependencies (Linux)	2026-06-11T20:03:18.7612007Z Preparing to unpack .../043-libmtdev1t64_1.1.6-1.1build1_amd64.deb ...
Build & Test (ubuntu-24.04)	Setup Compiler & System Dependencies (Linux)	2026-06-11T20:03:18.7620989Z Unpacking libmtdev1t64:amd64 (1.1.6-1.1build1) ...
Build & Test (ubuntu-24.04)	Setup Compiler & System Dependencies (Linux)	2026-06-11T20:03:18.7842794Z Selecting previously unselected package libinput10:amd64.
Build & Test (ubuntu-24.04)	Setup Compiler & System Dependencies (Linux)	2026-06-11T20:03:18.7964984Z Preparing to unpack .../044-libinput10_1.25.0-1ubuntu3.4_amd64.deb ...
Build & Test (ubuntu-24.04)	Setup Compiler & System Dependencies (Linux)	2026-06-11T20:03:18.7972243Z Unpacking libinput10:amd64 (1.25.0-1ubuntu3.4) ...
Build & Test (ubuntu-24.04)	Setup Compiler & System Dependencies (Linux)	2026-06-11T20:03:18.8183971Z Selecting previously unselected package liblept5:amd64.
Build & Test (ubuntu-24.04)	Setup Compiler & System Dependencies (Linux)	2026-06-11T20:03:18.8309705Z Preparing to unpack .../045-liblept5_1.82.0-3build4_amd64.deb ...
Build & Test (ubuntu-24.04)	Setup Compiler & System Dependencies (Linux)	2026-06-11T20:03:18.8316943Z Unpacking liblept5:amd64 (1.82.0-3build4) ...
Build & Test (ubuntu-24.04)	Setup Compiler & System Dependencies (Linux)	2026-06-11T20:03:18.8618913Z Selecting previously unselected package libleptonica-dev.
Build & Test (ubuntu-24.04)	Setup Compiler & System Dependencies (Linux)	2026-06-11T20:03:18.8747590Z Preparing to unpack .../046-libleptonica-dev_1.82.0-3build4_amd64.deb ...
Build & Test (ubuntu-24.04)	Setup Compiler & System Dependencies (Linux)	2026-06-11T20:03:18.8754226Z Unpacking libleptonica-dev (1.82.0-3build4) ...
Build & Test (ubuntu-24.04)	Setup Compiler & System Dependencies (Linux)	2026-06-11T20:03:18.9207953Z Selecting previously unselected package libmd4c0:amd64.
Build & Test (ubuntu-24.04)	Setup Compiler & System Dependencies (Linux)	2026-06-11T20:03:18.9340519Z Preparing to unpack .../047-libmd4c0_0.4.8-1build1_amd64.deb ...
Build & Test (ubuntu-24.04)	Setup Compiler & System Dependencies (Linux)	2026-06-11T20:03:18.9347567Z Unpacking libmd4c0:amd64 (0.4.8-1build1) ...
Build & Test (ubuntu-24.04)	Setup Compiler & System Dependencies (Linux)	2026-06-11T20:03:18.9545876Z Selecting previously unselected package libpoppler134:amd64.
Build & Test (ubuntu-24.04)	Setup Compiler & System Dependencies (Linux)	2026-06-11T20:03:18.9673381Z Preparing to unpack .../048-libpoppler134_24.02.0-1ubuntu9.9_amd64.deb ...
Build & Test (ubuntu-24.04)	Setup Compiler & System Dependencies (Linux)	2026-06-11T20:03:18.9680249Z Unpacking libpoppler134:amd64 (24.02.0-1ubuntu9.9) ...
Build & Test (ubuntu-24.04)	Setup Compiler & System Dependencies (Linux)	2026-06-11T20:03:19.0029227Z Selecting previously unselected package libpoppler-dev:amd64.
Build & Test (ubuntu-24.04)	Setup Compiler & System Dependencies (Linux)	2026-06-11T20:03:19.0164526Z Preparing to unpack .../049-libpoppler-dev_24.02.0-1ubuntu9.9_amd64.deb ...
Build & Test (ubuntu-24.04)	Setup Compiler & System Dependencies (Linux)	2026-06-11T20:03:19.0170975Z Unpacking libpoppler-dev:amd64 (24.02.0-1ubuntu9.9) ...
Build & Test (ubuntu-24.04)	Setup Compiler & System Dependencies (Linux)	2026-06-11T20:03:19.0376520Z Selecting previously unselected package libqt6core6t64:amd64.
Build & Test (ubuntu-24.04)	Setup Compiler & System Dependencies (Linux)	2026-06-11T20:03:19.0505961Z Preparing to unpack .../050-libqt6core6t64_6.4.2+dfsg-21.1build5_amd64.deb ...
Build & Test (ubuntu-24.04)	Setup Compiler & System Dependencies (Linux)	2026-06-11T20:03:19.0513084Z Unpacking libqt6core6t64:amd64 (6.4.2+dfsg-21.1build5) ...
Build & Test (ubuntu-24.04)	Setup Compiler & System Dependencies (Linux)	2026-06-11T20:03:19.0913605Z Selecting previously unselected package libqt6dbus6t64:amd64.
Build & Test (ubuntu-24.04)	Setup Compiler & System Dependencies (Linux)	2026-06-11T20:03:19.1047373Z Preparing to unpack .../051-libqt6dbus6t64_6.4.2+dfsg-21.1build5_amd64.deb ...
Build & Test (ubuntu-24.04)	Setup Compiler & System Dependencies (Linux)	2026-06-11T20:03:19.1053572Z Unpacking libqt6dbus6t64:amd64 (6.4.2+dfsg-21.1build5) ...
Build & Test (ubuntu-24.04)	Setup Compiler & System Dependencies (Linux)	2026-06-11T20:03:19.1290087Z Selecting previously unselected package libts0t64:amd64.
Build & Test (ubuntu-24.04)	Setup Compiler & System Dependencies (Linux)	2026-06-11T20:03:19.1420621Z Preparing to unpack .../052-libts0t64_1.22-1.1build1_amd64.deb ...
Build & Test (ubuntu-24.04)	Setup Compiler & System Dependencies (Linux)	2026-06-11T20:03:19.1431728Z Unpacking libts0t64:amd64 (1.22-1.1build1) ...
Build & Test (ubuntu-24.04)	Setup Compiler & System Dependencies (Linux)	2026-06-11T20:03:19.1730880Z Selecting previously unselected package libxcb-icccm4:amd64.
Build & Test (ubuntu-24.04)	Setup Compiler & System Dependencies (Linux)	2026-06-11T20:03:19.1861267Z Preparing to unpack .../053-libxcb-icccm4_0.4.1-1.1build3_amd64.deb ...
Build & Test (ubuntu-24.04)	Setup Compiler & System Dependencies (Linux)	2026-06-11T20:03:19.1868639Z Unpacking libxcb-icccm4:amd64 (0.4.1-1.1build3) ...
Build & Test (ubuntu-24.04)	Setup Compiler & System Dependencies (Linux)	2026-06-11T20:03:19.2068519Z Selecting previously unselected package libxcb-util1:amd64.
Build & Test (ubuntu-24.04)	Setup Compiler & System Dependencies (Linux)	2026-06-11T20:03:19.2196658Z Preparing to unpack .../054-libxcb-util1_0.4.0-1build3_amd64.deb ...
Build & Test (ubuntu-24.04)	Setup Compiler & System Dependencies (Linux)	2026-06-11T20:03:19.2204264Z Unpacking libxcb-util1:amd64 (0.4.0-1build3) ...
Build & Test (ubuntu-24.04)	Setup Compiler & System Dependencies (Linux)	2026-06-11T20:03:19.2407991Z Selecting previously unselected package libxcb-image0:amd64.
Build & Test (ubuntu-24.04)	Setup Compiler & System Dependencies (Linux)	2026-06-11T20:03:19.2537850Z Preparing to unpack .../055-libxcb-image0_0.4.0-2build1_amd64.deb ...
Build & Test (ubuntu-24.04)	Setup Compiler & System Dependencies (Linux)	2026-06-11T20:03:19.2544399Z Unpacking libxcb-image0:amd64 (0.4.0-2build1) ...
Build & Test (ubuntu-24.04)	Setup Compiler & System Dependencies (Linux)	2026-06-11T20:03:19.2738715Z Selecting previously unselected package libxcb-keysyms1:amd64.
Build & Test (ubuntu-24.04)	Setup Compiler & System Dependencies (Linux)	2026-06-11T20:03:19.2862803Z Preparing to unpack .../056-libxcb-keysyms1_0.4.0-1build4_amd64.deb ...
Build & Test (ubuntu-24.04)	Setup Compiler & System Dependencies (Linux)	2026-06-11T20:03:19.2871366Z Unpacking libxcb-keysyms1:amd64 (0.4.0-1build4) ...
Build & Test (ubuntu-24.04)	Setup Compiler & System Dependencies (Linux)	2026-06-11T20:03:19.3073068Z Selecting previously unselected package libxcb-render-util0:amd64.
Build & Test (ubuntu-24.04)	Setup Compiler & System Dependencies (Linux)	2026-06-11T20:03:19.3197806Z Preparing to unpack .../057-libxcb-render-util0_0.3.9-1build4_amd64.deb ...
Build & Test (ubuntu-24.04)	Setup Compiler & System Dependencies (Linux)	2026-06-11T20:03:19.3204981Z Unpacking libxcb-render-util0:amd64 (0.3.9-1build4) ...
Build & Test (ubuntu-24.04)	Setup Compiler & System Dependencies (Linux)	2026-06-11T20:03:19.3406474Z Selecting previously unselected package libxcb-shape0:amd64.
Build & Test (ubuntu-24.04)	Setup Compiler & System Dependencies (Linux)	2026-06-11T20:03:19.3533898Z Preparing to unpack .../058-libxcb-shape0_1.15-1ubuntu2_amd64.deb ...
Build & Test (ubuntu-24.04)	Setup Compiler & System Dependencies (Linux)	2026-06-11T20:03:19.3541903Z Unpacking libxcb-shape0:amd64 (1.15-1ubuntu2) ...
Build & Test (ubuntu-24.04)	Setup Compiler & System Dependencies (Linux)	2026-06-11T20:03:19.3738989Z Selecting previously unselected package libxcb-xkb1:amd64.
Build & Test (ubuntu-24.04)	Setup Compiler & System Dependencies (Linux)	2026-06-11T20:03:19.3864369Z Preparing to unpack .../059-libxcb-xkb1_1.15-1ubuntu2_amd64.deb ...
Build & Test (ubuntu-24.04)	Setup Compiler & System Dependencies (Linux)	2026-06-11T20:03:19.3871608Z Unpacking libxcb-xkb1:amd64 (1.15-1ubuntu2) ...
Build & Test (ubuntu-24.04)	Setup Compiler & System Dependencies (Linux)	2026-06-11T20:03:19.4072956Z Selecting previously unselected package libxkbcommon-x11-0:amd64.
Build & Test (ubuntu-24.04)	Setup Compiler & System Dependencies (Linux)	2026-06-11T20:03:19.4199378Z Preparing to unpack .../060-libxkbcommon-x11-0_1.6.0-1build1_amd64.deb ...
Build & Test (ubuntu-24.04)	Setup Compiler & System Dependencies (Linux)	2026-06-11T20:03:19.4205950Z Unpacking libxkbcommon-x11-0:amd64 (1.6.0-1build1) ...
Build & Test (ubuntu-24.04)	Setup Compiler & System Dependencies (Linux)	2026-06-11T20:03:19.4418067Z Selecting previously unselected package libqt6gui6t64:amd64.
Build & Test (ubuntu-24.04)	Setup Compiler & System Dependencies (Linux)	2026-06-11T20:03:19.4545136Z Preparing to unpack .../061-libqt6gui6t64_6.4.2+dfsg-21.1build5_amd64.deb ...
Build & Test (ubuntu-24.04)	Setup Compiler & System Dependencies (Linux)	2026-06-11T20:03:19.4551903Z Unpacking libqt6gui6t64:amd64 (6.4.2+dfsg-21.1build5) ...
Build & Test (ubuntu-24.04)	Setup Compiler & System Dependencies (Linux)	2026-06-11T20:03:19.5135364Z Selecting previously unselected package libpoppler-qt6-3t64:amd64.
Build & Test (ubuntu-24.04)	Setup Compiler & System Dependencies (Linux)	2026-06-11T20:03:19.5268963Z Preparing to unpack .../062-libpoppler-qt6-3t64_24.02.0-1ubuntu9.9_amd64.deb ...
Build & Test (ubuntu-24.04)	Setup Compiler & System Dependencies (Linux)	2026-06-11T20:03:19.5275972Z Unpacking libpoppler-qt6-3t64:amd64 (24.02.0-1ubuntu9.9) ...
Build & Test (ubuntu-24.04)	Setup Compiler & System Dependencies (Linux)	2026-06-11T20:03:19.5498268Z Selecting previously unselected package libqt6concurrent6t64:amd64.
Build & Test (ubuntu-24.04)	Setup Compiler & System Dependencies (Linux)	2026-06-11T20:03:19.5625955Z Preparing to unpack .../063-libqt6concurrent6t64_6.4.2+dfsg-21.1build5_amd64.deb ...
Build & Test (ubuntu-24.04)	Setup Compiler & System Dependencies (Linux)	2026-06-11T20:03:19.5633187Z Unpacking libqt6concurrent6t64:amd64 (6.4.2+dfsg-21.1build5) ...
Build & Test (ubuntu-24.04)	Setup Compiler & System Dependencies (Linux)	2026-06-11T20:03:19.5843977Z Selecting previously unselected package libproxy1v5:amd64.
Build & Test (ubuntu-24.04)	Setup Compiler & System Dependencies (Linux)	2026-06-11T20:03:19.5972730Z Preparing to unpack .../064-libproxy1v5_0.5.4-4build1_amd64.deb ...
Build & Test (ubuntu-24.04)	Setup Compiler & System Dependencies (Linux)	2026-06-11T20:03:19.5980052Z Unpacking libproxy1v5:amd64 (0.5.4-4build1) ...
Build & Test (ubuntu-24.04)	Setup Compiler & System Dependencies (Linux)	2026-06-11T20:03:19.6192269Z Selecting previously unselected package libqt6network6t64:amd64.
Build & Test (ubuntu-24.04)	Setup Compiler & System Dependencies (Linux)	2026-06-11T20:03:19.6319237Z Preparing to unpack .../065-libqt6network6t64_6.4.2+dfsg-21.1build5_amd64.deb ...
Build & Test (ubuntu-24.04)	Setup Compiler & System Dependencies (Linux)	2026-06-11T20:03:19.6326422Z Unpacking libqt6network6t64:amd64 (6.4.2+dfsg-21.1build5) ...
Build & Test (ubuntu-24.04)	Setup Compiler & System Dependencies (Linux)	2026-06-11T20:03:19.6620985Z Selecting previously unselected package libqt6opengl6t64:amd64.
Build & Test (ubuntu-24.04)	Setup Compiler & System Dependencies (Linux)	2026-06-11T20:03:19.6750572Z Preparing to unpack .../066-libqt6opengl6t64_6.4.2+dfsg-21.1build5_amd64.deb ...
Build & Test (ubuntu-24.04)	Setup Compiler & System Dependencies (Linux)	2026-06-11T20:03:19.6757672Z Unpacking libqt6opengl6t64:amd64 (6.4.2+dfsg-21.1build5) ...
Build & Test (ubuntu-24.04)	Setup Compiler & System Dependencies (Linux)	2026-06-11T20:03:19.7071013Z Selecting previously unselected package libqt6widgets6t64:amd64.
Build & Test (ubuntu-24.04)	Setup Compiler & System Dependencies (Linux)	2026-06-11T20:03:19.7199742Z Preparing to unpack .../067-libqt6widgets6t64_6.4.2+dfsg-21.1build5_amd64.deb ...
Build & Test (ubuntu-24.04)	Setup Compiler & System Dependencies (Linux)	2026-06-11T20:03:19.7206729Z Unpacking libqt6widgets6t64:amd64 (6.4.2+dfsg-21.1build5) ...
Build & Test (ubuntu-24.04)	Setup Compiler & System Dependencies (Linux)	2026-06-11T20:03:19.7678749Z Selecting previously unselected package libqt6openglwidgets6t64:amd64.
Build & Test (ubuntu-24.04)	Setup Compiler & System Dependencies (Linux)	2026-06-11T20:03:19.7812004Z Preparing to unpack .../068-libqt6openglwidgets6t64_6.4.2+dfsg-21.1build5_amd64.deb ...
Build & Test (ubuntu-24.04)	Setup Compiler & System Dependencies (Linux)	2026-06-11T20:03:19.7818724Z Unpacking libqt6openglwidgets6t64:amd64 (6.4.2+dfsg-21.1build5) ...
Build & Test (ubuntu-24.04)	Setup Compiler & System Dependencies (Linux)	2026-06-11T20:03:19.8048973Z Selecting previously unselected package libqt6printsupport6t64:amd64.
Build & Test (ubuntu-24.04)	Setup Compiler & System Dependencies (Linux)	2026-06-11T20:03:19.8178184Z Preparing to unpack .../069-libqt6printsupport6t64_6.4.2+dfsg-21.1build5_amd64.deb ...
Build & Test (ubuntu-24.04)	Setup Compiler & System Dependencies (Linux)	2026-06-11T20:03:19.8185796Z Unpacking libqt6printsupport6t64:amd64 (6.4.2+dfsg-21.1build5) ...
Build & Test (ubuntu-24.04)	Setup Compiler & System Dependencies (Linux)	2026-06-11T20:03:19.8424856Z Selecting previously unselected package libqt6sql6t64:amd64.
Build & Test (ubuntu-24.04)	Setup Compiler & System Dependencies (Linux)	2026-06-11T20:03:19.8554109Z Preparing to unpack .../070-libqt6sql6t64_6.4.2+dfsg-21.1build5_amd64.deb ...
Build & Test (ubuntu-24.04)	Setup Compiler & System Dependencies (Linux)	2026-06-11T20:03:19.8561883Z Unpacking libqt6sql6t64:amd64 (6.4.2+dfsg-21.1build5) ...
Build & Test (ubuntu-24.04)	Setup Compiler & System Dependencies (Linux)	2026-06-11T20:03:19.8783799Z Selecting previously unselected package libqt6test6t64:amd64.
Build & Test (ubuntu-24.04)	Setup Compiler & System Dependencies (Linux)	2026-06-11T20:03:19.8910097Z Preparing to unpack .../071-libqt6test6t64_6.4.2+dfsg-21.1build5_amd64.deb ...
Build & Test (ubuntu-24.04)	Setup Compiler & System Dependencies (Linux)	2026-06-11T20:03:19.8918585Z Unpacking libqt6test6t64:amd64 (6.4.2+dfsg-21.1build5) ...
Build & Test (ubuntu-24.04)	Setup Compiler & System Dependencies (Linux)	2026-06-11T20:03:19.9155419Z Selecting previously unselected package libqt6xml6t64:amd64.
Build & Test (ubuntu-24.04)	Setup Compiler & System Dependencies (Linux)	2026-06-11T20:03:19.9284799Z Preparing to unpack .../072-libqt6xml6t64_6.4.2+dfsg-21.1build5_amd64.deb ...
Build & Test (ubuntu-24.04)	Setup Compiler & System Dependencies (Linux)	2026-06-11T20:03:19.9292364Z Unpacking libqt6xml6t64:amd64 (6.4.2+dfsg-21.1build5) ...
Build & Test (ubuntu-24.04)	Setup Compiler & System Dependencies (Linux)	2026-06-11T20:03:19.9508240Z Selecting previously unselected package libvulkan-dev:amd64.
Build & Test (ubuntu-24.04)	Setup Compiler & System Dependencies (Linux)	2026-06-11T20:03:19.9635796Z Preparing to unpack .../073-libvulkan-dev_1.3.275.0-1build1_amd64.deb ...
Build & Test (ubuntu-24.04)	Setup Compiler & System Dependencies (Linux)	2026-06-11T20:03:19.9643462Z Unpacking libvulkan-dev:amd64 (1.3.275.0-1build1) ...
Build & Test (ubuntu-24.04)	Setup Compiler & System Dependencies (Linux)	2026-06-11T20:03:20.0593995Z Selecting previously unselected package qmake6-bin.
Build & Test (ubuntu-24.04)	Setup Compiler & System Dependencies (Linux)	2026-06-11T20:03:20.0729542Z Preparing to unpack .../074-qmake6-bin_6.4.2+dfsg-21.1build5_amd64.deb ...
Build & Test (ubuntu-24.04)	Setup Compiler & System Dependencies (Linux)	2026-06-11T20:03:20.0738420Z Unpacking qmake6-bin (6.4.2+dfsg-21.1build5) ...
Build & Test (ubuntu-24.04)	Setup Compiler & System Dependencies (Linux)	2026-06-11T20:03:20.1005133Z Selecting previously unselected package qmake6:amd64.
Build & Test (ubuntu-24.04)	Setup Compiler & System Dependencies (Linux)	2026-06-11T20:03:20.1138476Z Preparing to unpack .../075-qmake6_6.4.2+dfsg-21.1build5_amd64.deb ...
Build & Test (ubuntu-24.04)	Setup Compiler & System Dependencies (Linux)	2026-06-11T20:03:20.1145309Z Unpacking qmake6:amd64 (6.4.2+dfsg-21.1build5) ...
Build & Test (ubuntu-24.04)	Setup Compiler & System Dependencies (Linux)	2026-06-11T20:03:20.2156651Z Selecting previously unselected package qt6-base-dev-tools.
Build & Test (ubuntu-24.04)	Setup Compiler & System Dependencies (Linux)	2026-06-11T20:03:20.2292475Z Preparing to unpack .../076-qt6-base-dev-tools_6.4.2+dfsg-21.1build5_amd64.deb ...
Build & Test (ubuntu-24.04)	Setup Compiler & System Dependencies (Linux)	2026-06-11T20:03:20.2299617Z Unpacking qt6-base-dev-tools (6.4.2+dfsg-21.1build5) ...
Build & Test (ubuntu-24.04)	Setup Compiler & System Dependencies (Linux)	2026-06-11T20:03:20.2651829Z Selecting previously unselected package qt6-qpa-plugins:amd64.
Build & Test (ubuntu-24.04)	Setup Compiler & System Dependencies (Linux)	2026-06-11T20:03:20.2783792Z Preparing to unpack .../077-qt6-qpa-plugins_6.4.2+dfsg-21.1build5_amd64.deb ...
Build & Test (ubuntu-24.04)	Setup Compiler & System Dependencies (Linux)	2026-06-11T20:03:20.2791413Z Unpacking qt6-qpa-plugins:amd64 (6.4.2+dfsg-21.1build5) ...
Build & Test (ubuntu-24.04)	Setup Compiler & System Dependencies (Linux)	2026-06-11T20:03:20.3022969Z Selecting previously unselected package qt6-base-dev:amd64.
Build & Test (ubuntu-24.04)	Setup Compiler & System Dependencies (Linux)	2026-06-11T20:03:20.3154053Z Preparing to unpack .../078-qt6-base-dev_6.4.2+dfsg-21.1build5_amd64.deb ...
Build & Test (ubuntu-24.04)	Setup Compiler & System Dependencies (Linux)	2026-06-11T20:03:20.3160603Z Unpacking qt6-base-dev:amd64 (6.4.2+dfsg-21.1build5) ...
Build & Test (ubuntu-24.04)	Setup Compiler & System Dependencies (Linux)	2026-06-11T20:03:20.7070036Z Selecting previously unselected package libpoppler-qt6-dev:amd64.
Build & Test (ubuntu-24.04)	Setup Compiler & System Dependencies (Linux)	2026-06-11T20:03:20.7219373Z Preparing to unpack .../079-libpoppler-qt6-dev_24.02.0-1ubuntu9.9_amd64.deb ...
Build & Test (ubuntu-24.04)	Setup Compiler & System Dependencies (Linux)	2026-06-11T20:03:20.7229409Z Unpacking libpoppler-qt6-dev:amd64 (24.02.0-1ubuntu9.9) ...
Build & Test (ubuntu-24.04)	Setup Compiler & System Dependencies (Linux)	2026-06-11T20:03:20.7457761Z Selecting previously unselected package libqt6qml6:amd64.
Build & Test (ubuntu-24.04)	Setup Compiler & System Dependencies (Linux)	2026-06-11T20:03:20.7590979Z Preparing to unpack .../080-libqt6qml6_6.4.2+dfsg-4build3_amd64.deb ...
Build & Test (ubuntu-24.04)	Setup Compiler & System Dependencies (Linux)	2026-06-11T20:03:20.7598006Z Unpacking libqt6qml6:amd64 (6.4.2+dfsg-4build3) ...
Build & Test (ubuntu-24.04)	Setup Compiler & System Dependencies (Linux)	2026-06-11T20:03:20.8108633Z Selecting previously unselected package libqt6qmlmodels6:amd64.
Build & Test (ubuntu-24.04)	Setup Compiler & System Dependencies (Linux)	2026-06-11T20:03:20.8242472Z Preparing to unpack .../081-libqt6qmlmodels6_6.4.2+dfsg-4build3_amd64.deb ...
Build & Test (ubuntu-24.04)	Setup Compiler & System Dependencies (Linux)	2026-06-11T20:03:20.8249784Z Unpacking libqt6qmlmodels6:amd64 (6.4.2+dfsg-4build3) ...
Build & Test (ubuntu-24.04)	Setup Compiler & System Dependencies (Linux)	2026-06-11T20:03:20.8500960Z Selecting previously unselected package libqt6quick6:amd64.
Build & Test (ubuntu-24.04)	Setup Compiler & System Dependencies (Linux)	2026-06-11T20:03:20.8634856Z Preparing to unpack .../082-libqt6quick6_6.4.2+dfsg-4build3_amd64.deb ...
Build & Test (ubuntu-24.04)	Setup Compiler & System Dependencies (Linux)	2026-06-11T20:03:20.8642531Z Unpacking libqt6quick6:amd64 (6.4.2+dfsg-4build3) ...
Build & Test (ubuntu-24.04)	Setup Compiler & System Dependencies (Linux)	2026-06-11T20:03:20.9091322Z Selecting previously unselected package libqt6sql6-sqlite:amd64.
Build & Test (ubuntu-24.04)	Setup Compiler & System Dependencies (Linux)	2026-06-11T20:03:20.9224918Z Preparing to unpack .../083-libqt6sql6-sqlite_6.4.2+dfsg-21.1build5_amd64.deb ...
Build & Test (ubuntu-24.04)	Setup Compiler & System Dependencies (Linux)	2026-06-11T20:03:20.9231128Z Unpacking libqt6sql6-sqlite:amd64 (6.4.2+dfsg-21.1build5) ...
Build & Test (ubuntu-24.04)	Setup Compiler & System Dependencies (Linux)	2026-06-11T20:03:20.9444358Z Selecting previously unselected package libqt6waylandclient6:amd64.
Build & Test (ubuntu-24.04)	Setup Compiler & System Dependencies (Linux)	2026-06-11T20:03:20.9575994Z Preparing to unpack .../084-libqt6waylandclient6_6.4.2-5build3_amd64.deb ...
Build & Test (ubuntu-24.04)	Setup Compiler & System Dependencies (Linux)	2026-06-11T20:03:20.9586179Z Unpacking libqt6waylandclient6:amd64 (6.4.2-5build3) ...
Build & Test (ubuntu-24.04)	Setup Compiler & System Dependencies (Linux)	2026-06-11T20:03:20.9821030Z Selecting previously unselected package libwayland-server0:amd64.
Build & Test (ubuntu-24.04)	Setup Compiler & System Dependencies (Linux)	2026-06-11T20:03:20.9950869Z Preparing to unpack .../085-libwayland-server0_1.22.0-2.1build1_amd64.deb ...
Build & Test (ubuntu-24.04)	Setup Compiler & System Dependencies (Linux)	2026-06-11T20:03:20.9957913Z Unpacking libwayland-server0:amd64 (1.22.0-2.1build1) ...
Build & Test (ubuntu-24.04)	Setup Compiler & System Dependencies (Linux)	2026-06-11T20:03:21.0171252Z Selecting previously unselected package libqt6waylandcompositor6:amd64.
Build & Test (ubuntu-24.04)	Setup Compiler & System Dependencies (Linux)	2026-06-11T20:03:21.0301237Z Preparing to unpack .../086-libqt6waylandcompositor6_6.4.2-5build3_amd64.deb ...
Build & Test (ubuntu-24.04)	Setup Compiler & System Dependencies (Linux)	2026-06-11T20:03:21.0307872Z Unpacking libqt6waylandcompositor6:amd64 (6.4.2-5build3) ...
Build & Test (ubuntu-24.04)	Setup Compiler & System Dependencies (Linux)	2026-06-11T20:03:21.0576090Z Selecting previously unselected package libqt6waylandeglclienthwintegration6:amd64.
Build & Test (ubuntu-24.04)	Setup Compiler & System Dependencies (Linux)	2026-06-11T20:03:21.0704739Z Preparing to unpack .../087-libqt6waylandeglclienthwintegration6_6.4.2-5build3_amd64.deb ...
Build & Test (ubuntu-24.04)	Setup Compiler & System Dependencies (Linux)	2026-06-11T20:03:21.0711582Z Unpacking libqt6waylandeglclienthwintegration6:amd64 (6.4.2-5build3) ...
Build & Test (ubuntu-24.04)	Setup Compiler & System Dependencies (Linux)	2026-06-11T20:03:21.0916969Z Selecting previously unselected package libqt6waylandeglcompositorhwintegration6:amd64.
Build & Test (ubuntu-24.04)	Setup Compiler & System Dependencies (Linux)	2026-06-11T20:03:21.1049131Z Preparing to unpack .../088-libqt6waylandeglcompositorhwintegration6_6.4.2-5build3_amd64.deb ...
Build & Test (ubuntu-24.04)	Setup Compiler & System Dependencies (Linux)	2026-06-11T20:03:21.1055958Z Unpacking libqt6waylandeglcompositorhwintegration6:amd64 (6.4.2-5build3) ...
Build & Test (ubuntu-24.04)	Setup Compiler & System Dependencies (Linux)	2026-06-11T20:03:21.1263181Z Selecting previously unselected package libqt6wlshellintegration6:amd64.
Build & Test (ubuntu-24.04)	Setup Compiler & System Dependencies (Linux)	2026-06-11T20:03:21.1392931Z Preparing to unpack .../089-libqt6wlshellintegration6_6.4.2-5build3_amd64.deb ...
Build & Test (ubuntu-24.04)	Setup Compiler & System Dependencies (Linux)	2026-06-11T20:03:21.1399533Z Unpacking libqt6wlshellintegration6:amd64 (6.4.2-5build3) ...
Build & Test (ubuntu-24.04)	Setup Compiler & System Dependencies (Linux)	2026-06-11T20:03:21.1607740Z Selecting previously unselected package libtesseract5:amd64.
Build & Test (ubuntu-24.04)	Setup Compiler & System Dependencies (Linux)	2026-06-11T20:03:21.1736650Z Preparing to unpack .../090-libtesseract5_5.3.4-1build5_amd64.deb ...
Build & Test (ubuntu-24.04)	Setup Compiler & System Dependencies (Linux)	2026-06-11T20:03:21.1743837Z Unpacking libtesseract5:amd64 (5.3.4-1build5) ...
Build & Test (ubuntu-24.04)	Setup Compiler & System Dependencies (Linux)	2026-06-11T20:03:21.2108186Z Selecting previously unselected package libtesseract-dev:amd64.
Build & Test (ubuntu-24.04)	Setup Compiler & System Dependencies (Linux)	2026-06-11T20:03:21.2241443Z Preparing to unpack .../091-libtesseract-dev_5.3.4-1build5_amd64.deb ...
Build & Test (ubuntu-24.04)	Setup Compiler & System Dependencies (Linux)	2026-06-11T20:03:21.2250206Z Unpacking libtesseract-dev:amd64 (5.3.4-1build5) ...
Build & Test (ubuntu-24.04)	Setup Compiler & System Dependencies (Linux)	2026-06-11T20:03:21.2723823Z Selecting previously unselected package libxcb-xinerama0:amd64.
Build & Test (ubuntu-24.04)	Setup Compiler & System Dependencies (Linux)	2026-06-11T20:03:21.2859888Z Preparing to unpack .../092-libxcb-xinerama0_1.15-1ubuntu2_amd64.deb ...
Build & Test (ubuntu-24.04)	Setup Compiler & System Dependencies (Linux)	2026-06-11T20:03:21.2866367Z Unpacking libxcb-xinerama0:amd64 (1.15-1ubuntu2) ...
Build & Test (ubuntu-24.04)	Setup Compiler & System Dependencies (Linux)	2026-06-11T20:03:21.3064005Z Selecting previously unselected package libxkbcommon-dev:amd64.
Build & Test (ubuntu-24.04)	Setup Compiler & System Dependencies (Linux)	2026-06-11T20:03:21.3195149Z Preparing to unpack .../093-libxkbcommon-dev_1.6.0-1build1_amd64.deb ...
Build & Test (ubuntu-24.04)	Setup Compiler & System Dependencies (Linux)	2026-06-11T20:03:21.3203724Z Unpacking libxkbcommon-dev:amd64 (1.6.0-1build1) ...
Build & Test (ubuntu-24.04)	Setup Compiler & System Dependencies (Linux)	2026-06-11T20:03:21.3416239Z Selecting previously unselected package ninja-build.
Build & Test (ubuntu-24.04)	Setup Compiler & System Dependencies (Linux)	2026-06-11T20:03:21.3548178Z Preparing to unpack .../094-ninja-build_1.11.1-2_amd64.deb ...
Build & Test (ubuntu-24.04)	Setup Compiler & System Dependencies (Linux)	2026-06-11T20:03:21.3554984Z Unpacking ninja-build (1.11.1-2) ...
Build & Test (ubuntu-24.04)	Setup Compiler & System Dependencies (Linux)	2026-06-11T20:03:21.3797511Z Selecting previously unselected package qt6-gtk-platformtheme:amd64.
Build & Test (ubuntu-24.04)	Setup Compiler & System Dependencies (Linux)	2026-06-11T20:03:21.3929858Z Preparing to unpack .../095-qt6-gtk-platformtheme_6.4.2+dfsg-21.1build5_amd64.deb ...
Build & Test (ubuntu-24.04)	Setup Compiler & System Dependencies (Linux)	2026-06-11T20:03:21.3935978Z Unpacking qt6-gtk-platformtheme:amd64 (6.4.2+dfsg-21.1build5) ...
Build & Test (ubuntu-24.04)	Setup Compiler & System Dependencies (Linux)	2026-06-11T20:03:21.4141359Z Selecting previously unselected package qt6-translations-l10n.
Build & Test (ubuntu-24.04)	Setup Compiler & System Dependencies (Linux)	2026-06-11T20:03:21.4272769Z Preparing to unpack .../096-qt6-translations-l10n_6.4.2-1_all.deb ...
Build & Test (ubuntu-24.04)	Setup Compiler & System Dependencies (Linux)	2026-06-11T20:03:21.4278898Z Unpacking qt6-translations-l10n (6.4.2-1) ...
Build & Test (ubuntu-24.04)	Setup Compiler & System Dependencies (Linux)	2026-06-11T20:03:21.5242672Z Selecting previously unselected package qt6-wayland:amd64.
Build & Test (ubuntu-24.04)	Setup Compiler & System Dependencies (Linux)	2026-06-11T20:03:21.5381443Z Preparing to unpack .../097-qt6-wayland_6.4.2-5build3_amd64.deb ...
Build & Test (ubuntu-24.04)	Setup Compiler & System Dependencies (Linux)	2026-06-11T20:03:21.5389660Z Unpacking qt6-wayland:amd64 (6.4.2-5build3) ...
Build & Test (ubuntu-24.04)	Setup Compiler & System Dependencies (Linux)	2026-06-11T20:03:21.5634338Z Selecting previously unselected package tesseract-ocr-eng.
Build & Test (ubuntu-24.04)	Setup Compiler & System Dependencies (Linux)	2026-06-11T20:03:21.5766090Z Preparing to unpack .../098-tesseract-ocr-eng_1%3a4.1.0-2_all.deb ...
Build & Test (ubuntu-24.04)	Setup Compiler & System Dependencies (Linux)	2026-06-11T20:03:21.5773093Z Unpacking tesseract-ocr-eng (1:4.1.0-2) ...
Build & Test (ubuntu-24.04)	Setup Compiler & System Dependencies (Linux)	2026-06-11T20:03:21.6133820Z Selecting previously unselected package tesseract-ocr-osd.
Build & Test (ubuntu-24.04)	Setup Compiler & System Dependencies (Linux)	2026-06-11T20:03:21.6271421Z Preparing to unpack .../099-tesseract-ocr-osd_1%3a4.1.0-2_all.deb ...
Build & Test (ubuntu-24.04)	Setup Compiler & System Dependencies (Linux)	2026-06-11T20:03:21.6281540Z Unpacking tesseract-ocr-osd (1:4.1.0-2) ...
Build & Test (ubuntu-24.04)	Setup Compiler & System Dependencies (Linux)	2026-06-11T20:03:21.6867498Z Selecting previously unselected package tesseract-ocr.
Build & Test (ubuntu-24.04)	Setup Compiler & System Dependencies (Linux)	2026-06-11T20:03:21.7006704Z Preparing to unpack .../100-tesseract-ocr_5.3.4-1build5_amd64.deb ...
Build & Test (ubuntu-24.04)	Setup Compiler & System Dependencies (Linux)	2026-06-11T20:03:21.7014111Z Unpacking tesseract-ocr (5.3.4-1build5) ...
Build & Test (ubuntu-24.04)	Setup Compiler & System Dependencies (Linux)	2026-06-11T20:03:21.7447552Z Preparing to unpack .../101-xserver-common_2%3a21.1.12-1ubuntu1.6_all.deb ...
Build & Test (ubuntu-24.04)	Setup Compiler & System Dependencies (Linux)	2026-06-11T20:03:21.7467093Z Unpacking xserver-common (2:21.1.12-1ubuntu1.6) over (2:21.1.12-1ubuntu1.5) ...
Build & Test (ubuntu-24.04)	Setup Compiler & System Dependencies (Linux)	2026-06-11T20:03:21.7819087Z Preparing to unpack .../102-xvfb_2%3a21.1.12-1ubuntu1.6_amd64.deb ...
Build & Test (ubuntu-24.04)	Setup Compiler & System Dependencies (Linux)	2026-06-11T20:03:21.7839870Z Unpacking xvfb (2:21.1.12-1ubuntu1.6) over (2:21.1.12-1ubuntu1.5) ...
Build & Test (ubuntu-24.04)	Setup Compiler & System Dependencies (Linux)	2026-06-11T20:03:21.8135757Z Selecting previously unselected package libgl1-mesa-dev:amd64.
Build & Test (ubuntu-24.04)	Setup Compiler & System Dependencies (Linux)	2026-06-11T20:03:21.8265084Z Preparing to unpack .../103-libgl1-mesa-dev_25.2.8-0ubuntu0.24.04.1_amd64.deb ...
Build & Test (ubuntu-24.04)	Setup Compiler & System Dependencies (Linux)	2026-06-11T20:03:21.8272945Z Unpacking libgl1-mesa-dev:amd64 (25.2.8-0ubuntu0.24.04.1) ...
Build & Test (ubuntu-24.04)	Setup Compiler & System Dependencies (Linux)	2026-06-11T20:03:21.8480886Z Selecting previously unselected package libxcb-cursor0:amd64.
Build & Test (ubuntu-24.04)	Setup Compiler & System Dependencies (Linux)	2026-06-11T20:03:21.8612522Z Preparing to unpack .../104-libxcb-cursor0_0.1.4-1build1_amd64.deb ...
Build & Test (ubuntu-24.04)	Setup Compiler & System Dependencies (Linux)	2026-06-11T20:03:21.8621806Z Unpacking libxcb-cursor0:amd64 (0.1.4-1build1) ...
Build & Test (ubuntu-24.04)	Setup Compiler & System Dependencies (Linux)	2026-06-11T20:03:21.9040090Z Setting up libb2-1:amd64 (0.98.1-1.1build1) ...
Build & Test (ubuntu-24.04)	Setup Compiler & System Dependencies (Linux)	2026-06-11T20:03:21.9059972Z Setting up bzip2-doc (1.0.8-5.1build0.1) ...
Build & Test (ubuntu-24.04)	Setup Compiler & System Dependencies (Linux)	2026-06-11T20:03:21.9078285Z Setting up libwayland-server0:amd64 (1.22.0-2.1build1) ...
Build & Test (ubuntu-24.04)	Setup Compiler & System Dependencies (Linux)	2026-06-11T20:03:21.9095576Z Setting up libdouble-conversion3:amd64 (3.3.0-1build1) ...
Build & Test (ubuntu-24.04)	Setup Compiler & System Dependencies (Linux)	2026-06-11T20:03:21.9110637Z Setting up libproxy1v5:amd64 (0.5.4-4build1) ...
Build & Test (ubuntu-24.04)	Setup Compiler & System Dependencies (Linux)	2026-06-11T20:03:21.9130050Z Setting up libvulkan-dev:amd64 (1.3.275.0-1build1) ...
Build & Test (ubuntu-24.04)	Setup Compiler & System Dependencies (Linux)	2026-06-11T20:03:21.9146520Z Setting up libglvnd-core-dev:amd64 (1.7.0-1build1) ...
Build & Test (ubuntu-24.04)	Setup Compiler & System Dependencies (Linux)	2026-06-11T20:03:21.9162971Z Setting up libattr1-dev:amd64 (1:2.5.2-1build1.1) ...
Build & Test (ubuntu-24.04)	Setup Compiler & System Dependencies (Linux)	2026-06-11T20:03:21.9184008Z Setting up nettle-dev:amd64 (3.9.1-2.2build1.1) ...
Build & Test (ubuntu-24.04)	Setup Compiler & System Dependencies (Linux)	2026-06-11T20:03:21.9200172Z Setting up libpoppler134:amd64 (24.02.0-1ubuntu9.9) ...
Build & Test (ubuntu-24.04)	Setup Compiler & System Dependencies (Linux)	2026-06-11T20:03:21.9219767Z Setting up libts0t64:amd64 (1.22-1.1build1) ...
Build & Test (ubuntu-24.04)	Setup Compiler & System Dependencies (Linux)	2026-06-11T20:03:21.9243135Z Setting up libxkbcommon-dev:amd64 (1.6.0-1build1) ...
Build & Test (ubuntu-24.04)	Setup Compiler & System Dependencies (Linux)	2026-06-11T20:03:21.9261105Z Setting up libxcb-keysyms1:amd64 (0.4.0-1build4) ...
Build & Test (ubuntu-24.04)	Setup Compiler & System Dependencies (Linux)	2026-06-11T20:03:21.9278995Z Setting up libxcb-shape0:amd64 (1.15-1ubuntu2) ...
Build & Test (ubuntu-24.04)	Setup Compiler & System Dependencies (Linux)	2026-06-11T20:03:21.9297106Z Setting up tesseract-ocr-eng (1:4.1.0-2) ...
Build & Test (ubuntu-24.04)	Setup Compiler & System Dependencies (Linux)	2026-06-11T20:03:21.9315256Z Setting up libxcb-render-util0:amd64 (0.3.9-1build4) ...
Build & Test (ubuntu-24.04)	Setup Compiler & System Dependencies (Linux)	2026-06-11T20:03:21.9338023Z Setting up libxcb-icccm4:amd64 (0.4.1-1.1build3) ...
Build & Test (ubuntu-24.04)	Setup Compiler & System Dependencies (Linux)	2026-06-11T20:03:21.9358155Z Setting up libpthread-stubs0-dev:amd64 (0.4-1build3) ...
Build & Test (ubuntu-24.04)	Setup Compiler & System Dependencies (Linux)	2026-06-11T20:03:21.9375610Z Setting up libopengl0:amd64 (1.7.0-1build1) ...
Build & Test (ubuntu-24.04)	Setup Compiler & System Dependencies (Linux)	2026-06-11T20:03:21.9394261Z Setting up ninja-build (1.11.1-2) ...
Build & Test (ubuntu-24.04)	Setup Compiler & System Dependencies (Linux)	2026-06-11T20:03:21.9413266Z Setting up libxcb-util1:amd64 (0.4.0-1build3) ...
Build & Test (ubuntu-24.04)	Setup Compiler & System Dependencies (Linux)	2026-06-11T20:03:21.9430035Z Setting up poppler-data (0.4.12-1) ...
Build & Test (ubuntu-24.04)	Setup Compiler & System Dependencies (Linux)	2026-06-11T20:03:21.9493051Z Setting up libxcb-xkb1:amd64 (1.15-1ubuntu2) ...
Build & Test (ubuntu-24.04)	Setup Compiler & System Dependencies (Linux)	2026-06-11T20:03:21.9514246Z Setting up libxcb-image0:amd64 (0.4.0-2build1) ...
Build & Test (ubuntu-24.04)	Setup Compiler & System Dependencies (Linux)	2026-06-11T20:03:21.9531937Z Setting up qt6-translations-l10n (6.4.2-1) ...
Build & Test (ubuntu-24.04)	Setup Compiler & System Dependencies (Linux)	2026-06-11T20:03:21.9549313Z Setting up xtrans-dev (1.4.0-1) ...
Build & Test (ubuntu-24.04)	Setup Compiler & System Dependencies (Linux)	2026-06-11T20:03:21.9567310Z Setting up libegl-mesa0:amd64 (25.2.8-0ubuntu0.24.04.1) ...
Build & Test (ubuntu-24.04)	Setup Compiler & System Dependencies (Linux)	2026-06-11T20:03:21.9585724Z Setting up libxcb-xinerama0:amd64 (1.15-1ubuntu2) ...
Build & Test (ubuntu-24.04)	Setup Compiler & System Dependencies (Linux)	2026-06-11T20:03:21.9604311Z Setting up libgles2:amd64 (1.7.0-1build1) ...
Build & Test (ubuntu-24.04)	Setup Compiler & System Dependencies (Linux)	2026-06-11T20:03:21.9622463Z Setting up libcurl4-openssl-dev:amd64 (8.5.0-2ubuntu10.9) ...
Build & Test (ubuntu-24.04)	Setup Compiler & System Dependencies (Linux)	2026-06-11T20:03:21.9639365Z Setting up libxcb-cursor0:amd64 (0.1.4-1build1) ...
Build & Test (ubuntu-24.04)	Setup Compiler & System Dependencies (Linux)	2026-06-11T20:03:21.9659568Z Setting up libgles1:amd64 (1.7.0-1build1) ...
Build & Test (ubuntu-24.04)	Setup Compiler & System Dependencies (Linux)	2026-06-11T20:03:21.9677391Z Setting up comerr-dev:amd64 (2.1-1.47.0-2.4~exp1ubuntu4.1) ...
Build & Test (ubuntu-24.04)	Setup Compiler & System Dependencies (Linux)	2026-06-11T20:03:21.9707865Z Setting up libxkbcommon-x11-0:amd64 (1.6.0-1build1) ...
Build & Test (ubuntu-24.04)	Setup Compiler & System Dependencies (Linux)	2026-06-11T20:03:21.9724998Z Setting up libjsoncpp25:amd64 (1.9.5-6build1) ...
Build & Test (ubuntu-24.04)	Setup Compiler & System Dependencies (Linux)	2026-06-11T20:03:21.9743043Z Setting up liblzma-dev:amd64 (5.6.1+really5.4.5-1ubuntu0.3) ...
Build & Test (ubuntu-24.04)	Setup Compiler & System Dependencies (Linux)	2026-06-11T20:03:21.9762379Z Setting up libgif7:amd64 (5.2.2-1ubuntu1) ...
Build & Test (ubuntu-24.04)	Setup Compiler & System Dependencies (Linux)	2026-06-11T20:03:21.9778709Z Setting up libmtdev1t64:amd64 (1.1.6-1.1build1) ...
Build & Test (ubuntu-24.04)	Setup Compiler & System Dependencies (Linux)	2026-06-11T20:03:21.9794293Z Setting up librhash0:amd64 (1.4.3-3build1) ...
Build & Test (ubuntu-24.04)	Setup Compiler & System Dependencies (Linux)	2026-06-11T20:03:21.9813263Z Setting up libegl1:amd64 (1.7.0-1build1) ...
Build & Test (ubuntu-24.04)	Setup Compiler & System Dependencies (Linux)	2026-06-11T20:03:21.9829750Z Setting up libmd4c0:amd64 (0.4.8-1build1) ...
Build & Test (ubuntu-24.04)	Setup Compiler & System Dependencies (Linux)	2026-06-11T20:03:21.9846372Z Setting up build-essential (12.10ubuntu1) ...
Build & Test (ubuntu-24.04)	Setup Compiler & System Dependencies (Linux)	2026-06-11T20:03:21.9863881Z Setting up xorg-sgml-doctools (1:1.11-1.1) ...
Build & Test (ubuntu-24.04)	Setup Compiler & System Dependencies (Linux)	2026-06-11T20:03:21.9879556Z Setting up cmake-data (3.28.3-1build7) ...
Build & Test (ubuntu-24.04)	Setup Compiler & System Dependencies (Linux)	2026-06-11T20:03:21.9942144Z Setting up tesseract-ocr-osd (1:4.1.0-2) ...
Build & Test (ubuntu-24.04)	Setup Compiler & System Dependencies (Linux)	2026-06-11T20:03:21.9960424Z Setting up xserver-common (2:21.1.12-1ubuntu1.6) ...
Build & Test (ubuntu-24.04)	Setup Compiler & System Dependencies (Linux)	2026-06-11T20:03:21.9982301Z Setting up libopengl-dev:amd64 (1.7.0-1build1) ...
Build & Test (ubuntu-24.04)	Setup Compiler & System Dependencies (Linux)	2026-06-11T20:03:21.9998194Z Setting up libext2fs-dev (1.47.0-2.4~exp1ubuntu4.1) ...
Build & Test (ubuntu-24.04)	Setup Compiler & System Dependencies (Linux)	2026-06-11T20:03:22.0015211Z Setting up libacl1-dev:amd64 (2.3.2-1build1.1) ...
Build & Test (ubuntu-24.04)	Setup Compiler & System Dependencies (Linux)	2026-06-11T20:03:22.0037831Z Setting up libwacom-common (2.10.0-2) ...
Build & Test (ubuntu-24.04)	Setup Compiler & System Dependencies (Linux)	2026-06-11T20:03:22.0054002Z Setting up libbz2-dev:amd64 (1.0.8-5.1build0.1) ...
Build & Test (ubuntu-24.04)	Setup Compiler & System Dependencies (Linux)	2026-06-11T20:03:22.0071466Z Setting up libpoppler-dev:amd64 (24.02.0-1ubuntu9.9) ...
Build & Test (ubuntu-24.04)	Setup Compiler & System Dependencies (Linux)	2026-06-11T20:03:22.0089618Z Setting up libqt6core6t64:amd64 (6.4.2+dfsg-21.1build5) ...
Build & Test (ubuntu-24.04)	Setup Compiler & System Dependencies (Linux)	2026-06-11T20:03:22.0107810Z Setting up libwacom9:amd64 (2.10.0-2) ...
Build & Test (ubuntu-24.04)	Setup Compiler & System Dependencies (Linux)	2026-06-11T20:03:22.0124782Z Setting up xvfb (2:21.1.12-1ubuntu1.6) ...
Build & Test (ubuntu-24.04)	Setup Compiler & System Dependencies (Linux)	2026-06-11T20:03:22.0142748Z Setting up libqt6sql6t64:amd64 (6.4.2+dfsg-21.1build5) ...
Build & Test (ubuntu-24.04)	Setup Compiler & System Dependencies (Linux)	2026-06-11T20:03:22.0162109Z Setting up libqt6test6t64:amd64 (6.4.2+dfsg-21.1build5) ...
Build & Test (ubuntu-24.04)	Setup Compiler & System Dependencies (Linux)	2026-06-11T20:03:22.0179038Z Setting up libqt6dbus6t64:amd64 (6.4.2+dfsg-21.1build5) ...
Build & Test (ubuntu-24.04)	Setup Compiler & System Dependencies (Linux)	2026-06-11T20:03:22.0197347Z Setting up libqt6concurrent6t64:amd64 (6.4.2+dfsg-21.1build5) ...
Build & Test (ubuntu-24.04)	Setup Compiler & System Dependencies (Linux)	2026-06-11T20:03:22.0214635Z Setting up libqt6xml6t64:amd64 (6.4.2+dfsg-21.1build5) ...
Build & Test (ubuntu-24.04)	Setup Compiler & System Dependencies (Linux)	2026-06-11T20:03:22.0231868Z Setting up liblept5:amd64 (1.82.0-3build4) ...
Build & Test (ubuntu-24.04)	Setup Compiler & System Dependencies (Linux)	2026-06-11T20:03:22.0251101Z Setting up libinput-bin (1.25.0-1ubuntu3.4) ...
Build & Test (ubuntu-24.04)	Setup Compiler & System Dependencies (Linux)	2026-06-11T20:03:22.0268131Z Setting up libleptonica-dev (1.82.0-3build4) ...
Build & Test (ubuntu-24.04)	Setup Compiler & System Dependencies (Linux)	2026-06-11T20:03:22.0286881Z Setting up libqt6sql6-sqlite:amd64 (6.4.2+dfsg-21.1build5) ...
Build & Test (ubuntu-24.04)	Setup Compiler & System Dependencies (Linux)	2026-06-11T20:03:22.0307302Z Setting up qmake6-bin (6.4.2+dfsg-21.1build5) ...
Build & Test (ubuntu-24.04)	Setup Compiler & System Dependencies (Linux)	2026-06-11T20:03:22.0324709Z Setting up libtesseract5:amd64 (5.3.4-1build5) ...
Build & Test (ubuntu-24.04)	Setup Compiler & System Dependencies (Linux)	2026-06-11T20:03:22.0344480Z Setting up libarchive-dev:amd64 (3.7.2-2ubuntu0.7) ...
Build & Test (ubuntu-24.04)	Setup Compiler & System Dependencies (Linux)	2026-06-11T20:03:22.0362136Z Setting up cmake (3.28.3-1build7) ...
Build & Test (ubuntu-24.04)	Setup Compiler & System Dependencies (Linux)	2026-06-11T20:03:22.0379496Z Setting up libqt6network6t64:amd64 (6.4.2+dfsg-21.1build5) ...
Build & Test (ubuntu-24.04)	Setup Compiler & System Dependencies (Linux)	2026-06-11T20:03:22.0399163Z Setting up libinput10:amd64 (1.25.0-1ubuntu3.4) ...
Build & Test (ubuntu-24.04)	Setup Compiler & System Dependencies (Linux)	2026-06-11T20:03:22.0416640Z Setting up libtesseract-dev:amd64 (5.3.4-1build5) ...
Build & Test (ubuntu-24.04)	Setup Compiler & System Dependencies (Linux)	2026-06-11T20:03:22.0435153Z Setting up qt6-base-dev-tools (6.4.2+dfsg-21.1build5) ...
Build & Test (ubuntu-24.04)	Setup Compiler & System Dependencies (Linux)	2026-06-11T20:03:22.0454798Z Setting up libqt6qml6:amd64 (6.4.2+dfsg-4build3) ...
Build & Test (ubuntu-24.04)	Setup Compiler & System Dependencies (Linux)	2026-06-11T20:03:22.0472790Z Setting up libqt6qmlmodels6:amd64 (6.4.2+dfsg-4build3) ...
Build & Test (ubuntu-24.04)	Setup Compiler & System Dependencies (Linux)	2026-06-11T20:03:22.0490885Z Setting up qmake6:amd64 (6.4.2+dfsg-21.1build5) ...
Build & Test (ubuntu-24.04)	Setup Compiler & System Dependencies (Linux)	2026-06-11T20:03:22.0510562Z Setting up tesseract-ocr (5.3.4-1build5) ...
Build & Test (ubuntu-24.04)	Setup Compiler & System Dependencies (Linux)	2026-06-11T20:03:22.0530772Z Setting up libqt6gui6t64:amd64 (6.4.2+dfsg-21.1build5) ...
Build & Test (ubuntu-24.04)	Setup Compiler & System Dependencies (Linux)	2026-06-11T20:03:22.0553068Z Setting up libqt6widgets6t64:amd64 (6.4.2+dfsg-21.1build5) ...
Build & Test (ubuntu-24.04)	Setup Compiler & System Dependencies (Linux)	2026-06-11T20:03:22.0573206Z Setting up libpoppler-qt6-3t64:amd64 (24.02.0-1ubuntu9.9) ...
Build & Test (ubuntu-24.04)	Setup Compiler & System Dependencies (Linux)	2026-06-11T20:03:22.0590975Z Setting up qt6-qpa-plugins:amd64 (6.4.2+dfsg-21.1build5) ...
Build & Test (ubuntu-24.04)	Setup Compiler & System Dependencies (Linux)	2026-06-11T20:03:22.0612870Z Setting up libqt6opengl6t64:amd64 (6.4.2+dfsg-21.1build5) ...
Build & Test (ubuntu-24.04)	Setup Compiler & System Dependencies (Linux)	2026-06-11T20:03:22.0635310Z Setting up libqt6waylandclient6:amd64 (6.4.2-5build3) ...
Build & Test (ubuntu-24.04)	Setup Compiler & System Dependencies (Linux)	2026-06-11T20:03:22.0761753Z Setting up qt6-gtk-platformtheme:amd64 (6.4.2+dfsg-21.1build5) ...
Build & Test (ubuntu-24.04)	Setup Compiler & System Dependencies (Linux)	2026-06-11T20:03:22.0778721Z Setting up libqt6printsupport6t64:amd64 (6.4.2+dfsg-21.1build5) ...
Build & Test (ubuntu-24.04)	Setup Compiler & System Dependencies (Linux)	2026-06-11T20:03:22.0795678Z Setting up libqt6quick6:amd64 (6.4.2+dfsg-4build3) ...
Build & Test (ubuntu-24.04)	Setup Compiler & System Dependencies (Linux)	2026-06-11T20:03:22.0815790Z Setting up libqt6wlshellintegration6:amd64 (6.4.2-5build3) ...
Build & Test (ubuntu-24.04)	Setup Compiler & System Dependencies (Linux)	2026-06-11T20:03:22.0833412Z Setting up libqt6waylandcompositor6:amd64 (6.4.2-5build3) ...
Build & Test (ubuntu-24.04)	Setup Compiler & System Dependencies (Linux)	2026-06-11T20:03:22.0851203Z Setting up libqt6openglwidgets6t64:amd64 (6.4.2+dfsg-21.1build5) ...
Build & Test (ubuntu-24.04)	Setup Compiler & System Dependencies (Linux)	2026-06-11T20:03:22.0869790Z Setting up libqt6waylandeglcompositorhwintegration6:amd64 (6.4.2-5build3) ...
Build & Test (ubuntu-24.04)	Setup Compiler & System Dependencies (Linux)	2026-06-11T20:03:22.0886600Z Setting up libqt6waylandeglclienthwintegration6:amd64 (6.4.2-5build3) ...
Build & Test (ubuntu-24.04)	Setup Compiler & System Dependencies (Linux)	2026-06-11T20:03:22.0902625Z Setting up qt6-wayland:amd64 (6.4.2-5build3) ...
Build & Test (ubuntu-24.04)	Setup Compiler & System Dependencies (Linux)	2026-06-11T20:03:22.1056804Z Processing triggers for fontconfig (2.15.0-1.1ubuntu2) ...
Build & Test (ubuntu-24.04)	Setup Compiler & System Dependencies (Linux)	2026-06-11T20:03:22.1495153Z Processing triggers for libc-bin (2.39-0ubuntu8.7) ...
Build & Test (ubuntu-24.04)	Setup Compiler & System Dependencies (Linux)	2026-06-11T20:03:22.1838333Z Processing triggers for man-db (2.12.0-4build2) ...
Build & Test (ubuntu-24.04)	Setup Compiler & System Dependencies (Linux)	2026-06-11T20:03:22.1860533Z Not building database; man-db/auto-update is not 'true'.
Build & Test (ubuntu-24.04)	Setup Compiler & System Dependencies (Linux)	2026-06-11T20:03:22.1888842Z Processing triggers for udev (255.4-1ubuntu8.15) ...
Build & Test (ubuntu-24.04)	Setup Compiler & System Dependencies (Linux)	2026-06-11T20:03:23.6001088Z Processing triggers for sgml-base (1.31) ...
Build & Test (ubuntu-24.04)	Setup Compiler & System Dependencies (Linux)	2026-06-11T20:03:23.6112559Z Processing triggers for install-info (7.1-3build2) ...
Build & Test (ubuntu-24.04)	Setup Compiler & System Dependencies (Linux)	2026-06-11T20:03:23.7230001Z Setting up x11proto-dev (2023.2-1) ...
Build & Test (ubuntu-24.04)	Setup Compiler & System Dependencies (Linux)	2026-06-11T20:03:23.7254211Z Setting up libxau-dev:amd64 (1:1.0.9-1build6) ...
Build & Test (ubuntu-24.04)	Setup Compiler & System Dependencies (Linux)	2026-06-11T20:03:23.7297446Z Setting up libxdmcp-dev:amd64 (1:1.1.3-0ubuntu6) ...
Build & Test (ubuntu-24.04)	Setup Compiler & System Dependencies (Linux)	2026-06-11T20:03:23.7353002Z Setting up libxcb1-dev:amd64 (1.15-1ubuntu2) ...
Build & Test (ubuntu-24.04)	Setup Compiler & System Dependencies (Linux)	2026-06-11T20:03:23.7378289Z Setting up libx11-dev:amd64 (2:1.8.7-1build1) ...
Build & Test (ubuntu-24.04)	Setup Compiler & System Dependencies (Linux)	2026-06-11T20:03:23.7421375Z Setting up libglx-dev:amd64 (1.7.0-1build1) ...
Build & Test (ubuntu-24.04)	Setup Compiler & System Dependencies (Linux)	2026-06-11T20:03:23.7465613Z Setting up libgl-dev:amd64 (1.7.0-1build1) ...
Build & Test (ubuntu-24.04)	Setup Compiler & System Dependencies (Linux)	2026-06-11T20:03:23.7496086Z Setting up libegl-dev:amd64 (1.7.0-1build1) ...
Build & Test (ubuntu-24.04)	Setup Compiler & System Dependencies (Linux)	2026-06-11T20:03:23.7532606Z Setting up qt6-base-dev:amd64 (6.4.2+dfsg-21.1build5) ...
Build & Test (ubuntu-24.04)	Setup Compiler & System Dependencies (Linux)	2026-06-11T20:03:23.7570027Z Setting up libpoppler-qt6-dev:amd64 (24.02.0-1ubuntu9.9) ...
Build & Test (ubuntu-24.04)	Setup Compiler & System Dependencies (Linux)	2026-06-11T20:03:23.7593421Z Setting up libgles-dev:amd64 (1.7.0-1build1) ...
Build & Test (ubuntu-24.04)	Setup Compiler & System Dependencies (Linux)	2026-06-11T20:03:23.7621372Z Setting up libglvnd-dev:amd64 (1.7.0-1build1) ...
Build & Test (ubuntu-24.04)	Setup Compiler & System Dependencies (Linux)	2026-06-11T20:03:23.7646098Z Setting up libgl1-mesa-dev:amd64 (25.2.8-0ubuntu0.24.04.1) ...
Build & Test (ubuntu-24.04)	Setup Compiler & System Dependencies (Linux)	2026-06-11T20:03:23.7667421Z Setting up libegl1-mesa-dev:amd64 (25.2.8-0ubuntu0.24.04.1) ...
Build & Test (ubuntu-24.04)	Setup Compiler & System Dependencies (Linux)	2026-06-11T20:03:24.3830541Z 
Build & Test (ubuntu-24.04)	Setup Compiler & System Dependencies (Linux)	2026-06-11T20:03:24.3831341Z Running kernel seems to be up-to-date.
Build & Test (ubuntu-24.04)	Setup Compiler & System Dependencies (Linux)	2026-06-11T20:03:24.3831747Z 
Build & Test (ubuntu-24.04)	Setup Compiler & System Dependencies (Linux)	2026-06-11T20:03:24.3831954Z No services need to be restarted.
Build & Test (ubuntu-24.04)	Setup Compiler & System Dependencies (Linux)	2026-06-11T20:03:24.3832231Z 
Build & Test (ubuntu-24.04)	Setup Compiler & System Dependencies (Linux)	2026-06-11T20:03:24.3832395Z No containers need to be restarted.
Build & Test (ubuntu-24.04)	Setup Compiler & System Dependencies (Linux)	2026-06-11T20:03:24.3832672Z 
Build & Test (ubuntu-24.04)	Setup Compiler & System Dependencies (Linux)	2026-06-11T20:03:24.3832869Z No user sessions are running outdated binaries.
Build & Test (ubuntu-24.04)	Setup Compiler & System Dependencies (Linux)	2026-06-11T20:03:24.3833199Z 
Build & Test (ubuntu-24.04)	Setup Compiler & System Dependencies (Linux)	2026-06-11T20:03:24.3833509Z No VM guests are running outdated hypervisor (qemu) binaries on this host.
Build & Test (ubuntu-24.04)	Install Qt 6.8 Core Frameworks	﻿2026-06-11T20:03:25.2775592Z ##[group]Run jurplel/install-qt-action@v3
Build & Test (ubuntu-24.04)	Install Qt 6.8 Core Frameworks	2026-06-11T20:03:25.2775922Z with:
Build & Test (ubuntu-24.04)	Install Qt 6.8 Core Frameworks	2026-06-11T20:03:25.2776141Z   version: 6.8.3
Build & Test (ubuntu-24.04)	Install Qt 6.8 Core Frameworks	2026-06-11T20:03:25.2776366Z   host: linux
Build & Test (ubuntu-24.04)	Install Qt 6.8 Core Frameworks	2026-06-11T20:03:25.2776592Z   target: desktop
Build & Test (ubuntu-24.04)	Install Qt 6.8 Core Frameworks	2026-06-11T20:03:25.2776852Z   modules: qt5compat qtshadertools qtimageformats
Build & Test (ubuntu-24.04)	Install Qt 6.8 Core Frameworks	2026-06-11T20:03:25.2777160Z   cache: true
Build & Test (ubuntu-24.04)	Install Qt 6.8 Core Frameworks	2026-06-11T20:03:25.2777377Z   install-deps: true
Build & Test (ubuntu-24.04)	Install Qt 6.8 Core Frameworks	2026-06-11T20:03:25.2777630Z   cache-key-prefix: install-qt-action
Build & Test (ubuntu-24.04)	Install Qt 6.8 Core Frameworks	2026-06-11T20:03:25.2777918Z   setup-python: true
Build & Test (ubuntu-24.04)	Install Qt 6.8 Core Frameworks	2026-06-11T20:03:25.2778163Z   add-tools-to-path: true
Build & Test (ubuntu-24.04)	Install Qt 6.8 Core Frameworks	2026-06-11T20:03:25.2778406Z   set-env: true
Build & Test (ubuntu-24.04)	Install Qt 6.8 Core Frameworks	2026-06-11T20:03:25.2778653Z   no-qt-binaries: false
Build & Test (ubuntu-24.04)	Install Qt 6.8 Core Frameworks	2026-06-11T20:03:25.2778887Z   tools-only: false
Build & Test (ubuntu-24.04)	Install Qt 6.8 Core Frameworks	2026-06-11T20:03:25.2779112Z   aqtversion: ==3.1.*
Build & Test (ubuntu-24.04)	Install Qt 6.8 Core Frameworks	2026-06-11T20:03:25.2779339Z   py7zrversion: ==0.20.*
Build & Test (ubuntu-24.04)	Install Qt 6.8 Core Frameworks	2026-06-11T20:03:25.2779572Z   source: false
Build & Test (ubuntu-24.04)	Install Qt 6.8 Core Frameworks	2026-06-11T20:03:25.2779785Z   documentation: false
Build & Test (ubuntu-24.04)	Install Qt 6.8 Core Frameworks	2026-06-11T20:03:25.2780015Z   examples: false
Build & Test (ubuntu-24.04)	Install Qt 6.8 Core Frameworks	2026-06-11T20:03:25.2780238Z ##[endgroup]
Build & Test (ubuntu-24.04)	Install Qt 6.8 Core Frameworks	2026-06-11T20:03:25.2916325Z ##[group]Run actions/setup-python@v5
Build & Test (ubuntu-24.04)	Install Qt 6.8 Core Frameworks	2026-06-11T20:03:25.2916665Z with:
Build & Test (ubuntu-24.04)	Install Qt 6.8 Core Frameworks	2026-06-11T20:03:25.2916896Z   python-version: 3.6.x - 3.11.x
Build & Test (ubuntu-24.04)	Install Qt 6.8 Core Frameworks	2026-06-11T20:03:25.2917179Z   check-latest: false
Build & Test (ubuntu-24.04)	Install Qt 6.8 Core Frameworks	2026-06-11T20:03:25.2919948Z   token: ***
Build & Test (ubuntu-24.04)	Install Qt 6.8 Core Frameworks	2026-06-11T20:03:25.2920188Z   update-environment: true
Build & Test (ubuntu-24.04)	Install Qt 6.8 Core Frameworks	2026-06-11T20:03:25.2920597Z   allow-prereleases: false
Build & Test (ubuntu-24.04)	Install Qt 6.8 Core Frameworks	2026-06-11T20:03:25.2920842Z   freethreaded: false
Build & Test (ubuntu-24.04)	Install Qt 6.8 Core Frameworks	2026-06-11T20:03:25.2921088Z ##[endgroup]
Build & Test (ubuntu-24.04)	Install Qt 6.8 Core Frameworks	2026-06-11T20:03:25.4617723Z ##[group]Installed versions
Build & Test (ubuntu-24.04)	Install Qt 6.8 Core Frameworks	2026-06-11T20:03:25.4734044Z Successfully set up CPython (3.11.15)
Build & Test (ubuntu-24.04)	Install Qt 6.8 Core Frameworks	2026-06-11T20:03:25.4734710Z ##[endgroup]
Build & Test (ubuntu-24.04)	Install Qt 6.8 Core Frameworks	2026-06-11T20:03:25.4888725Z ##[group]Run jurplel/install-qt-action/action@v3
Build & Test (ubuntu-24.04)	Install Qt 6.8 Core Frameworks	2026-06-11T20:03:25.4889052Z with:
Build & Test (ubuntu-24.04)	Install Qt 6.8 Core Frameworks	2026-06-11T20:03:25.4889266Z   version: 6.8.3
Build & Test (ubuntu-24.04)	Install Qt 6.8 Core Frameworks	2026-06-11T20:03:25.4889487Z   host: linux
Build & Test (ubuntu-24.04)	Install Qt 6.8 Core Frameworks	2026-06-11T20:03:25.4889704Z   target: desktop
Build & Test (ubuntu-24.04)	Install Qt 6.8 Core Frameworks	2026-06-11T20:03:25.4889927Z   install-deps: true
Build & Test (ubuntu-24.04)	Install Qt 6.8 Core Frameworks	2026-06-11T20:03:25.4890199Z   modules: qt5compat qtshadertools qtimageformats
Build & Test (ubuntu-24.04)	Install Qt 6.8 Core Frameworks	2026-06-11T20:03:25.4890748Z   cache: true
Build & Test (ubuntu-24.04)	Install Qt 6.8 Core Frameworks	2026-06-11T20:03:25.4890994Z   cache-key-prefix: install-qt-action
Build & Test (ubuntu-24.04)	Install Qt 6.8 Core Frameworks	2026-06-11T20:03:25.4891285Z   add-tools-to-path: true
Build & Test (ubuntu-24.04)	Install Qt 6.8 Core Frameworks	2026-06-11T20:03:25.4891530Z   set-env: true
Build & Test (ubuntu-24.04)	Install Qt 6.8 Core Frameworks	2026-06-11T20:03:25.4891767Z   no-qt-binaries: false
Build & Test (ubuntu-24.04)	Install Qt 6.8 Core Frameworks	2026-06-11T20:03:25.4892002Z   tools-only: false
Build & Test (ubuntu-24.04)	Install Qt 6.8 Core Frameworks	2026-06-11T20:03:25.4892219Z   aqtversion: ==3.1.*
Build & Test (ubuntu-24.04)	Install Qt 6.8 Core Frameworks	2026-06-11T20:03:25.4892453Z   py7zrversion: ==0.20.*
Build & Test (ubuntu-24.04)	Install Qt 6.8 Core Frameworks	2026-06-11T20:03:25.4892686Z   source: false
Build & Test (ubuntu-24.04)	Install Qt 6.8 Core Frameworks	2026-06-11T20:03:25.4892905Z   documentation: false
Build & Test (ubuntu-24.04)	Install Qt 6.8 Core Frameworks	2026-06-11T20:03:25.4893140Z   examples: false
Build & Test (ubuntu-24.04)	Install Qt 6.8 Core Frameworks	2026-06-11T20:03:25.4893348Z env:
Build & Test (ubuntu-24.04)	Install Qt 6.8 Core Frameworks	2026-06-11T20:03:25.4893612Z   pythonLocation: /opt/hostedtoolcache/Python/3.11.15/x64
Build & Test (ubuntu-24.04)	Install Qt 6.8 Core Frameworks	2026-06-11T20:03:25.4894077Z   PKG_CONFIG_PATH: /opt/hostedtoolcache/Python/3.11.15/x64/lib/pkgconfig
Build & Test (ubuntu-24.04)	Install Qt 6.8 Core Frameworks	2026-06-11T20:03:25.4894523Z   Python_ROOT_DIR: /opt/hostedtoolcache/Python/3.11.15/x64
Build & Test (ubuntu-24.04)	Install Qt 6.8 Core Frameworks	2026-06-11T20:03:25.4894912Z   Python2_ROOT_DIR: /opt/hostedtoolcache/Python/3.11.15/x64
Build & Test (ubuntu-24.04)	Install Qt 6.8 Core Frameworks	2026-06-11T20:03:25.4895300Z   Python3_ROOT_DIR: /opt/hostedtoolcache/Python/3.11.15/x64
Build & Test (ubuntu-24.04)	Install Qt 6.8 Core Frameworks	2026-06-11T20:03:25.4895691Z   LD_LIBRARY_PATH: /opt/hostedtoolcache/Python/3.11.15/x64/lib
Build & Test (ubuntu-24.04)	Install Qt 6.8 Core Frameworks	2026-06-11T20:03:25.4896022Z ##[endgroup]
Build & Test (ubuntu-24.04)	Install Qt 6.8 Core Frameworks	2026-06-11T20:03:25.6349665Z [command]/usr/bin/sudo apt-get update
Build & Test (ubuntu-24.04)	Install Qt 6.8 Core Frameworks	2026-06-11T20:03:25.7043299Z Get:1 file:/etc/apt/apt-mirrors.txt Mirrorlist [144 B]
Build & Test (ubuntu-24.04)	Install Qt 6.8 Core Frameworks	2026-06-11T20:03:25.7346937Z Hit:2 http://azure.archive.ubuntu.com/ubuntu noble InRelease
Build & Test (ubuntu-24.04)	Install Qt 6.8 Core Frameworks	2026-06-11T20:03:25.7357436Z Hit:3 http://azure.archive.ubuntu.com/ubuntu noble-updates InRelease
Build & Test (ubuntu-24.04)	Install Qt 6.8 Core Frameworks	2026-06-11T20:03:25.7369265Z Hit:4 http://azure.archive.ubuntu.com/ubuntu noble-backports InRelease
Build & Test (ubuntu-24.04)	Install Qt 6.8 Core Frameworks	2026-06-11T20:03:25.7374316Z Hit:6 https://packages.microsoft.com/repos/azure-cli noble InRelease
Build & Test (ubuntu-24.04)	Install Qt 6.8 Core Frameworks	2026-06-11T20:03:25.7382135Z Hit:5 http://azure.archive.ubuntu.com/ubuntu noble-security InRelease
Build & Test (ubuntu-24.04)	Install Qt 6.8 Core Frameworks	2026-06-11T20:03:25.7434851Z Hit:7 https://packages.microsoft.com/ubuntu/24.04/prod noble InRelease
Build & Test (ubuntu-24.04)	Install Qt 6.8 Core Frameworks	2026-06-11T20:03:25.8446571Z Hit:8 https://dl.google.com/linux/chrome-stable/deb stable InRelease
Build & Test (ubuntu-24.04)	Install Qt 6.8 Core Frameworks	2026-06-11T20:03:27.0269645Z Reading package lists...
Build & Test (ubuntu-24.04)	Install Qt 6.8 Core Frameworks	2026-06-11T20:03:27.0417026Z [command]/usr/bin/sudo apt-get install build-essential libgl1-mesa-dev libgstreamer-gl1.0-0 libpulse-dev libxcb-glx0 libxcb-icccm4 libxcb-image0 libxcb-keysyms1 libxcb-randr0 libxcb-render-util0 libxcb-render0 libxcb-shape0 libxcb-shm0 libxcb-sync1 libxcb-util1 libxcb-xfixes0 libxcb-xinerama0 libxcb1 libxkbcommon-dev libxkbcommon-x11-0 libxcb-xkb-dev -y
Build & Test (ubuntu-24.04)	Install Qt 6.8 Core Frameworks	2026-06-11T20:03:27.0637184Z Reading package lists...
Build & Test (ubuntu-24.04)	Install Qt 6.8 Core Frameworks	2026-06-11T20:03:27.2365014Z Building dependency tree...
Build & Test (ubuntu-24.04)	Install Qt 6.8 Core Frameworks	2026-06-11T20:03:27.2372617Z Reading state information...
Build & Test (ubuntu-24.04)	Install Qt 6.8 Core Frameworks	2026-06-11T20:03:27.4025016Z build-essential is already the newest version (12.10ubuntu1).
Build & Test (ubuntu-24.04)	Install Qt 6.8 Core Frameworks	2026-06-11T20:03:27.4025679Z libgl1-mesa-dev is already the newest version (25.2.8-0ubuntu0.24.04.1).
Build & Test (ubuntu-24.04)	Install Qt 6.8 Core Frameworks	2026-06-11T20:03:27.4026150Z libxcb-glx0 is already the newest version (1.15-1ubuntu2).
Build & Test (ubuntu-24.04)	Install Qt 6.8 Core Frameworks	2026-06-11T20:03:27.4026514Z libxcb-glx0 set to manually installed.
Build & Test (ubuntu-24.04)	Install Qt 6.8 Core Frameworks	2026-06-11T20:03:27.4026883Z libxcb-icccm4 is already the newest version (0.4.1-1.1build3).
Build & Test (ubuntu-24.04)	Install Qt 6.8 Core Frameworks	2026-06-11T20:03:27.4027292Z libxcb-image0 is already the newest version (0.4.0-2build1).
Build & Test (ubuntu-24.04)	Install Qt 6.8 Core Frameworks	2026-06-11T20:03:27.4027703Z libxcb-keysyms1 is already the newest version (0.4.0-1build4).
Build & Test (ubuntu-24.04)	Install Qt 6.8 Core Frameworks	2026-06-11T20:03:27.4028093Z libxcb-randr0 is already the newest version (1.15-1ubuntu2).
Build & Test (ubuntu-24.04)	Install Qt 6.8 Core Frameworks	2026-06-11T20:03:27.4028438Z libxcb-randr0 set to manually installed.
Build & Test (ubuntu-24.04)	Install Qt 6.8 Core Frameworks	2026-06-11T20:03:27.4028810Z libxcb-render-util0 is already the newest version (0.3.9-1build4).
Build & Test (ubuntu-24.04)	Install Qt 6.8 Core Frameworks	2026-06-11T20:03:27.4029248Z libxcb-render0 is already the newest version (1.15-1ubuntu2).
Build & Test (ubuntu-24.04)	Install Qt 6.8 Core Frameworks	2026-06-11T20:03:27.4029629Z libxcb-render0 set to manually installed.
Build & Test (ubuntu-24.04)	Install Qt 6.8 Core Frameworks	2026-06-11T20:03:27.4029984Z libxcb-shape0 is already the newest version (1.15-1ubuntu2).
Build & Test (ubuntu-24.04)	Install Qt 6.8 Core Frameworks	2026-06-11T20:03:27.4031209Z libxcb-shape0 set to manually installed.
Build & Test (ubuntu-24.04)	Install Qt 6.8 Core Frameworks	2026-06-11T20:03:27.4031697Z libxcb-shm0 is already the newest version (1.15-1ubuntu2).
Build & Test (ubuntu-24.04)	Install Qt 6.8 Core Frameworks	2026-06-11T20:03:27.4032154Z libxcb-shm0 set to manually installed.
Build & Test (ubuntu-24.04)	Install Qt 6.8 Core Frameworks	2026-06-11T20:03:27.4032634Z libxcb-sync1 is already the newest version (1.15-1ubuntu2).
Build & Test (ubuntu-24.04)	Install Qt 6.8 Core Frameworks	2026-06-11T20:03:27.4033110Z libxcb-sync1 set to manually installed.
Build & Test (ubuntu-24.04)	Install Qt 6.8 Core Frameworks	2026-06-11T20:03:27.4033573Z libxcb-util1 is already the newest version (0.4.0-1build3).
Build & Test (ubuntu-24.04)	Install Qt 6.8 Core Frameworks	2026-06-11T20:03:27.4034041Z libxcb-util1 set to manually installed.
Build & Test (ubuntu-24.04)	Install Qt 6.8 Core Frameworks	2026-06-11T20:03:27.4034501Z libxcb-xfixes0 is already the newest version (1.15-1ubuntu2).
Build & Test (ubuntu-24.04)	Install Qt 6.8 Core Frameworks	2026-06-11T20:03:27.4034984Z libxcb-xfixes0 set to manually installed.
Build & Test (ubuntu-24.04)	Install Qt 6.8 Core Frameworks	2026-06-11T20:03:27.4035536Z libxcb-xinerama0 is already the newest version (1.15-1ubuntu2).
Build & Test (ubuntu-24.04)	Install Qt 6.8 Core Frameworks	2026-06-11T20:03:27.4036179Z libxcb1 is already the newest version (1.15-1ubuntu2).
Build & Test (ubuntu-24.04)	Install Qt 6.8 Core Frameworks	2026-06-11T20:03:27.4036784Z libxcb1 set to manually installed.
Build & Test (ubuntu-24.04)	Install Qt 6.8 Core Frameworks	2026-06-11T20:03:27.4037307Z libxkbcommon-dev is already the newest version (1.6.0-1build1).
Build & Test (ubuntu-24.04)	Install Qt 6.8 Core Frameworks	2026-06-11T20:03:27.4037991Z libxkbcommon-x11-0 is already the newest version (1.6.0-1build1).
Build & Test (ubuntu-24.04)	Install Qt 6.8 Core Frameworks	2026-06-11T20:03:27.4038619Z The following additional packages will be installed:
Build & Test (ubuntu-24.04)	Install Qt 6.8 Core Frameworks	2026-06-11T20:03:27.4039364Z   gstreamer1.0-gl gstreamer1.0-plugins-base libasyncns0 libblkid-dev
Build & Test (ubuntu-24.04)	Install Qt 6.8 Core Frameworks	2026-06-11T20:03:27.4040120Z   libcdparanoia0 libflac12t64 libgirepository-2.0-0 libglib2.0-dev
Build & Test (ubuntu-24.04)	Install Qt 6.8 Core Frameworks	2026-06-11T20:03:27.4041082Z   libglib2.0-dev-bin libgraphene-1.0-0 libgstreamer-plugins-base1.0-0
Build & Test (ubuntu-24.04)	Install Qt 6.8 Core Frameworks	2026-06-11T20:03:27.4041832Z   libmount-dev libmp3lame0 libmpg123-0t64 libopus0 liborc-0.4-0t64
Build & Test (ubuntu-24.04)	Install Qt 6.8 Core Frameworks	2026-06-11T20:03:27.4042610Z   libpulse-mainloop-glib0 libpulse0 libselinux1-dev libsepol-dev libsndfile1
Build & Test (ubuntu-24.04)	Install Qt 6.8 Core Frameworks	2026-06-11T20:03:27.4043344Z   libtheora0 libvisual-0.4-0 libvorbisenc2 uuid-dev
Build & Test (ubuntu-24.04)	Install Qt 6.8 Core Frameworks	2026-06-11T20:03:27.4043858Z Suggested packages:
Build & Test (ubuntu-24.04)	Install Qt 6.8 Core Frameworks	2026-06-11T20:03:27.4044401Z   gvfs gir1.2-glib-2.0-dev libglib2.0-doc libgdk-pixbuf2.0-bin libxml2-utils
Build & Test (ubuntu-24.04)	Install Qt 6.8 Core Frameworks	2026-06-11T20:03:27.4045109Z   libvisual-0.4-plugins opus-tools pulseaudio
Build & Test (ubuntu-24.04)	Install Qt 6.8 Core Frameworks	2026-06-11T20:03:27.4348608Z The following NEW packages will be installed:
Build & Test (ubuntu-24.04)	Install Qt 6.8 Core Frameworks	2026-06-11T20:03:27.4349705Z   gstreamer1.0-gl gstreamer1.0-plugins-base libasyncns0 libblkid-dev
Build & Test (ubuntu-24.04)	Install Qt 6.8 Core Frameworks	2026-06-11T20:03:27.4350615Z   libcdparanoia0 libflac12t64 libgirepository-2.0-0 libglib2.0-dev
Build & Test (ubuntu-24.04)	Install Qt 6.8 Core Frameworks	2026-06-11T20:03:27.4351157Z   libglib2.0-dev-bin libgraphene-1.0-0 libgstreamer-gl1.0-0
Build & Test (ubuntu-24.04)	Install Qt 6.8 Core Frameworks	2026-06-11T20:03:27.4351632Z   libgstreamer-plugins-base1.0-0 libmount-dev libmp3lame0 libmpg123-0t64
Build & Test (ubuntu-24.04)	Install Qt 6.8 Core Frameworks	2026-06-11T20:03:27.4352494Z   libopus0 liborc-0.4-0t64 libpulse-dev libpulse-mainloop-glib0 libpulse0
Build & Test (ubuntu-24.04)	Install Qt 6.8 Core Frameworks	2026-06-11T20:03:27.4352991Z   libselinux1-dev libsepol-dev libsndfile1 libtheora0 libvisual-0.4-0
Build & Test (ubuntu-24.04)	Install Qt 6.8 Core Frameworks	2026-06-11T20:03:27.4354629Z   libvorbisenc2 libxcb-xkb-dev uuid-dev
Build & Test (ubuntu-24.04)	Install Qt 6.8 Core Frameworks	2026-06-11T20:03:27.4539795Z 0 upgraded, 28 newly installed, 0 to remove and 31 not upgraded.
Build & Test (ubuntu-24.04)	Install Qt 6.8 Core Frameworks	2026-06-11T20:03:27.4540256Z Need to get 6853 kB of archives.
Build & Test (ubuntu-24.04)	Install Qt 6.8 Core Frameworks	2026-06-11T20:03:27.4540888Z After this operation, 29.2 MB of additional disk space will be used.
Build & Test (ubuntu-24.04)	Install Qt 6.8 Core Frameworks	2026-06-11T20:03:27.4541324Z Get:1 file:/etc/apt/apt-mirrors.txt Mirrorlist [144 B]
Build & Test (ubuntu-24.04)	Install Qt 6.8 Core Frameworks	2026-06-11T20:03:27.5038250Z Get:2 http://azure.archive.ubuntu.com/ubuntu noble/main amd64 libgraphene-1.0-0 amd64 1.10.8-3build2 [46.2 kB]
Build & Test (ubuntu-24.04)	Install Qt 6.8 Core Frameworks	2026-06-11T20:03:27.5383645Z Get:3 http://azure.archive.ubuntu.com/ubuntu noble-updates/main amd64 liborc-0.4-0t64 amd64 1:0.4.38-1ubuntu0.1 [207 kB]
Build & Test (ubuntu-24.04)	Install Qt 6.8 Core Frameworks	2026-06-11T20:03:27.5726098Z Get:4 http://azure.archive.ubuntu.com/ubuntu noble-updates/main amd64 libgstreamer-plugins-base1.0-0 amd64 1.24.2-1ubuntu0.4 [862 kB]
Build & Test (ubuntu-24.04)	Install Qt 6.8 Core Frameworks	2026-06-11T20:03:27.6122217Z Get:5 http://azure.archive.ubuntu.com/ubuntu noble-updates/main amd64 libgstreamer-gl1.0-0 amd64 1.24.2-1ubuntu0.4 [214 kB]
Build & Test (ubuntu-24.04)	Install Qt 6.8 Core Frameworks	2026-06-11T20:03:27.6457461Z Get:6 http://azure.archive.ubuntu.com/ubuntu noble-updates/main amd64 gstreamer1.0-gl amd64 1.24.2-1ubuntu0.4 [116 kB]
Build & Test (ubuntu-24.04)	Install Qt 6.8 Core Frameworks	2026-06-11T20:03:27.6779328Z Get:7 http://azure.archive.ubuntu.com/ubuntu noble/main amd64 libcdparanoia0 amd64 3.10.2+debian-14build3 [48.5 kB]
Build & Test (ubuntu-24.04)	Install Qt 6.8 Core Frameworks	2026-06-11T20:03:27.7108263Z Get:8 http://azure.archive.ubuntu.com/ubuntu noble/main amd64 libopus0 amd64 1.4-1build1 [208 kB]
Build & Test (ubuntu-24.04)	Install Qt 6.8 Core Frameworks	2026-06-11T20:03:27.7434620Z Get:9 http://azure.archive.ubuntu.com/ubuntu noble/main amd64 libtheora0 amd64 1.1.1+dfsg.1-16.1build3 [211 kB]
Build & Test (ubuntu-24.04)	Install Qt 6.8 Core Frameworks	2026-06-11T20:03:27.7821190Z Get:10 http://azure.archive.ubuntu.com/ubuntu noble/main amd64 libvisual-0.4-0 amd64 0.4.2-2build1 [115 kB]
Build & Test (ubuntu-24.04)	Install Qt 6.8 Core Frameworks	2026-06-11T20:03:27.8162488Z Get:11 http://azure.archive.ubuntu.com/ubuntu noble/main amd64 libvorbisenc2 amd64 1.3.7-1build3 [80.8 kB]
Build & Test (ubuntu-24.04)	Install Qt 6.8 Core Frameworks	2026-06-11T20:03:27.8485233Z Get:12 http://azure.archive.ubuntu.com/ubuntu noble-updates/main amd64 gstreamer1.0-plugins-base amd64 1.24.2-1ubuntu0.4 [721 kB]
Build & Test (ubuntu-24.04)	Install Qt 6.8 Core Frameworks	2026-06-11T20:03:27.8877154Z Get:13 http://azure.archive.ubuntu.com/ubuntu noble/main amd64 libasyncns0 amd64 0.8-6build4 [11.3 kB]
Build & Test (ubuntu-24.04)	Install Qt 6.8 Core Frameworks	2026-06-11T20:03:27.9201670Z Get:14 http://azure.archive.ubuntu.com/ubuntu noble/main amd64 libflac12t64 amd64 1.4.3+ds-2.1ubuntu2 [197 kB]
Build & Test (ubuntu-24.04)	Install Qt 6.8 Core Frameworks	2026-06-11T20:03:27.9560239Z Get:15 http://azure.archive.ubuntu.com/ubuntu noble-updates/main amd64 libgirepository-2.0-0 amd64 2.80.0-6ubuntu3.8 [73.6 kB]
Build & Test (ubuntu-24.04)	Install Qt 6.8 Core Frameworks	2026-06-11T20:03:27.9882319Z Get:16 http://azure.archive.ubuntu.com/ubuntu noble-updates/main amd64 libglib2.0-dev-bin amd64 2.80.0-6ubuntu3.8 [138 kB]
Build & Test (ubuntu-24.04)	Install Qt 6.8 Core Frameworks	2026-06-11T20:03:28.0212622Z Get:17 http://azure.archive.ubuntu.com/ubuntu noble-updates/main amd64 uuid-dev amd64 2.39.3-9ubuntu6.5 [33.5 kB]
Build & Test (ubuntu-24.04)	Install Qt 6.8 Core Frameworks	2026-06-11T20:03:28.0529411Z Get:18 http://azure.archive.ubuntu.com/ubuntu noble-updates/main amd64 libblkid-dev amd64 2.39.3-9ubuntu6.5 [204 kB]
Build & Test (ubuntu-24.04)	Install Qt 6.8 Core Frameworks	2026-06-11T20:03:28.0887042Z Get:19 http://azure.archive.ubuntu.com/ubuntu noble/main amd64 libsepol-dev amd64 3.5-2build1 [384 kB]
Build & Test (ubuntu-24.04)	Install Qt 6.8 Core Frameworks	2026-06-11T20:03:28.1673531Z Get:20 http://azure.archive.ubuntu.com/ubuntu noble-updates/main amd64 libselinux1-dev amd64 3.5-2ubuntu2.1 [164 kB]
Build & Test (ubuntu-24.04)	Install Qt 6.8 Core Frameworks	2026-06-11T20:03:28.1985330Z Get:21 http://azure.archive.ubuntu.com/ubuntu noble-updates/main amd64 libmount-dev amd64 2.39.3-9ubuntu6.5 [14.9 kB]
Build & Test (ubuntu-24.04)	Install Qt 6.8 Core Frameworks	2026-06-11T20:03:28.2284601Z Get:22 http://azure.archive.ubuntu.com/ubuntu noble-updates/main amd64 libglib2.0-dev amd64 2.80.0-6ubuntu3.8 [1860 kB]
Build & Test (ubuntu-24.04)	Install Qt 6.8 Core Frameworks	2026-06-11T20:03:28.2892273Z Get:23 http://azure.archive.ubuntu.com/ubuntu noble/main amd64 libmp3lame0 amd64 3.100-6build1 [142 kB]
Build & Test (ubuntu-24.04)	Install Qt 6.8 Core Frameworks	2026-06-11T20:03:28.3219717Z Get:24 http://azure.archive.ubuntu.com/ubuntu noble-updates/main amd64 libmpg123-0t64 amd64 1.32.5-1ubuntu1.1 [169 kB]
Build & Test (ubuntu-24.04)	Install Qt 6.8 Core Frameworks	2026-06-11T20:03:28.3531310Z Get:25 http://azure.archive.ubuntu.com/ubuntu noble-updates/main amd64 libsndfile1 amd64 1.2.2-1ubuntu5.24.04.1 [209 kB]
Build & Test (ubuntu-24.04)	Install Qt 6.8 Core Frameworks	2026-06-11T20:03:28.3849354Z Get:26 http://azure.archive.ubuntu.com/ubuntu noble-updates/main amd64 libpulse0 amd64 1:16.1+dfsg1-2ubuntu10.1 [292 kB]
Build & Test (ubuntu-24.04)	Install Qt 6.8 Core Frameworks	2026-06-11T20:03:28.4186281Z Get:27 http://azure.archive.ubuntu.com/ubuntu noble-updates/main amd64 libpulse-mainloop-glib0 amd64 1:16.1+dfsg1-2ubuntu10.1 [12.2 kB]
Build & Test (ubuntu-24.04)	Install Qt 6.8 Core Frameworks	2026-06-11T20:03:28.4483298Z Get:28 http://azure.archive.ubuntu.com/ubuntu noble-updates/universe amd64 libpulse-dev amd64 1:16.1+dfsg1-2ubuntu10.1 [75.6 kB]
Build & Test (ubuntu-24.04)	Install Qt 6.8 Core Frameworks	2026-06-11T20:03:28.4804768Z Get:29 http://azure.archive.ubuntu.com/ubuntu noble/main amd64 libxcb-xkb-dev amd64 1.15-1ubuntu2 [42.5 kB]
Build & Test (ubuntu-24.04)	Install Qt 6.8 Core Frameworks	2026-06-11T20:03:28.7496827Z Fetched 6853 kB in 1s (6601 kB/s)
Build & Test (ubuntu-24.04)	Install Qt 6.8 Core Frameworks	2026-06-11T20:03:28.7702851Z Selecting previously unselected package libgraphene-1.0-0:amd64.
Build & Test (ubuntu-24.04)	Install Qt 6.8 Core Frameworks	2026-06-11T20:03:28.7765339Z (Reading database ... 
Build & Test (ubuntu-24.04)	Install Qt 6.8 Core Frameworks	2026-06-11T20:03:28.7765948Z (Reading database ... 5%
Build & Test (ubuntu-24.04)	Install Qt 6.8 Core Frameworks	2026-06-11T20:03:28.7766405Z (Reading database ... 10%
Build & Test (ubuntu-24.04)	Install Qt 6.8 Core Frameworks	2026-06-11T20:03:28.7766805Z (Reading database ... 15%
Build & Test (ubuntu-24.04)	Install Qt 6.8 Core Frameworks	2026-06-11T20:03:28.7767197Z (Reading database ... 20%
Build & Test (ubuntu-24.04)	Install Qt 6.8 Core Frameworks	2026-06-11T20:03:28.7767549Z (Reading database ... 25%
Build & Test (ubuntu-24.04)	Install Qt 6.8 Core Frameworks	2026-06-11T20:03:28.7767905Z (Reading database ... 30%
Build & Test (ubuntu-24.04)	Install Qt 6.8 Core Frameworks	2026-06-11T20:03:28.7768259Z (Reading database ... 35%
Build & Test (ubuntu-24.04)	Install Qt 6.8 Core Frameworks	2026-06-11T20:03:28.7768612Z (Reading database ... 40%
Build & Test (ubuntu-24.04)	Install Qt 6.8 Core Frameworks	2026-06-11T20:03:28.7768961Z (Reading database ... 45%
Build & Test (ubuntu-24.04)	Install Qt 6.8 Core Frameworks	2026-06-11T20:03:28.7769309Z (Reading database ... 50%
Build & Test (ubuntu-24.04)	Install Qt 6.8 Core Frameworks	2026-06-11T20:03:28.7786827Z (Reading database ... 55%
Build & Test (ubuntu-24.04)	Install Qt 6.8 Core Frameworks	2026-06-11T20:03:28.7901563Z (Reading database ... 60%
Build & Test (ubuntu-24.04)	Install Qt 6.8 Core Frameworks	2026-06-11T20:03:28.7936909Z (Reading database ... 65%
Build & Test (ubuntu-24.04)	Install Qt 6.8 Core Frameworks	2026-06-11T20:03:28.7957099Z (Reading database ... 70%
Build & Test (ubuntu-24.04)	Install Qt 6.8 Core Frameworks	2026-06-11T20:03:28.7983273Z (Reading database ... 75%
Build & Test (ubuntu-24.04)	Install Qt 6.8 Core Frameworks	2026-06-11T20:03:28.8020701Z (Reading database ... 80%
Build & Test (ubuntu-24.04)	Install Qt 6.8 Core Frameworks	2026-06-11T20:03:28.8152292Z (Reading database ... 85%
Build & Test (ubuntu-24.04)	Install Qt 6.8 Core Frameworks	2026-06-11T20:03:28.8193621Z (Reading database ... 90%
Build & Test (ubuntu-24.04)	Install Qt 6.8 Core Frameworks	2026-06-11T20:03:28.8471902Z (Reading database ... 95%
Build & Test (ubuntu-24.04)	Install Qt 6.8 Core Frameworks	2026-06-11T20:03:28.8472486Z (Reading database ... 100%
Build & Test (ubuntu-24.04)	Install Qt 6.8 Core Frameworks	2026-06-11T20:03:28.8473039Z (Reading database ... 211646 files and directories currently installed.)
Build & Test (ubuntu-24.04)	Install Qt 6.8 Core Frameworks	2026-06-11T20:03:28.8516988Z Preparing to unpack .../00-libgraphene-1.0-0_1.10.8-3build2_amd64.deb ...
Build & Test (ubuntu-24.04)	Install Qt 6.8 Core Frameworks	2026-06-11T20:03:28.8531832Z Unpacking libgraphene-1.0-0:amd64 (1.10.8-3build2) ...
Build & Test (ubuntu-24.04)	Install Qt 6.8 Core Frameworks	2026-06-11T20:03:28.8747410Z Selecting previously unselected package liborc-0.4-0t64:amd64.
Build & Test (ubuntu-24.04)	Install Qt 6.8 Core Frameworks	2026-06-11T20:03:28.8876164Z Preparing to unpack .../01-liborc-0.4-0t64_1%3a0.4.38-1ubuntu0.1_amd64.deb ...
Build & Test (ubuntu-24.04)	Install Qt 6.8 Core Frameworks	2026-06-11T20:03:28.8884691Z Unpacking liborc-0.4-0t64:amd64 (1:0.4.38-1ubuntu0.1) ...
Build & Test (ubuntu-24.04)	Install Qt 6.8 Core Frameworks	2026-06-11T20:03:28.9130738Z Selecting previously unselected package libgstreamer-plugins-base1.0-0:amd64.
Build & Test (ubuntu-24.04)	Install Qt 6.8 Core Frameworks	2026-06-11T20:03:28.9264819Z Preparing to unpack .../02-libgstreamer-plugins-base1.0-0_1.24.2-1ubuntu0.4_amd64.deb ...
Build & Test (ubuntu-24.04)	Install Qt 6.8 Core Frameworks	2026-06-11T20:03:28.9271266Z Unpacking libgstreamer-plugins-base1.0-0:amd64 (1.24.2-1ubuntu0.4) ...
Build & Test (ubuntu-24.04)	Install Qt 6.8 Core Frameworks	2026-06-11T20:03:28.9604775Z Selecting previously unselected package libgstreamer-gl1.0-0:amd64.
Build & Test (ubuntu-24.04)	Install Qt 6.8 Core Frameworks	2026-06-11T20:03:28.9745687Z Preparing to unpack .../03-libgstreamer-gl1.0-0_1.24.2-1ubuntu0.4_amd64.deb ...
Build & Test (ubuntu-24.04)	Install Qt 6.8 Core Frameworks	2026-06-11T20:03:28.9751883Z Unpacking libgstreamer-gl1.0-0:amd64 (1.24.2-1ubuntu0.4) ...
Build & Test (ubuntu-24.04)	Install Qt 6.8 Core Frameworks	2026-06-11T20:03:28.9995167Z Selecting previously unselected package gstreamer1.0-gl:amd64.
Build & Test (ubuntu-24.04)	Install Qt 6.8 Core Frameworks	2026-06-11T20:03:29.0129568Z Preparing to unpack .../04-gstreamer1.0-gl_1.24.2-1ubuntu0.4_amd64.deb ...
Build & Test (ubuntu-24.04)	Install Qt 6.8 Core Frameworks	2026-06-11T20:03:29.0136005Z Unpacking gstreamer1.0-gl:amd64 (1.24.2-1ubuntu0.4) ...
Build & Test (ubuntu-24.04)	Install Qt 6.8 Core Frameworks	2026-06-11T20:03:29.0351628Z Selecting previously unselected package libcdparanoia0:amd64.
Build & Test (ubuntu-24.04)	Install Qt 6.8 Core Frameworks	2026-06-11T20:03:29.0482964Z Preparing to unpack .../05-libcdparanoia0_3.10.2+debian-14build3_amd64.deb ...
Build & Test (ubuntu-24.04)	Install Qt 6.8 Core Frameworks	2026-06-11T20:03:29.0490787Z Unpacking libcdparanoia0:amd64 (3.10.2+debian-14build3) ...
Build & Test (ubuntu-24.04)	Install Qt 6.8 Core Frameworks	2026-06-11T20:03:29.0711448Z Selecting previously unselected package libopus0:amd64.
Build & Test (ubuntu-24.04)	Install Qt 6.8 Core Frameworks	2026-06-11T20:03:29.0839771Z Preparing to unpack .../06-libopus0_1.4-1build1_amd64.deb ...
Build & Test (ubuntu-24.04)	Install Qt 6.8 Core Frameworks	2026-06-11T20:03:29.0847136Z Unpacking libopus0:amd64 (1.4-1build1) ...
Build & Test (ubuntu-24.04)	Install Qt 6.8 Core Frameworks	2026-06-11T20:03:29.1071375Z Selecting previously unselected package libtheora0:amd64.
Build & Test (ubuntu-24.04)	Install Qt 6.8 Core Frameworks	2026-06-11T20:03:29.1201320Z Preparing to unpack .../07-libtheora0_1.1.1+dfsg.1-16.1build3_amd64.deb ...
Build & Test (ubuntu-24.04)	Install Qt 6.8 Core Frameworks	2026-06-11T20:03:29.1208984Z Unpacking libtheora0:amd64 (1.1.1+dfsg.1-16.1build3) ...
Build & Test (ubuntu-24.04)	Install Qt 6.8 Core Frameworks	2026-06-11T20:03:29.1444356Z Selecting previously unselected package libvisual-0.4-0:amd64.
Build & Test (ubuntu-24.04)	Install Qt 6.8 Core Frameworks	2026-06-11T20:03:29.1575319Z Preparing to unpack .../08-libvisual-0.4-0_0.4.2-2build1_amd64.deb ...
Build & Test (ubuntu-24.04)	Install Qt 6.8 Core Frameworks	2026-06-11T20:03:29.1582439Z Unpacking libvisual-0.4-0:amd64 (0.4.2-2build1) ...
Build & Test (ubuntu-24.04)	Install Qt 6.8 Core Frameworks	2026-06-11T20:03:29.1815855Z Selecting previously unselected package libvorbisenc2:amd64.
Build & Test (ubuntu-24.04)	Install Qt 6.8 Core Frameworks	2026-06-11T20:03:29.1943246Z Preparing to unpack .../09-libvorbisenc2_1.3.7-1build3_amd64.deb ...
Build & Test (ubuntu-24.04)	Install Qt 6.8 Core Frameworks	2026-06-11T20:03:29.1951292Z Unpacking libvorbisenc2:amd64 (1.3.7-1build3) ...
Build & Test (ubuntu-24.04)	Install Qt 6.8 Core Frameworks	2026-06-11T20:03:29.2169456Z Selecting previously unselected package gstreamer1.0-plugins-base:amd64.
Build & Test (ubuntu-24.04)	Install Qt 6.8 Core Frameworks	2026-06-11T20:03:29.2298136Z Preparing to unpack .../10-gstreamer1.0-plugins-base_1.24.2-1ubuntu0.4_amd64.deb ...
Build & Test (ubuntu-24.04)	Install Qt 6.8 Core Frameworks	2026-06-11T20:03:29.2304090Z Unpacking gstreamer1.0-plugins-base:amd64 (1.24.2-1ubuntu0.4) ...
Build & Test (ubuntu-24.04)	Install Qt 6.8 Core Frameworks	2026-06-11T20:03:29.2627773Z Selecting previously unselected package libasyncns0:amd64.
Build & Test (ubuntu-24.04)	Install Qt 6.8 Core Frameworks	2026-06-11T20:03:29.2761782Z Preparing to unpack .../11-libasyncns0_0.8-6build4_amd64.deb ...
Build & Test (ubuntu-24.04)	Install Qt 6.8 Core Frameworks	2026-06-11T20:03:29.2768226Z Unpacking libasyncns0:amd64 (0.8-6build4) ...
Build & Test (ubuntu-24.04)	Install Qt 6.8 Core Frameworks	2026-06-11T20:03:29.2976036Z Selecting previously unselected package libflac12t64:amd64.
Build & Test (ubuntu-24.04)	Install Qt 6.8 Core Frameworks	2026-06-11T20:03:29.3108686Z Preparing to unpack .../12-libflac12t64_1.4.3+ds-2.1ubuntu2_amd64.deb ...
Build & Test (ubuntu-24.04)	Install Qt 6.8 Core Frameworks	2026-06-11T20:03:29.3114624Z Unpacking libflac12t64:amd64 (1.4.3+ds-2.1ubuntu2) ...
Build & Test (ubuntu-24.04)	Install Qt 6.8 Core Frameworks	2026-06-11T20:03:29.3339553Z Selecting previously unselected package libgirepository-2.0-0:amd64.
Build & Test (ubuntu-24.04)	Install Qt 6.8 Core Frameworks	2026-06-11T20:03:29.3468405Z Preparing to unpack .../13-libgirepository-2.0-0_2.80.0-6ubuntu3.8_amd64.deb ...
Build & Test (ubuntu-24.04)	Install Qt 6.8 Core Frameworks	2026-06-11T20:03:29.3475464Z Unpacking libgirepository-2.0-0:amd64 (2.80.0-6ubuntu3.8) ...
Build & Test (ubuntu-24.04)	Install Qt 6.8 Core Frameworks	2026-06-11T20:03:29.3681827Z Selecting previously unselected package libglib2.0-dev-bin.
Build & Test (ubuntu-24.04)	Install Qt 6.8 Core Frameworks	2026-06-11T20:03:29.3807731Z Preparing to unpack .../14-libglib2.0-dev-bin_2.80.0-6ubuntu3.8_amd64.deb ...
Build & Test (ubuntu-24.04)	Install Qt 6.8 Core Frameworks	2026-06-11T20:03:29.3814993Z Unpacking libglib2.0-dev-bin (2.80.0-6ubuntu3.8) ...
Build & Test (ubuntu-24.04)	Install Qt 6.8 Core Frameworks	2026-06-11T20:03:29.4104933Z Selecting previously unselected package uuid-dev:amd64.
Build & Test (ubuntu-24.04)	Install Qt 6.8 Core Frameworks	2026-06-11T20:03:29.4236639Z Preparing to unpack .../15-uuid-dev_2.39.3-9ubuntu6.5_amd64.deb ...
Build & Test (ubuntu-24.04)	Install Qt 6.8 Core Frameworks	2026-06-11T20:03:29.4244192Z Unpacking uuid-dev:amd64 (2.39.3-9ubuntu6.5) ...
Build & Test (ubuntu-24.04)	Install Qt 6.8 Core Frameworks	2026-06-11T20:03:29.4459737Z Selecting previously unselected package libblkid-dev:amd64.
Build & Test (ubuntu-24.04)	Install Qt 6.8 Core Frameworks	2026-06-11T20:03:29.4587487Z Preparing to unpack .../16-libblkid-dev_2.39.3-9ubuntu6.5_amd64.deb ...
Build & Test (ubuntu-24.04)	Install Qt 6.8 Core Frameworks	2026-06-11T20:03:29.4595362Z Unpacking libblkid-dev:amd64 (2.39.3-9ubuntu6.5) ...
Build & Test (ubuntu-24.04)	Install Qt 6.8 Core Frameworks	2026-06-11T20:03:29.4829897Z Selecting previously unselected package libsepol-dev:amd64.
Build & Test (ubuntu-24.04)	Install Qt 6.8 Core Frameworks	2026-06-11T20:03:29.4959713Z Preparing to unpack .../17-libsepol-dev_3.5-2build1_amd64.deb ...
Build & Test (ubuntu-24.04)	Install Qt 6.8 Core Frameworks	2026-06-11T20:03:29.4967768Z Unpacking libsepol-dev:amd64 (3.5-2build1) ...
Build & Test (ubuntu-24.04)	Install Qt 6.8 Core Frameworks	2026-06-11T20:03:29.5302055Z Selecting previously unselected package libselinux1-dev:amd64.
Build & Test (ubuntu-24.04)	Install Qt 6.8 Core Frameworks	2026-06-11T20:03:29.5432884Z Preparing to unpack .../18-libselinux1-dev_3.5-2ubuntu2.1_amd64.deb ...
Build & Test (ubuntu-24.04)	Install Qt 6.8 Core Frameworks	2026-06-11T20:03:29.5441415Z Unpacking libselinux1-dev:amd64 (3.5-2ubuntu2.1) ...
Build & Test (ubuntu-24.04)	Install Qt 6.8 Core Frameworks	2026-06-11T20:03:29.5883069Z Selecting previously unselected package libmount-dev:amd64.
Build & Test (ubuntu-24.04)	Install Qt 6.8 Core Frameworks	2026-06-11T20:03:29.6016613Z Preparing to unpack .../19-libmount-dev_2.39.3-9ubuntu6.5_amd64.deb ...
Build & Test (ubuntu-24.04)	Install Qt 6.8 Core Frameworks	2026-06-11T20:03:29.6023375Z Unpacking libmount-dev:amd64 (2.39.3-9ubuntu6.5) ...
Build & Test (ubuntu-24.04)	Install Qt 6.8 Core Frameworks	2026-06-11T20:03:29.6222659Z Selecting previously unselected package libglib2.0-dev:amd64.
Build & Test (ubuntu-24.04)	Install Qt 6.8 Core Frameworks	2026-06-11T20:03:29.6352208Z Preparing to unpack .../20-libglib2.0-dev_2.80.0-6ubuntu3.8_amd64.deb ...
Build & Test (ubuntu-24.04)	Install Qt 6.8 Core Frameworks	2026-06-11T20:03:29.6358283Z Unpacking libglib2.0-dev:amd64 (2.80.0-6ubuntu3.8) ...
Build & Test (ubuntu-24.04)	Install Qt 6.8 Core Frameworks	2026-06-11T20:03:29.7379703Z Selecting previously unselected package libmp3lame0:amd64.
Build & Test (ubuntu-24.04)	Install Qt 6.8 Core Frameworks	2026-06-11T20:03:29.7516933Z Preparing to unpack .../21-libmp3lame0_3.100-6build1_amd64.deb ...
Build & Test (ubuntu-24.04)	Install Qt 6.8 Core Frameworks	2026-06-11T20:03:29.7523442Z Unpacking libmp3lame0:amd64 (3.100-6build1) ...
Build & Test (ubuntu-24.04)	Install Qt 6.8 Core Frameworks	2026-06-11T20:03:29.7739330Z Selecting previously unselected package libmpg123-0t64:amd64.
Build & Test (ubuntu-24.04)	Install Qt 6.8 Core Frameworks	2026-06-11T20:03:29.7871925Z Preparing to unpack .../22-libmpg123-0t64_1.32.5-1ubuntu1.1_amd64.deb ...
Build & Test (ubuntu-24.04)	Install Qt 6.8 Core Frameworks	2026-06-11T20:03:29.7880957Z Unpacking libmpg123-0t64:amd64 (1.32.5-1ubuntu1.1) ...
Build & Test (ubuntu-24.04)	Install Qt 6.8 Core Frameworks	2026-06-11T20:03:29.8106914Z Selecting previously unselected package libsndfile1:amd64.
Build & Test (ubuntu-24.04)	Install Qt 6.8 Core Frameworks	2026-06-11T20:03:29.8239817Z Preparing to unpack .../23-libsndfile1_1.2.2-1ubuntu5.24.04.1_amd64.deb ...
Build & Test (ubuntu-24.04)	Install Qt 6.8 Core Frameworks	2026-06-11T20:03:29.8246273Z Unpacking libsndfile1:amd64 (1.2.2-1ubuntu5.24.04.1) ...
Build & Test (ubuntu-24.04)	Install Qt 6.8 Core Frameworks	2026-06-11T20:03:29.8494938Z Selecting previously unselected package libpulse0:amd64.
Build & Test (ubuntu-24.04)	Install Qt 6.8 Core Frameworks	2026-06-11T20:03:29.8626981Z Preparing to unpack .../24-libpulse0_1%3a16.1+dfsg1-2ubuntu10.1_amd64.deb ...
Build & Test (ubuntu-24.04)	Install Qt 6.8 Core Frameworks	2026-06-11T20:03:29.8695682Z Unpacking libpulse0:amd64 (1:16.1+dfsg1-2ubuntu10.1) ...
Build & Test (ubuntu-24.04)	Install Qt 6.8 Core Frameworks	2026-06-11T20:03:29.8950205Z Selecting previously unselected package libpulse-mainloop-glib0:amd64.
Build & Test (ubuntu-24.04)	Install Qt 6.8 Core Frameworks	2026-06-11T20:03:29.9082750Z Preparing to unpack .../25-libpulse-mainloop-glib0_1%3a16.1+dfsg1-2ubuntu10.1_amd64.deb ...
Build & Test (ubuntu-24.04)	Install Qt 6.8 Core Frameworks	2026-06-11T20:03:29.9089320Z Unpacking libpulse-mainloop-glib0:amd64 (1:16.1+dfsg1-2ubuntu10.1) ...
Build & Test (ubuntu-24.04)	Install Qt 6.8 Core Frameworks	2026-06-11T20:03:29.9284373Z Selecting previously unselected package libpulse-dev:amd64.
Build & Test (ubuntu-24.04)	Install Qt 6.8 Core Frameworks	2026-06-11T20:03:29.9425699Z Preparing to unpack .../26-libpulse-dev_1%3a16.1+dfsg1-2ubuntu10.1_amd64.deb ...
Build & Test (ubuntu-24.04)	Install Qt 6.8 Core Frameworks	2026-06-11T20:03:29.9436906Z Unpacking libpulse-dev:amd64 (1:16.1+dfsg1-2ubuntu10.1) ...
Build & Test (ubuntu-24.04)	Install Qt 6.8 Core Frameworks	2026-06-11T20:03:29.9707346Z Selecting previously unselected package libxcb-xkb-dev:amd64.
Build & Test (ubuntu-24.04)	Install Qt 6.8 Core Frameworks	2026-06-11T20:03:29.9837967Z Preparing to unpack .../27-libxcb-xkb-dev_1.15-1ubuntu2_amd64.deb ...
Build & Test (ubuntu-24.04)	Install Qt 6.8 Core Frameworks	2026-06-11T20:03:29.9845504Z Unpacking libxcb-xkb-dev:amd64 (1.15-1ubuntu2) ...
Build & Test (ubuntu-24.04)	Install Qt 6.8 Core Frameworks	2026-06-11T20:03:30.0277666Z Setting up libglib2.0-dev-bin (2.80.0-6ubuntu3.8) ...
Build & Test (ubuntu-24.04)	Install Qt 6.8 Core Frameworks	2026-06-11T20:03:30.1744946Z Setting up libcdparanoia0:amd64 (3.10.2+debian-14build3) ...
Build & Test (ubuntu-24.04)	Install Qt 6.8 Core Frameworks	2026-06-11T20:03:30.1761299Z Setting up libgirepository-2.0-0:amd64 (2.80.0-6ubuntu3.8) ...
Build & Test (ubuntu-24.04)	Install Qt 6.8 Core Frameworks	2026-06-11T20:03:30.1781899Z Setting up libvisual-0.4-0:amd64 (0.4.2-2build1) ...
Build & Test (ubuntu-24.04)	Install Qt 6.8 Core Frameworks	2026-06-11T20:03:30.1802083Z Setting up libxcb-xkb-dev:amd64 (1.15-1ubuntu2) ...
Build & Test (ubuntu-24.04)	Install Qt 6.8 Core Frameworks	2026-06-11T20:03:30.1820164Z Setting up libmpg123-0t64:amd64 (1.32.5-1ubuntu1.1) ...
Build & Test (ubuntu-24.04)	Install Qt 6.8 Core Frameworks	2026-06-11T20:03:30.1837343Z Setting up liborc-0.4-0t64:amd64 (1:0.4.38-1ubuntu0.1) ...
Build & Test (ubuntu-24.04)	Install Qt 6.8 Core Frameworks	2026-06-11T20:03:30.1857990Z Setting up uuid-dev:amd64 (2.39.3-9ubuntu6.5) ...
Build & Test (ubuntu-24.04)	Install Qt 6.8 Core Frameworks	2026-06-11T20:03:30.1874573Z Setting up libopus0:amd64 (1.4-1build1) ...
Build & Test (ubuntu-24.04)	Install Qt 6.8 Core Frameworks	2026-06-11T20:03:30.1892956Z Setting up libsepol-dev:amd64 (3.5-2build1) ...
Build & Test (ubuntu-24.04)	Install Qt 6.8 Core Frameworks	2026-06-11T20:03:30.1909914Z Setting up libasyncns0:amd64 (0.8-6build4) ...
Build & Test (ubuntu-24.04)	Install Qt 6.8 Core Frameworks	2026-06-11T20:03:30.1927104Z Setting up libtheora0:amd64 (1.1.1+dfsg.1-16.1build3) ...
Build & Test (ubuntu-24.04)	Install Qt 6.8 Core Frameworks	2026-06-11T20:03:30.1943907Z Setting up libflac12t64:amd64 (1.4.3+ds-2.1ubuntu2) ...
Build & Test (ubuntu-24.04)	Install Qt 6.8 Core Frameworks	2026-06-11T20:03:30.1962620Z Setting up libmp3lame0:amd64 (3.100-6build1) ...
Build & Test (ubuntu-24.04)	Install Qt 6.8 Core Frameworks	2026-06-11T20:03:30.1979913Z Setting up libgraphene-1.0-0:amd64 (1.10.8-3build2) ...
Build & Test (ubuntu-24.04)	Install Qt 6.8 Core Frameworks	2026-06-11T20:03:30.1997937Z Setting up libvorbisenc2:amd64 (1.3.7-1build3) ...
Build & Test (ubuntu-24.04)	Install Qt 6.8 Core Frameworks	2026-06-11T20:03:30.2015269Z Setting up libblkid-dev:amd64 (2.39.3-9ubuntu6.5) ...
Build & Test (ubuntu-24.04)	Install Qt 6.8 Core Frameworks	2026-06-11T20:03:30.2032540Z Setting up libselinux1-dev:amd64 (3.5-2ubuntu2.1) ...
Build & Test (ubuntu-24.04)	Install Qt 6.8 Core Frameworks	2026-06-11T20:03:30.2051042Z Setting up libgstreamer-plugins-base1.0-0:amd64 (1.24.2-1ubuntu0.4) ...
Build & Test (ubuntu-24.04)	Install Qt 6.8 Core Frameworks	2026-06-11T20:03:30.2068198Z Setting up libgstreamer-gl1.0-0:amd64 (1.24.2-1ubuntu0.4) ...
Build & Test (ubuntu-24.04)	Install Qt 6.8 Core Frameworks	2026-06-11T20:03:30.2085228Z Setting up gstreamer1.0-plugins-base:amd64 (1.24.2-1ubuntu0.4) ...
Build & Test (ubuntu-24.04)	Install Qt 6.8 Core Frameworks	2026-06-11T20:03:30.2101957Z Setting up libsndfile1:amd64 (1.2.2-1ubuntu5.24.04.1) ...
Build & Test (ubuntu-24.04)	Install Qt 6.8 Core Frameworks	2026-06-11T20:03:30.2119906Z Setting up libmount-dev:amd64 (2.39.3-9ubuntu6.5) ...
Build & Test (ubuntu-24.04)	Install Qt 6.8 Core Frameworks	2026-06-11T20:03:30.2136699Z Setting up gstreamer1.0-gl:amd64 (1.24.2-1ubuntu0.4) ...
Build & Test (ubuntu-24.04)	Install Qt 6.8 Core Frameworks	2026-06-11T20:03:30.2153963Z Setting up libpulse0:amd64 (1:16.1+dfsg1-2ubuntu10.1) ...
Build & Test (ubuntu-24.04)	Install Qt 6.8 Core Frameworks	2026-06-11T20:03:30.2228891Z Setting up libglib2.0-dev:amd64 (2.80.0-6ubuntu3.8) ...
Build & Test (ubuntu-24.04)	Install Qt 6.8 Core Frameworks	2026-06-11T20:03:30.2246029Z Setting up libpulse-mainloop-glib0:amd64 (1:16.1+dfsg1-2ubuntu10.1) ...
Build & Test (ubuntu-24.04)	Install Qt 6.8 Core Frameworks	2026-06-11T20:03:30.2285320Z Processing triggers for libc-bin (2.39-0ubuntu8.7) ...
Build & Test (ubuntu-24.04)	Install Qt 6.8 Core Frameworks	2026-06-11T20:03:30.2457172Z Processing triggers for man-db (2.12.0-4build2) ...
Build & Test (ubuntu-24.04)	Install Qt 6.8 Core Frameworks	2026-06-11T20:03:30.2473151Z Not building database; man-db/auto-update is not 'true'.
Build & Test (ubuntu-24.04)	Install Qt 6.8 Core Frameworks	2026-06-11T20:03:30.2484328Z Processing triggers for libglib2.0-0t64:amd64 (2.80.0-6ubuntu3.8) ...
Build & Test (ubuntu-24.04)	Install Qt 6.8 Core Frameworks	2026-06-11T20:03:30.2569121Z Setting up libpulse-dev:amd64 (1:16.1+dfsg1-2ubuntu10.1) ...
Build & Test (ubuntu-24.04)	Install Qt 6.8 Core Frameworks	2026-06-11T20:03:30.7968265Z 
Build & Test (ubuntu-24.04)	Install Qt 6.8 Core Frameworks	2026-06-11T20:03:30.7968944Z Running kernel seems to be up-to-date.
Build & Test (ubuntu-24.04)	Install Qt 6.8 Core Frameworks	2026-06-11T20:03:30.7969349Z 
Build & Test (ubuntu-24.04)	Install Qt 6.8 Core Frameworks	2026-06-11T20:03:30.7969509Z No services need to be restarted.
Build & Test (ubuntu-24.04)	Install Qt 6.8 Core Frameworks	2026-06-11T20:03:30.7969810Z 
Build & Test (ubuntu-24.04)	Install Qt 6.8 Core Frameworks	2026-06-11T20:03:30.7969963Z No containers need to be restarted.
Build & Test (ubuntu-24.04)	Install Qt 6.8 Core Frameworks	2026-06-11T20:03:30.7970256Z 
Build & Test (ubuntu-24.04)	Install Qt 6.8 Core Frameworks	2026-06-11T20:03:30.7970647Z No user sessions are running outdated binaries.
Build & Test (ubuntu-24.04)	Install Qt 6.8 Core Frameworks	2026-06-11T20:03:30.7970906Z 
Build & Test (ubuntu-24.04)	Install Qt 6.8 Core Frameworks	2026-06-11T20:03:30.7971119Z No VM guests are running outdated hypervisor (qemu) binaries on this host.
Build & Test (ubuntu-24.04)	Install Qt 6.8 Core Frameworks	2026-06-11T20:03:31.7792004Z ##[warning]Failed to restore: Cache service responded with 400
Build & Test (ubuntu-24.04)	Install Qt 6.8 Core Frameworks	2026-06-11T20:03:31.7793177Z Automatic cache miss, will cache this run
Build & Test (ubuntu-24.04)	Install Qt 6.8 Core Frameworks	2026-06-11T20:03:31.7794033Z [command]/opt/hostedtoolcache/Python/3.11.15/x64/bin/python3 -m pip install setuptools wheel py7zr==0.20.*
Build & Test (ubuntu-24.04)	Install Qt 6.8 Core Frameworks	2026-06-11T20:03:32.5044973Z Requirement already satisfied: setuptools in /opt/hostedtoolcache/Python/3.11.15/x64/lib/python3.11/site-packages (79.0.1)
Build & Test (ubuntu-24.04)	Install Qt 6.8 Core Frameworks	2026-06-11T20:03:32.6123609Z Collecting wheel
Build & Test (ubuntu-24.04)	Install Qt 6.8 Core Frameworks	2026-06-11T20:03:32.6931384Z   Downloading wheel-0.47.0-py3-none-any.whl.metadata (2.3 kB)
Build & Test (ubuntu-24.04)	Install Qt 6.8 Core Frameworks	2026-06-11T20:03:32.7393111Z Collecting py7zr==0.20.*
Build & Test (ubuntu-24.04)	Install Qt 6.8 Core Frameworks	2026-06-11T20:03:32.7532454Z   Downloading py7zr-0.20.8-py3-none-any.whl.metadata (16 kB)
Build & Test (ubuntu-24.04)	Install Qt 6.8 Core Frameworks	2026-06-11T20:03:32.7840000Z Collecting texttable (from py7zr==0.20.*)
Build & Test (ubuntu-24.04)	Install Qt 6.8 Core Frameworks	2026-06-11T20:03:32.7974825Z   Downloading texttable-1.7.0-py2.py3-none-any.whl.metadata (9.8 kB)
Build & Test (ubuntu-24.04)	Install Qt 6.8 Core Frameworks	2026-06-11T20:03:32.8956045Z Collecting pycryptodomex>=3.16.0 (from py7zr==0.20.*)
Build & Test (ubuntu-24.04)	Install Qt 6.8 Core Frameworks	2026-06-11T20:03:32.9091345Z   Downloading pycryptodomex-3.23.0-cp37-abi3-manylinux_2_17_x86_64.manylinux2014_x86_64.whl.metadata (3.4 kB)
Build & Test (ubuntu-24.04)	Install Qt 6.8 Core Frameworks	2026-06-11T20:03:32.9881017Z Collecting pyzstd>=0.15.9 (from py7zr==0.20.*)
Build & Test (ubuntu-24.04)	Install Qt 6.8 Core Frameworks	2026-06-11T20:03:33.0016877Z   Downloading pyzstd-0.19.1-py3-none-any.whl.metadata (2.6 kB)
Build & Test (ubuntu-24.04)	Install Qt 6.8 Core Frameworks	2026-06-11T20:03:33.0681268Z Collecting pyppmd<1.2.0,>=1.1.0 (from py7zr==0.20.*)
Build & Test (ubuntu-24.04)	Install Qt 6.8 Core Frameworks	2026-06-11T20:03:33.0817762Z   Downloading pyppmd-1.1.1-cp311-cp311-manylinux_2_17_x86_64.manylinux2014_x86_64.whl.metadata (5.5 kB)
Build & Test (ubuntu-24.04)	Install Qt 6.8 Core Frameworks	2026-06-11T20:03:33.1308903Z Collecting pybcj<1.1.0,>=1.0.0 (from py7zr==0.20.*)
Build & Test (ubuntu-24.04)	Install Qt 6.8 Core Frameworks	2026-06-11T20:03:33.1444129Z   Downloading pybcj-1.0.7-cp311-cp311-manylinux2014_x86_64.manylinux_2_17_x86_64.manylinux_2_28_x86_64.whl.metadata (3.9 kB)
Build & Test (ubuntu-24.04)	Install Qt 6.8 Core Frameworks	2026-06-11T20:03:33.1681805Z Collecting multivolumefile>=0.2.3 (from py7zr==0.20.*)
Build & Test (ubuntu-24.04)	Install Qt 6.8 Core Frameworks	2026-06-11T20:03:33.1817590Z   Downloading multivolumefile-0.2.3-py3-none-any.whl.metadata (6.3 kB)
Build & Test (ubuntu-24.04)	Install Qt 6.8 Core Frameworks	2026-06-11T20:03:33.2304551Z Collecting inflate64<1.1.0,>=1.0.0 (from py7zr==0.20.*)
Build & Test (ubuntu-24.04)	Install Qt 6.8 Core Frameworks	2026-06-11T20:03:33.2440105Z   Downloading inflate64-1.0.4-cp311-cp311-manylinux2014_x86_64.manylinux_2_17_x86_64.manylinux_2_28_x86_64.whl.metadata (4.4 kB)
Build & Test (ubuntu-24.04)	Install Qt 6.8 Core Frameworks	2026-06-11T20:03:33.2847536Z Collecting brotli>=1.1.0 (from py7zr==0.20.*)
Build & Test (ubuntu-24.04)	Install Qt 6.8 Core Frameworks	2026-06-11T20:03:33.2982225Z   Downloading brotli-1.2.0-cp311-cp311-manylinux2014_x86_64.manylinux_2_17_x86_64.whl.metadata (6.1 kB)
Build & Test (ubuntu-24.04)	Install Qt 6.8 Core Frameworks	2026-06-11T20:03:33.3633678Z Collecting psutil (from py7zr==0.20.*)
Build & Test (ubuntu-24.04)	Install Qt 6.8 Core Frameworks	2026-06-11T20:03:33.3769918Z   Downloading psutil-7.2.2-cp36-abi3-manylinux2010_x86_64.manylinux_2_12_x86_64.manylinux_2_28_x86_64.whl.metadata (22 kB)
Build & Test (ubuntu-24.04)	Install Qt 6.8 Core Frameworks	2026-06-11T20:03:33.4106603Z Collecting packaging>=24.0 (from wheel)
Build & Test (ubuntu-24.04)	Install Qt 6.8 Core Frameworks	2026-06-11T20:03:33.4238990Z   Downloading packaging-26.2-py3-none-any.whl.metadata (3.5 kB)
Build & Test (ubuntu-24.04)	Install Qt 6.8 Core Frameworks	2026-06-11T20:03:33.4853079Z Collecting backports-zstd>=1.0.0 (from pyzstd>=0.15.9->py7zr==0.20.*)
Build & Test (ubuntu-24.04)	Install Qt 6.8 Core Frameworks	2026-06-11T20:03:33.4988523Z   Downloading backports_zstd-1.5.0-cp311-cp311-manylinux2014_x86_64.manylinux_2_17_x86_64.manylinux_2_28_x86_64.whl.metadata (6.8 kB)
Build & Test (ubuntu-24.04)	Install Qt 6.8 Core Frameworks	2026-06-11T20:03:33.5241398Z Collecting typing-extensions>=4.13.2 (from pyzstd>=0.15.9->py7zr==0.20.*)
Build & Test (ubuntu-24.04)	Install Qt 6.8 Core Frameworks	2026-06-11T20:03:33.5373386Z   Downloading typing_extensions-4.15.0-py3-none-any.whl.metadata (3.3 kB)
Build & Test (ubuntu-24.04)	Install Qt 6.8 Core Frameworks	2026-06-11T20:03:33.5548761Z Downloading py7zr-0.20.8-py3-none-any.whl (67 kB)
Build & Test (ubuntu-24.04)	Install Qt 6.8 Core Frameworks	2026-06-11T20:03:33.5826620Z Downloading inflate64-1.0.4-cp311-cp311-manylinux2014_x86_64.manylinux_2_17_x86_64.manylinux_2_28_x86_64.whl (99 kB)
Build & Test (ubuntu-24.04)	Install Qt 6.8 Core Frameworks	2026-06-11T20:03:33.6093822Z Downloading pybcj-1.0.7-cp311-cp311-manylinux2014_x86_64.manylinux_2_17_x86_64.manylinux_2_28_x86_64.whl (50 kB)
Build & Test (ubuntu-24.04)	Install Qt 6.8 Core Frameworks	2026-06-11T20:03:33.6247057Z Downloading pyppmd-1.1.1-cp311-cp311-manylinux_2_17_x86_64.manylinux2014_x86_64.whl (141 kB)
Build & Test (ubuntu-24.04)	Install Qt 6.8 Core Frameworks	2026-06-11T20:03:33.6431007Z Downloading wheel-0.47.0-py3-none-any.whl (32 kB)
Build & Test (ubuntu-24.04)	Install Qt 6.8 Core Frameworks	2026-06-11T20:03:33.6579943Z Downloading brotli-1.2.0-cp311-cp311-manylinux2014_x86_64.manylinux_2_17_x86_64.whl (1.4 MB)
Build & Test (ubuntu-24.04)	Install Qt 6.8 Core Frameworks	2026-06-11T20:03:33.7009691Z    ━━━━━━━━━━━━━━━━━━━━━━━━━━━━━━━━━━━━━━━━ 1.4/1.4 MB 40.1 MB/s  0:00:00
Build & Test (ubuntu-24.04)	Install Qt 6.8 Core Frameworks	2026-06-11T20:03:33.7145623Z Downloading multivolumefile-0.2.3-py3-none-any.whl (17 kB)
Build & Test (ubuntu-24.04)	Install Qt 6.8 Core Frameworks	2026-06-11T20:03:33.7298857Z Downloading packaging-26.2-py3-none-any.whl (100 kB)
Build & Test (ubuntu-24.04)	Install Qt 6.8 Core Frameworks	2026-06-11T20:03:33.7450242Z Downloading pycryptodomex-3.23.0-cp37-abi3-manylinux_2_17_x86_64.manylinux2014_x86_64.whl (2.3 MB)
Build & Test (ubuntu-24.04)	Install Qt 6.8 Core Frameworks	2026-06-11T20:03:33.7738318Z    ━━━━━━━━━━━━━━━━━━━━━━━━━━━━━━━━━━━━━━━━ 2.3/2.3 MB 75.8 MB/s  0:00:00
Build & Test (ubuntu-24.04)	Install Qt 6.8 Core Frameworks	2026-06-11T20:03:33.7871729Z Downloading pyzstd-0.19.1-py3-none-any.whl (23 kB)
Build & Test (ubuntu-24.04)	Install Qt 6.8 Core Frameworks	2026-06-11T20:03:33.8025741Z Downloading backports_zstd-1.5.0-cp311-cp311-manylinux2014_x86_64.manylinux_2_17_x86_64.manylinux_2_28_x86_64.whl (492 kB)
Build & Test (ubuntu-24.04)	Install Qt 6.8 Core Frameworks	2026-06-11T20:03:33.8183097Z Downloading typing_extensions-4.15.0-py3-none-any.whl (44 kB)
Build & Test (ubuntu-24.04)	Install Qt 6.8 Core Frameworks	2026-06-11T20:03:33.8335025Z Downloading psutil-7.2.2-cp36-abi3-manylinux2010_x86_64.manylinux_2_12_x86_64.manylinux_2_28_x86_64.whl (155 kB)
Build & Test (ubuntu-24.04)	Install Qt 6.8 Core Frameworks	2026-06-11T20:03:33.8489516Z Downloading texttable-1.7.0-py2.py3-none-any.whl (10 kB)
Build & Test (ubuntu-24.04)	Install Qt 6.8 Core Frameworks	2026-06-11T20:03:33.8954455Z Installing collected packages: texttable, brotli, typing-extensions, pyppmd, pycryptodomex, pybcj, psutil, packaging, multivolumefile, inflate64, backports-zstd, wheel, pyzstd, py7zr
Build & Test (ubuntu-24.04)	Install Qt 6.8 Core Frameworks	2026-06-11T20:03:34.6605116Z 
Build & Test (ubuntu-24.04)	Install Qt 6.8 Core Frameworks	2026-06-11T20:03:34.6617228Z Successfully installed backports-zstd-1.5.0 brotli-1.2.0 inflate64-1.0.4 multivolumefile-0.2.3 packaging-26.2 psutil-7.2.2 py7zr-0.20.8 pybcj-1.0.7 pycryptodomex-3.23.0 pyppmd-1.1.1 pyzstd-0.19.1 texttable-1.7.0 typing-extensions-4.15.0 wheel-0.47.0
Build & Test (ubuntu-24.04)	Install Qt 6.8 Core Frameworks	2026-06-11T20:03:34.7219760Z [command]/opt/hostedtoolcache/Python/3.11.15/x64/bin/python3 -m pip install aqtinstall==3.1.*
Build & Test (ubuntu-24.04)	Install Qt 6.8 Core Frameworks	2026-06-11T20:03:35.1233469Z Collecting aqtinstall==3.1.*
Build & Test (ubuntu-24.04)	Install Qt 6.8 Core Frameworks	2026-06-11T20:03:35.2123522Z   Downloading aqtinstall-3.1.21-py3-none-any.whl.metadata (11 kB)
Build & Test (ubuntu-24.04)	Install Qt 6.8 Core Frameworks	2026-06-11T20:03:35.2362808Z Collecting bs4 (from aqtinstall==3.1.*)
Build & Test (ubuntu-24.04)	Install Qt 6.8 Core Frameworks	2026-06-11T20:03:35.2570195Z   Downloading bs4-0.0.2-py2.py3-none-any.whl.metadata (411 bytes)
Build & Test (ubuntu-24.04)	Install Qt 6.8 Core Frameworks	2026-06-11T20:03:35.2766740Z Collecting defusedxml (from aqtinstall==3.1.*)
Build & Test (ubuntu-24.04)	Install Qt 6.8 Core Frameworks	2026-06-11T20:03:35.2928147Z   Downloading defusedxml-0.7.1-py2.py3-none-any.whl.metadata (32 kB)
Build & Test (ubuntu-24.04)	Install Qt 6.8 Core Frameworks	2026-06-11T20:03:35.3301440Z Collecting humanize (from aqtinstall==3.1.*)
Build & Test (ubuntu-24.04)	Install Qt 6.8 Core Frameworks	2026-06-11T20:03:35.3458972Z   Downloading humanize-4.15.0-py3-none-any.whl.metadata (7.8 kB)
Build & Test (ubuntu-24.04)	Install Qt 6.8 Core Frameworks	2026-06-11T20:03:35.3665001Z Collecting patch>=1.16 (from aqtinstall==3.1.*)
Build & Test (ubuntu-24.04)	Install Qt 6.8 Core Frameworks	2026-06-11T20:03:35.3822981Z   Downloading patch-1.16.zip (12 kB)
Build & Test (ubuntu-24.04)	Install Qt 6.8 Core Frameworks	2026-06-11T20:03:35.3872464Z   Installing build dependencies: started
Build & Test (ubuntu-24.04)	Install Qt 6.8 Core Frameworks	2026-06-11T20:03:36.2762883Z   Installing build dependencies: finished with status 'done'
Build & Test (ubuntu-24.04)	Install Qt 6.8 Core Frameworks	2026-06-11T20:03:36.2766884Z   Getting requirements to build wheel: started
Build & Test (ubuntu-24.04)	Install Qt 6.8 Core Frameworks	2026-06-11T20:03:36.6734936Z   Getting requirements to build wheel: finished with status 'done'
Build & Test (ubuntu-24.04)	Install Qt 6.8 Core Frameworks	2026-06-11T20:03:36.6745174Z   Preparing metadata (pyproject.toml): started
Build & Test (ubuntu-24.04)	Install Qt 6.8 Core Frameworks	2026-06-11T20:03:36.8423479Z   Preparing metadata (pyproject.toml): finished with status 'done'
Build & Test (ubuntu-24.04)	Install Qt 6.8 Core Frameworks	2026-06-11T20:03:36.8720843Z Collecting py7zr>=0.22.0 (from aqtinstall==3.1.*)
Build & Test (ubuntu-24.04)	Install Qt 6.8 Core Frameworks	2026-06-11T20:03:36.8903474Z   Downloading py7zr-1.1.0-py3-none-any.whl.metadata (17 kB)
Build & Test (ubuntu-24.04)	Install Qt 6.8 Core Frameworks	2026-06-11T20:03:36.9349332Z Collecting requests>=2.31.0 (from aqtinstall==3.1.*)
Build & Test (ubuntu-24.04)	Install Qt 6.8 Core Frameworks	2026-06-11T20:03:36.9506774Z   Downloading requests-2.34.2-py3-none-any.whl.metadata (4.8 kB)
Build & Test (ubuntu-24.04)	Install Qt 6.8 Core Frameworks	2026-06-11T20:03:36.9713378Z Collecting semantic-version (from aqtinstall==3.1.*)
Build & Test (ubuntu-24.04)	Install Qt 6.8 Core Frameworks	2026-06-11T20:03:36.9871002Z   Downloading semantic_version-2.10.0-py2.py3-none-any.whl.metadata (9.7 kB)
Build & Test (ubuntu-24.04)	Install Qt 6.8 Core Frameworks	2026-06-11T20:03:36.9913381Z Requirement already satisfied: texttable in /opt/hostedtoolcache/Python/3.11.15/x64/lib/python3.11/site-packages (from aqtinstall==3.1.*) (1.7.0)
Build & Test (ubuntu-24.04)	Install Qt 6.8 Core Frameworks	2026-06-11T20:03:36.9924168Z Requirement already satisfied: pycryptodomex>=3.20.0 in /opt/hostedtoolcache/Python/3.11.15/x64/lib/python3.11/site-packages (from py7zr>=0.22.0->aqtinstall==3.1.*) (3.23.0)
Build & Test (ubuntu-24.04)	Install Qt 6.8 Core Frameworks	2026-06-11T20:03:36.9929086Z Requirement already satisfied: brotli>=1.2.0 in /opt/hostedtoolcache/Python/3.11.15/x64/lib/python3.11/site-packages (from py7zr>=0.22.0->aqtinstall==3.1.*) (1.2.0)
Build & Test (ubuntu-24.04)	Install Qt 6.8 Core Frameworks	2026-06-11T20:03:36.9934050Z Requirement already satisfied: psutil in /opt/hostedtoolcache/Python/3.11.15/x64/lib/python3.11/site-packages (from py7zr>=0.22.0->aqtinstall==3.1.*) (7.2.2)
Build & Test (ubuntu-24.04)	Install Qt 6.8 Core Frameworks	2026-06-11T20:03:36.9939262Z Requirement already satisfied: backports.zstd>=1.0.0 in /opt/hostedtoolcache/Python/3.11.15/x64/lib/python3.11/site-packages (from py7zr>=0.22.0->aqtinstall==3.1.*) (1.5.0)
Build & Test (ubuntu-24.04)	Install Qt 6.8 Core Frameworks	2026-06-11T20:03:37.0632776Z Collecting pyppmd>=1.3.1 (from py7zr>=0.22.0->aqtinstall==3.1.*)
Build & Test (ubuntu-24.04)	Install Qt 6.8 Core Frameworks	2026-06-11T20:03:37.0796952Z   Downloading pyppmd-1.3.1-cp311-cp311-manylinux2014_x86_64.manylinux_2_17_x86_64.manylinux_2_28_x86_64.whl.metadata (5.4 kB)
Build & Test (ubuntu-24.04)	Install Qt 6.8 Core Frameworks	2026-06-11T20:03:37.0835211Z Requirement already satisfied: pybcj>=1.0.6 in /opt/hostedtoolcache/Python/3.11.15/x64/lib/python3.11/site-packages (from py7zr>=0.22.0->aqtinstall==3.1.*) (1.0.7)
Build & Test (ubuntu-24.04)	Install Qt 6.8 Core Frameworks	2026-06-11T20:03:37.0839107Z Requirement already satisfied: multivolumefile>=0.2.3 in /opt/hostedtoolcache/Python/3.11.15/x64/lib/python3.11/site-packages (from py7zr>=0.22.0->aqtinstall==3.1.*) (0.2.3)
Build & Test (ubuntu-24.04)	Install Qt 6.8 Core Frameworks	2026-06-11T20:03:37.0843358Z Requirement already satisfied: inflate64>=1.0.4 in /opt/hostedtoolcache/Python/3.11.15/x64/lib/python3.11/site-packages (from py7zr>=0.22.0->aqtinstall==3.1.*) (1.0.4)
Build & Test (ubuntu-24.04)	Install Qt 6.8 Core Frameworks	2026-06-11T20:03:37.1876078Z Collecting charset_normalizer<4,>=2 (from requests>=2.31.0->aqtinstall==3.1.*)
Build & Test (ubuntu-24.04)	Install Qt 6.8 Core Frameworks	2026-06-11T20:03:37.2034210Z   Downloading charset_normalizer-3.4.7-cp311-cp311-manylinux2014_x86_64.manylinux_2_17_x86_64.manylinux_2_28_x86_64.whl.metadata (40 kB)
Build & Test (ubuntu-24.04)	Install Qt 6.8 Core Frameworks	2026-06-11T20:03:37.2303260Z Collecting idna<4,>=2.5 (from requests>=2.31.0->aqtinstall==3.1.*)
Build & Test (ubuntu-24.04)	Install Qt 6.8 Core Frameworks	2026-06-11T20:03:37.2509193Z   Downloading idna-3.18-py3-none-any.whl.metadata (6.1 kB)
Build & Test (ubuntu-24.04)	Install Qt 6.8 Core Frameworks	2026-06-11T20:03:37.2782863Z Collecting urllib3<3,>=1.26 (from requests>=2.31.0->aqtinstall==3.1.*)
Build & Test (ubuntu-24.04)	Install Qt 6.8 Core Frameworks	2026-06-11T20:03:37.2942836Z   Downloading urllib3-2.7.0-py3-none-any.whl.metadata (6.9 kB)
Build & Test (ubuntu-24.04)	Install Qt 6.8 Core Frameworks	2026-06-11T20:03:37.3188912Z Collecting certifi>=2023.5.7 (from requests>=2.31.0->aqtinstall==3.1.*)
Build & Test (ubuntu-24.04)	Install Qt 6.8 Core Frameworks	2026-06-11T20:03:37.3345664Z   Downloading certifi-2026.5.20-py3-none-any.whl.metadata (2.5 kB)
Build & Test (ubuntu-24.04)	Install Qt 6.8 Core Frameworks	2026-06-11T20:03:37.3593691Z Collecting beautifulsoup4 (from bs4->aqtinstall==3.1.*)
Build & Test (ubuntu-24.04)	Install Qt 6.8 Core Frameworks	2026-06-11T20:03:37.3752111Z   Downloading beautifulsoup4-4.15.0-py3-none-any.whl.metadata (3.8 kB)
Build & Test (ubuntu-24.04)	Install Qt 6.8 Core Frameworks	2026-06-11T20:03:37.3993672Z Collecting soupsieve>=1.6.1 (from beautifulsoup4->bs4->aqtinstall==3.1.*)
Build & Test (ubuntu-24.04)	Install Qt 6.8 Core Frameworks	2026-06-11T20:03:37.4159124Z   Downloading soupsieve-2.8.4-py3-none-any.whl.metadata (4.6 kB)
Build & Test (ubuntu-24.04)	Install Qt 6.8 Core Frameworks	2026-06-11T20:03:37.4190018Z Requirement already satisfied: typing-extensions>=4.0.0 in /opt/hostedtoolcache/Python/3.11.15/x64/lib/python3.11/site-packages (from beautifulsoup4->bs4->aqtinstall==3.1.*) (4.15.0)
Build & Test (ubuntu-24.04)	Install Qt 6.8 Core Frameworks	2026-06-11T20:03:37.4395899Z Downloading aqtinstall-3.1.21-py3-none-any.whl (59 kB)
Build & Test (ubuntu-24.04)	Install Qt 6.8 Core Frameworks	2026-06-11T20:03:37.4607510Z Downloading py7zr-1.1.0-py3-none-any.whl (71 kB)
Build & Test (ubuntu-24.04)	Install Qt 6.8 Core Frameworks	2026-06-11T20:03:37.4825518Z Downloading pyppmd-1.3.1-cp311-cp311-manylinux2014_x86_64.manylinux_2_17_x86_64.manylinux_2_28_x86_64.whl (143 kB)
Build & Test (ubuntu-24.04)	Install Qt 6.8 Core Frameworks	2026-06-11T20:03:37.5149716Z Downloading requests-2.34.2-py3-none-any.whl (73 kB)
Build & Test (ubuntu-24.04)	Install Qt 6.8 Core Frameworks	2026-06-11T20:03:37.5328264Z Downloading charset_normalizer-3.4.7-cp311-cp311-manylinux2014_x86_64.manylinux_2_17_x86_64.manylinux_2_28_x86_64.whl (214 kB)
Build & Test (ubuntu-24.04)	Install Qt 6.8 Core Frameworks	2026-06-11T20:03:37.5544840Z Downloading idna-3.18-py3-none-any.whl (65 kB)
Build & Test (ubuntu-24.04)	Install Qt 6.8 Core Frameworks	2026-06-11T20:03:37.5732147Z Downloading urllib3-2.7.0-py3-none-any.whl (131 kB)
Build & Test (ubuntu-24.04)	Install Qt 6.8 Core Frameworks	2026-06-11T20:03:37.5914156Z Downloading certifi-2026.5.20-py3-none-any.whl (134 kB)
Build & Test (ubuntu-24.04)	Install Qt 6.8 Core Frameworks	2026-06-11T20:03:37.6109164Z Downloading bs4-0.0.2-py2.py3-none-any.whl (1.2 kB)
Build & Test (ubuntu-24.04)	Install Qt 6.8 Core Frameworks	2026-06-11T20:03:37.6278192Z Downloading beautifulsoup4-4.15.0-py3-none-any.whl (109 kB)
Build & Test (ubuntu-24.04)	Install Qt 6.8 Core Frameworks	2026-06-11T20:03:37.6457884Z Downloading soupsieve-2.8.4-py3-none-any.whl (37 kB)
Build & Test (ubuntu-24.04)	Install Qt 6.8 Core Frameworks	2026-06-11T20:03:37.6631691Z Downloading defusedxml-0.7.1-py2.py3-none-any.whl (25 kB)
Build & Test (ubuntu-24.04)	Install Qt 6.8 Core Frameworks	2026-06-11T20:03:37.6808362Z Downloading humanize-4.15.0-py3-none-any.whl (132 kB)
Build & Test (ubuntu-24.04)	Install Qt 6.8 Core Frameworks	2026-06-11T20:03:37.6986064Z Downloading semantic_version-2.10.0-py2.py3-none-any.whl (15 kB)
Build & Test (ubuntu-24.04)	Install Qt 6.8 Core Frameworks	2026-06-11T20:03:37.7111471Z Building wheels for collected packages: patch
Build & Test (ubuntu-24.04)	Install Qt 6.8 Core Frameworks	2026-06-11T20:03:37.7118846Z   Building wheel for patch (pyproject.toml): started
Build & Test (ubuntu-24.04)	Install Qt 6.8 Core Frameworks	2026-06-11T20:03:37.8987486Z   Building wheel for patch (pyproject.toml): finished with status 'done'
Build & Test (ubuntu-24.04)	Install Qt 6.8 Core Frameworks	2026-06-11T20:03:37.8992175Z   Created wheel for patch: filename=patch-1.16-py3-none-any.whl size=12413 sha256=717046f93aae8e2542c0ec90e9fc372dea0488debfc94c8d1dd0867eb914ed56
Build & Test (ubuntu-24.04)	Install Qt 6.8 Core Frameworks	2026-06-11T20:03:37.8994068Z   Stored in directory: /home/runner/.cache/pip/wheels/cb/ee/c0/8b7da5d06750d049187f4672e1fd70fade43ec0d2ee5b5fcda
Build & Test (ubuntu-24.04)	Install Qt 6.8 Core Frameworks	2026-06-11T20:03:37.9007167Z Successfully built patch
Build & Test (ubuntu-24.04)	Install Qt 6.8 Core Frameworks	2026-06-11T20:03:37.9292750Z Installing collected packages: patch, urllib3, soupsieve, semantic-version, pyppmd, idna, humanize, defusedxml, charset_normalizer, certifi, requests, py7zr, beautifulsoup4, bs4, aqtinstall
Build & Test (ubuntu-24.04)	Install Qt 6.8 Core Frameworks	2026-06-11T20:03:38.0498448Z   Attempting uninstall: pyppmd
Build & Test (ubuntu-24.04)	Install Qt 6.8 Core Frameworks	2026-06-11T20:03:38.0513318Z     Found existing installation: pyppmd 1.1.1
Build & Test (ubuntu-24.04)	Install Qt 6.8 Core Frameworks	2026-06-11T20:03:38.0533215Z     Uninstalling pyppmd-1.1.1:
Build & Test (ubuntu-24.04)	Install Qt 6.8 Core Frameworks	2026-06-11T20:03:38.0541026Z       Successfully uninstalled pyppmd-1.1.1
Build & Test (ubuntu-24.04)	Install Qt 6.8 Core Frameworks	2026-06-11T20:03:38.2250134Z   Attempting uninstall: py7zr
Build & Test (ubuntu-24.04)	Install Qt 6.8 Core Frameworks	2026-06-11T20:03:38.2269518Z     Found existing installation: py7zr 0.20.8
Build & Test (ubuntu-24.04)	Install Qt 6.8 Core Frameworks	2026-06-11T20:03:38.2295000Z     Uninstalling py7zr-0.20.8:
Build & Test (ubuntu-24.04)	Install Qt 6.8 Core Frameworks	2026-06-11T20:03:38.2305425Z       Successfully uninstalled py7zr-0.20.8
Build & Test (ubuntu-24.04)	Install Qt 6.8 Core Frameworks	2026-06-11T20:03:38.3979737Z 
Build & Test (ubuntu-24.04)	Install Qt 6.8 Core Frameworks	2026-06-11T20:03:38.3995039Z Successfully installed aqtinstall-3.1.21 beautifulsoup4-4.15.0 bs4-0.0.2 certifi-2026.5.20 charset_normalizer-3.4.7 defusedxml-0.7.1 humanize-4.15.0 idna-3.18 patch-1.16 py7zr-1.1.0 pyppmd-1.3.1 requests-2.34.2 semantic-version-2.10.0 soupsieve-2.8.4 urllib3-2.7.0
Build & Test (ubuntu-24.04)	Install Qt 6.8 Core Frameworks	2026-06-11T20:03:38.4737508Z [command]/opt/hostedtoolcache/Python/3.11.15/x64/bin/python3 -m aqt install-qt linux desktop 6.8.3 --outputdir /home/runner/work/NinjaLibrary/Qt --modules qt5compat qtshadertools qtimageformats
Build & Test (ubuntu-24.04)	Install Qt 6.8 Core Frameworks	2026-06-11T20:03:38.8734680Z INFO    : aqtinstall(aqt) v3.1.21 on Python 3.11.15 [CPython GCC 13.3.0]
Build & Test (ubuntu-24.04)	Install Qt 6.8 Core Frameworks	2026-06-11T20:03:41.4866272Z INFO    : Found extension qtwebengine
Build & Test (ubuntu-24.04)	Install Qt 6.8 Core Frameworks	2026-06-11T20:03:42.7571777Z INFO    : Found extension qtpdf
Build & Test (ubuntu-24.04)	Install Qt 6.8 Core Frameworks	2026-06-11T20:03:43.8442941Z INFO    : Downloading qt5compat...
Build & Test (ubuntu-24.04)	Install Qt 6.8 Core Frameworks	2026-06-11T20:03:43.8700969Z INFO    : Downloading qtimageformats...
Build & Test (ubuntu-24.04)	Install Qt 6.8 Core Frameworks	2026-06-11T20:03:43.8976397Z INFO    : Downloading qtshadertools...
Build & Test (ubuntu-24.04)	Install Qt 6.8 Core Frameworks	2026-06-11T20:03:43.8999243Z INFO    : Downloading qtbase...
Build & Test (ubuntu-24.04)	Install Qt 6.8 Core Frameworks	2026-06-11T20:03:44.4246913Z INFO    : Redirected: qt.mirror.constant.com
Build & Test (ubuntu-24.04)	Install Qt 6.8 Core Frameworks	2026-06-11T20:03:44.4719249Z INFO    : Redirected: qt.mirror.constant.com
Build & Test (ubuntu-24.04)	Install Qt 6.8 Core Frameworks	2026-06-11T20:03:44.5318387Z INFO    : Redirected: qt.mirror.constant.com
Build & Test (ubuntu-24.04)	Install Qt 6.8 Core Frameworks	2026-06-11T20:03:44.5424425Z INFO    : Redirected: qt.mirror.constant.com
Build & Test (ubuntu-24.04)	Install Qt 6.8 Core Frameworks	2026-06-11T20:03:44.8751856Z INFO    : Finished installation of qt5compat-Linux-RHEL_8_10-GCC-Linux-RHEL_8_10-X86_64.7z in 1.62043682
Build & Test (ubuntu-24.04)	Install Qt 6.8 Core Frameworks	2026-06-11T20:03:44.9509344Z INFO    : Finished installation of qtimageformats-Linux-RHEL_8_10-GCC-Linux-RHEL_8_10-X86_64.7z in 1.69683341
Build & Test (ubuntu-24.04)	Install Qt 6.8 Core Frameworks	2026-06-11T20:03:45.1515588Z INFO    : Finished installation of qtshadertools-Linux-RHEL_8_10-GCC-Linux-RHEL_8_10-X86_64.7z in 1.88399191
Build & Test (ubuntu-24.04)	Install Qt 6.8 Core Frameworks	2026-06-11T20:03:45.4339703Z INFO    : Downloading qtsvg...
Build & Test (ubuntu-24.04)	Install Qt 6.8 Core Frameworks	2026-06-11T20:03:45.5797470Z INFO    : Downloading qtdeclarative...
Build & Test (ubuntu-24.04)	Install Qt 6.8 Core Frameworks	2026-06-11T20:03:45.8636403Z INFO    : Downloading qttools...
Build & Test (ubuntu-24.04)	Install Qt 6.8 Core Frameworks	2026-06-11T20:03:46.0594046Z INFO    : Redirected: qt.mirror.constant.com
Build & Test (ubuntu-24.04)	Install Qt 6.8 Core Frameworks	2026-06-11T20:03:46.2836398Z INFO    : Redirected: qt.mirror.constant.com
Build & Test (ubuntu-24.04)	Install Qt 6.8 Core Frameworks	2026-06-11T20:03:46.4186509Z INFO    : Finished installation of qtsvg-Linux-RHEL_8_10-GCC-Linux-RHEL_8_10-X86_64.7z in 1.53366475
Build & Test (ubuntu-24.04)	Install Qt 6.8 Core Frameworks	2026-06-11T20:03:46.5245012Z INFO    : Redirected: qt.mirror.constant.com
Build & Test (ubuntu-24.04)	Install Qt 6.8 Core Frameworks	2026-06-11T20:03:47.0719015Z INFO    : Downloading qttranslations...
Build & Test (ubuntu-24.04)	Install Qt 6.8 Core Frameworks	2026-06-11T20:03:47.7182301Z INFO    : Redirected: qt.mirror.constant.com
Build & Test (ubuntu-24.04)	Install Qt 6.8 Core Frameworks	2026-06-11T20:03:47.8140234Z INFO    : Finished installation of qtbase-Linux-RHEL_8_10-GCC-Linux-RHEL_8_10-X86_64.7z in 4.54649297
Build & Test (ubuntu-24.04)	Install Qt 6.8 Core Frameworks	2026-06-11T20:03:48.4261916Z INFO    : Finished installation of qttranslations-Linux-RHEL_8_10-GCC-Linux-RHEL_8_10-X86_64.7z in 1.99869287
Build & Test (ubuntu-24.04)	Install Qt 6.8 Core Frameworks	2026-06-11T20:03:48.4975488Z INFO    : Downloading qtwayland...
Build & Test (ubuntu-24.04)	Install Qt 6.8 Core Frameworks	2026-06-11T20:03:49.0498523Z INFO    : Downloading icu...
Build & Test (ubuntu-24.04)	Install Qt 6.8 Core Frameworks	2026-06-11T20:03:49.1056690Z INFO    : Redirected: qt.mirror.constant.com
Build & Test (ubuntu-24.04)	Install Qt 6.8 Core Frameworks	2026-06-11T20:03:49.5998792Z INFO    : Redirected: qt.mirror.constant.com
Build & Test (ubuntu-24.04)	Install Qt 6.8 Core Frameworks	2026-06-11T20:03:49.6689649Z INFO    : Finished installation of qtwayland-Linux-RHEL_8_10-GCC-Linux-RHEL_8_10-X86_64.7z in 1.83538447
Build & Test (ubuntu-24.04)	Install Qt 6.8 Core Frameworks	2026-06-11T20:03:50.0925789Z INFO    : Finished installation of qttools-Linux-RHEL_8_10-GCC-Linux-RHEL_8_10-X86_64.7z in 4.92984670
Build & Test (ubuntu-24.04)	Install Qt 6.8 Core Frameworks	2026-06-11T20:03:50.8827775Z INFO    : Finished installation of icu-linux-Rhel8.6-x86_64.7z in 2.44115249
Build & Test (ubuntu-24.04)	Install Qt 6.8 Core Frameworks	2026-06-11T20:03:58.0838226Z INFO    : Finished installation of qtdeclarative-Linux-RHEL_8_10-GCC-Linux-RHEL_8_10-X86_64.7z in 13.12252036
Build & Test (ubuntu-24.04)	Install Qt 6.8 Core Frameworks	2026-06-11T20:03:58.1795450Z INFO    : Patching /home/runner/work/NinjaLibrary/Qt/6.8.3/gcc_64/bin/qmake
Build & Test (ubuntu-24.04)	Install Qt 6.8 Core Frameworks	2026-06-11T20:03:58.1835259Z INFO    : Patching /home/runner/work/NinjaLibrary/Qt/6.8.3/gcc_64/lib/pkgconfig/Qt6UiPlugin.pc
Build & Test (ubuntu-24.04)	Install Qt 6.8 Core Frameworks	2026-06-11T20:03:58.1837403Z INFO    : Patching /home/runner/work/NinjaLibrary/Qt/6.8.3/gcc_64/lib/pkgconfig/Qt6LabsFolderListModel.pc
Build & Test (ubuntu-24.04)	Install Qt 6.8 Core Frameworks	2026-06-11T20:03:58.1839622Z INFO    : Patching /home/runner/work/NinjaLibrary/Qt/6.8.3/gcc_64/lib/pkgconfig/Qt6QmlMeta.pc
Build & Test (ubuntu-24.04)	Install Qt 6.8 Core Frameworks	2026-06-11T20:03:58.1842038Z INFO    : Patching /home/runner/work/NinjaLibrary/Qt/6.8.3/gcc_64/lib/pkgconfig/Qt6Network.pc
Build & Test (ubuntu-24.04)	Install Qt 6.8 Core Frameworks	2026-06-11T20:03:58.1844506Z INFO    : Patching /home/runner/work/NinjaLibrary/Qt/6.8.3/gcc_64/lib/pkgconfig/Qt6LabsQmlModels.pc
Build & Test (ubuntu-24.04)	Install Qt 6.8 Core Frameworks	2026-06-11T20:03:58.1846387Z INFO    : Patching /home/runner/work/NinjaLibrary/Qt/6.8.3/gcc_64/lib/pkgconfig/Qt6QmlXmlListModel.pc
Build & Test (ubuntu-24.04)	Install Qt 6.8 Core Frameworks	2026-06-11T20:03:58.1848568Z INFO    : Patching /home/runner/work/NinjaLibrary/Qt/6.8.3/gcc_64/lib/pkgconfig/Qt6QuickControls2Universal.pc
Build & Test (ubuntu-24.04)	Install Qt 6.8 Core Frameworks	2026-06-11T20:03:58.1850669Z INFO    : Patching /home/runner/work/NinjaLibrary/Qt/6.8.3/gcc_64/lib/pkgconfig/Qt6QmlCore.pc
Build & Test (ubuntu-24.04)	Install Qt 6.8 Core Frameworks	2026-06-11T20:03:58.1852897Z INFO    : Patching /home/runner/work/NinjaLibrary/Qt/6.8.3/gcc_64/lib/pkgconfig/Qt6Linguist.pc
Build & Test (ubuntu-24.04)	Install Qt 6.8 Core Frameworks	2026-06-11T20:03:58.1855199Z INFO    : Patching /home/runner/work/NinjaLibrary/Qt/6.8.3/gcc_64/lib/pkgconfig/Qt6QuickControls2FluentWinUI3StyleImpl.pc
Build & Test (ubuntu-24.04)	Install Qt 6.8 Core Frameworks	2026-06-11T20:03:58.1857081Z INFO    : Patching /home/runner/work/NinjaLibrary/Qt/6.8.3/gcc_64/lib/pkgconfig/Qt6Platform.pc
Build & Test (ubuntu-24.04)	Install Qt 6.8 Core Frameworks	2026-06-11T20:03:58.1859298Z INFO    : Patching /home/runner/work/NinjaLibrary/Qt/6.8.3/gcc_64/lib/pkgconfig/Qt6QuickControls2ImagineStyleImpl.pc
Build & Test (ubuntu-24.04)	Install Qt 6.8 Core Frameworks	2026-06-11T20:03:58.1861334Z INFO    : Patching /home/runner/work/NinjaLibrary/Qt/6.8.3/gcc_64/lib/pkgconfig/Qt6QuickControls2MaterialStyleImpl.pc
Build & Test (ubuntu-24.04)	Install Qt 6.8 Core Frameworks	2026-06-11T20:03:58.1863363Z INFO    : Patching /home/runner/work/NinjaLibrary/Qt/6.8.3/gcc_64/lib/pkgconfig/Qt6LabsAnimation.pc
Build & Test (ubuntu-24.04)	Install Qt 6.8 Core Frameworks	2026-06-11T20:03:58.1865263Z INFO    : Patching /home/runner/work/NinjaLibrary/Qt/6.8.3/gcc_64/lib/pkgconfig/Qt6QmlModels.pc
Build & Test (ubuntu-24.04)	Install Qt 6.8 Core Frameworks	2026-06-11T20:03:58.1867228Z INFO    : Patching /home/runner/work/NinjaLibrary/Qt/6.8.3/gcc_64/lib/pkgconfig/Qt6QmlWorkerScript.pc
Build & Test (ubuntu-24.04)	Install Qt 6.8 Core Frameworks	2026-06-11T20:03:58.1869124Z INFO    : Patching /home/runner/work/NinjaLibrary/Qt/6.8.3/gcc_64/lib/pkgconfig/Qt6Test.pc
Build & Test (ubuntu-24.04)	Install Qt 6.8 Core Frameworks	2026-06-11T20:03:58.1871905Z INFO    : Patching /home/runner/work/NinjaLibrary/Qt/6.8.3/gcc_64/lib/pkgconfig/Qt6Sql.pc
Build & Test (ubuntu-24.04)	Install Qt 6.8 Core Frameworks	2026-06-11T20:03:58.1873512Z INFO    : Patching /home/runner/work/NinjaLibrary/Qt/6.8.3/gcc_64/lib/pkgconfig/Qt6QuickDialogs2.pc
Build & Test (ubuntu-24.04)	Install Qt 6.8 Core Frameworks	2026-06-11T20:03:58.1875857Z INFO    : Patching /home/runner/work/NinjaLibrary/Qt/6.8.3/gcc_64/lib/pkgconfig/Qt6QuickControls2Fusion.pc
Build & Test (ubuntu-24.04)	Install Qt 6.8 Core Frameworks	2026-06-11T20:03:58.1877543Z INFO    : Patching /home/runner/work/NinjaLibrary/Qt/6.8.3/gcc_64/lib/pkgconfig/Qt6QuickTest.pc
Build & Test (ubuntu-24.04)	Install Qt 6.8 Core Frameworks	2026-06-11T20:03:58.1879395Z INFO    : Patching /home/runner/work/NinjaLibrary/Qt/6.8.3/gcc_64/lib/pkgconfig/Qt6Concurrent.pc
Build & Test (ubuntu-24.04)	Install Qt 6.8 Core Frameworks	2026-06-11T20:03:58.1881409Z INFO    : Patching /home/runner/work/NinjaLibrary/Qt/6.8.3/gcc_64/lib/pkgconfig/Qt6DBus.pc
Build & Test (ubuntu-24.04)	Install Qt 6.8 Core Frameworks	2026-06-11T20:03:58.1883511Z INFO    : Patching /home/runner/work/NinjaLibrary/Qt/6.8.3/gcc_64/lib/pkgconfig/Qt6QuickWidgets.pc
Build & Test (ubuntu-24.04)	Install Qt 6.8 Core Frameworks	2026-06-11T20:03:58.1885587Z INFO    : Patching /home/runner/work/NinjaLibrary/Qt/6.8.3/gcc_64/lib/pkgconfig/Qt6Designer.pc
Build & Test (ubuntu-24.04)	Install Qt 6.8 Core Frameworks	2026-06-11T20:03:58.1887645Z INFO    : Patching /home/runner/work/NinjaLibrary/Qt/6.8.3/gcc_64/lib/pkgconfig/Qt6Core5Compat.pc
Build & Test (ubuntu-24.04)	Install Qt 6.8 Core Frameworks	2026-06-11T20:03:58.1889675Z INFO    : Patching /home/runner/work/NinjaLibrary/Qt/6.8.3/gcc_64/lib/pkgconfig/Qt6QuickControls2Basic.pc
Build & Test (ubuntu-24.04)	Install Qt 6.8 Core Frameworks	2026-06-11T20:03:58.1891724Z INFO    : Patching /home/runner/work/NinjaLibrary/Qt/6.8.3/gcc_64/lib/pkgconfig/Qt6QmlAssetDownloader.pc
Build & Test (ubuntu-24.04)	Install Qt 6.8 Core Frameworks	2026-06-11T20:03:58.1893556Z INFO    : Patching /home/runner/work/NinjaLibrary/Qt/6.8.3/gcc_64/lib/pkgconfig/Qt6PrintSupport.pc
Build & Test (ubuntu-24.04)	Install Qt 6.8 Core Frameworks	2026-06-11T20:03:58.1895430Z INFO    : Patching /home/runner/work/NinjaLibrary/Qt/6.8.3/gcc_64/lib/pkgconfig/Qt6Gui.pc
Build & Test (ubuntu-24.04)	Install Qt 6.8 Core Frameworks	2026-06-11T20:03:58.1897464Z INFO    : Patching /home/runner/work/NinjaLibrary/Qt/6.8.3/gcc_64/lib/pkgconfig/Qt6Xml.pc
Build & Test (ubuntu-24.04)	Install Qt 6.8 Core Frameworks	2026-06-11T20:03:58.1899668Z INFO    : Patching /home/runner/work/NinjaLibrary/Qt/6.8.3/gcc_64/lib/pkgconfig/Qt6QmlNetwork.pc
Build & Test (ubuntu-24.04)	Install Qt 6.8 Core Frameworks	2026-06-11T20:03:58.1901718Z INFO    : Patching /home/runner/work/NinjaLibrary/Qt/6.8.3/gcc_64/lib/pkgconfig/Qt6SvgWidgets.pc
Build & Test (ubuntu-24.04)	Install Qt 6.8 Core Frameworks	2026-06-11T20:03:58.1903741Z INFO    : Patching /home/runner/work/NinjaLibrary/Qt/6.8.3/gcc_64/lib/pkgconfig/Qt6Core.pc
Build & Test (ubuntu-24.04)	Install Qt 6.8 Core Frameworks	2026-06-11T20:03:58.1905790Z INFO    : Patching /home/runner/work/NinjaLibrary/Qt/6.8.3/gcc_64/lib/pkgconfig/Qt6QuickControls2.pc
Build & Test (ubuntu-24.04)	Install Qt 6.8 Core Frameworks	2026-06-11T20:03:58.1907675Z INFO    : Patching /home/runner/work/NinjaLibrary/Qt/6.8.3/gcc_64/lib/pkgconfig/Qt6QuickControls2BasicStyleImpl.pc
Build & Test (ubuntu-24.04)	Install Qt 6.8 Core Frameworks	2026-06-11T20:03:58.1909526Z INFO    : Patching /home/runner/work/NinjaLibrary/Qt/6.8.3/gcc_64/lib/pkgconfig/Qt6QuickVectorImage.pc
Build & Test (ubuntu-24.04)	Install Qt 6.8 Core Frameworks	2026-06-11T20:03:58.1911694Z INFO    : Patching /home/runner/work/NinjaLibrary/Qt/6.8.3/gcc_64/lib/pkgconfig/Qt6QuickControls2FusionStyleImpl.pc
Build & Test (ubuntu-24.04)	Install Qt 6.8 Core Frameworks	2026-06-11T20:03:58.1913499Z INFO    : Patching /home/runner/work/NinjaLibrary/Qt/6.8.3/gcc_64/lib/pkgconfig/Qt6ShaderTools.pc
Build & Test (ubuntu-24.04)	Install Qt 6.8 Core Frameworks	2026-06-11T20:03:58.1915442Z INFO    : Patching /home/runner/work/NinjaLibrary/Qt/6.8.3/gcc_64/lib/pkgconfig/Qt6QuickLayouts.pc
Build & Test (ubuntu-24.04)	Install Qt 6.8 Core Frameworks	2026-06-11T20:03:58.1917425Z INFO    : Patching /home/runner/work/NinjaLibrary/Qt/6.8.3/gcc_64/lib/pkgconfig/Qt6QmlCompiler.pc
Build & Test (ubuntu-24.04)	Install Qt 6.8 Core Frameworks	2026-06-11T20:03:58.1919244Z INFO    : Patching /home/runner/work/NinjaLibrary/Qt/6.8.3/gcc_64/lib/pkgconfig/Qt6QuickControls2Impl.pc
Build & Test (ubuntu-24.04)	Install Qt 6.8 Core Frameworks	2026-06-11T20:03:58.1921624Z INFO    : Patching /home/runner/work/NinjaLibrary/Qt/6.8.3/gcc_64/lib/pkgconfig/Qt6OpenGLWidgets.pc
Build & Test (ubuntu-24.04)	Install Qt 6.8 Core Frameworks	2026-06-11T20:03:58.1923362Z INFO    : Patching /home/runner/work/NinjaLibrary/Qt/6.8.3/gcc_64/lib/pkgconfig/Qt6QuickControls2Imagine.pc
Build & Test (ubuntu-24.04)	Install Qt 6.8 Core Frameworks	2026-06-11T20:03:58.1925379Z INFO    : Patching /home/runner/work/NinjaLibrary/Qt/6.8.3/gcc_64/lib/pkgconfig/Qt6QuickDialogs2QuickImpl.pc
Build & Test (ubuntu-24.04)	Install Qt 6.8 Core Frameworks	2026-06-11T20:03:58.1927361Z INFO    : Patching /home/runner/work/NinjaLibrary/Qt/6.8.3/gcc_64/lib/pkgconfig/Qt6QmlIntegration.pc
Build & Test (ubuntu-24.04)	Install Qt 6.8 Core Frameworks	2026-06-11T20:03:58.1929101Z INFO    : Patching /home/runner/work/NinjaLibrary/Qt/6.8.3/gcc_64/lib/pkgconfig/Qt6LabsSettings.pc
Build & Test (ubuntu-24.04)	Install Qt 6.8 Core Frameworks	2026-06-11T20:03:58.1931112Z INFO    : Patching /home/runner/work/NinjaLibrary/Qt/6.8.3/gcc_64/lib/pkgconfig/Qt6WaylandClient.pc
Build & Test (ubuntu-24.04)	Install Qt 6.8 Core Frameworks	2026-06-11T20:03:58.1933418Z INFO    : Patching /home/runner/work/NinjaLibrary/Qt/6.8.3/gcc_64/lib/pkgconfig/Qt6QuickControls2UniversalStyleImpl.pc
Build & Test (ubuntu-24.04)	Install Qt 6.8 Core Frameworks	2026-06-11T20:03:58.1935100Z INFO    : Patching /home/runner/work/NinjaLibrary/Qt/6.8.3/gcc_64/lib/pkgconfig/Qt6LabsWavefrontMesh.pc
Build & Test (ubuntu-24.04)	Install Qt 6.8 Core Frameworks	2026-06-11T20:03:58.1936942Z INFO    : Patching /home/runner/work/NinjaLibrary/Qt/6.8.3/gcc_64/lib/pkgconfig/Qt6Qml.pc
Build & Test (ubuntu-24.04)	Install Qt 6.8 Core Frameworks	2026-06-11T20:03:58.1939102Z INFO    : Patching /home/runner/work/NinjaLibrary/Qt/6.8.3/gcc_64/lib/pkgconfig/Qt6QuickDialogs2Utils.pc
Build & Test (ubuntu-24.04)	Install Qt 6.8 Core Frameworks	2026-06-11T20:03:58.1941282Z INFO    : Patching /home/runner/work/NinjaLibrary/Qt/6.8.3/gcc_64/lib/pkgconfig/Qt6QuickTemplates2.pc
Build & Test (ubuntu-24.04)	Install Qt 6.8 Core Frameworks	2026-06-11T20:03:58.1943055Z INFO    : Patching /home/runner/work/NinjaLibrary/Qt/6.8.3/gcc_64/lib/pkgconfig/Qt6LabsPlatform.pc
Build & Test (ubuntu-24.04)	Install Qt 6.8 Core Frameworks	2026-06-11T20:03:58.1944904Z INFO    : Patching /home/runner/work/NinjaLibrary/Qt/6.8.3/gcc_64/lib/pkgconfig/Qt6UiTools.pc
Build & Test (ubuntu-24.04)	Install Qt 6.8 Core Frameworks	2026-06-11T20:03:58.1946900Z INFO    : Patching /home/runner/work/NinjaLibrary/Qt/6.8.3/gcc_64/lib/pkgconfig/Qt6Svg.pc
Build & Test (ubuntu-24.04)	Install Qt 6.8 Core Frameworks	2026-06-11T20:03:58.1949038Z INFO    : Patching /home/runner/work/NinjaLibrary/Qt/6.8.3/gcc_64/lib/pkgconfig/Qt6QuickControls2Material.pc
Build & Test (ubuntu-24.04)	Install Qt 6.8 Core Frameworks	2026-06-11T20:03:58.1950929Z INFO    : Patching /home/runner/work/NinjaLibrary/Qt/6.8.3/gcc_64/lib/pkgconfig/Qt6Widgets.pc
Build & Test (ubuntu-24.04)	Install Qt 6.8 Core Frameworks	2026-06-11T20:03:58.1953165Z INFO    : Patching /home/runner/work/NinjaLibrary/Qt/6.8.3/gcc_64/lib/pkgconfig/Qt6Help.pc
Build & Test (ubuntu-24.04)	Install Qt 6.8 Core Frameworks	2026-06-11T20:03:58.1954975Z INFO    : Patching /home/runner/work/NinjaLibrary/Qt/6.8.3/gcc_64/lib/pkgconfig/Qt6Quick.pc
Build & Test (ubuntu-24.04)	Install Qt 6.8 Core Frameworks	2026-06-11T20:03:58.1957390Z INFO    : Patching /home/runner/work/NinjaLibrary/Qt/6.8.3/gcc_64/lib/pkgconfig/Qt6LabsSharedImage.pc
Build & Test (ubuntu-24.04)	Install Qt 6.8 Core Frameworks	2026-06-11T20:03:58.1959059Z INFO    : Patching /home/runner/work/NinjaLibrary/Qt/6.8.3/gcc_64/lib/pkgconfig/Qt6QmlLocalStorage.pc
Build & Test (ubuntu-24.04)	Install Qt 6.8 Core Frameworks	2026-06-11T20:03:58.1961183Z INFO    : Patching /home/runner/work/NinjaLibrary/Qt/6.8.3/gcc_64/lib/pkgconfig/Qt6OpenGL.pc
Build & Test (ubuntu-24.04)	Install Qt 6.8 Core Frameworks	2026-06-11T20:03:58.1971508Z INFO    : Patching /home/runner/work/NinjaLibrary/Qt/6.8.3/gcc_64/lib/libQt6LabsSharedImage.prl
Build & Test (ubuntu-24.04)	Install Qt 6.8 Core Frameworks	2026-06-11T20:03:58.1973169Z INFO    : Patching /home/runner/work/NinjaLibrary/Qt/6.8.3/gcc_64/lib/libQt6Help.prl
Build & Test (ubuntu-24.04)	Install Qt 6.8 Core Frameworks	2026-06-11T20:03:58.1975690Z INFO    : Patching /home/runner/work/NinjaLibrary/Qt/6.8.3/gcc_64/lib/libQt6QuickEffects.prl
Build & Test (ubuntu-24.04)	Install Qt 6.8 Core Frameworks	2026-06-11T20:03:58.1977554Z INFO    : Patching /home/runner/work/NinjaLibrary/Qt/6.8.3/gcc_64/lib/libQt6QmlAssetDownloader.prl
Build & Test (ubuntu-24.04)	Install Qt 6.8 Core Frameworks	2026-06-11T20:03:58.1979671Z INFO    : Patching /home/runner/work/NinjaLibrary/Qt/6.8.3/gcc_64/lib/libQt6Xml.prl
Build & Test (ubuntu-24.04)	Install Qt 6.8 Core Frameworks	2026-06-11T20:03:58.1981912Z INFO    : Patching /home/runner/work/NinjaLibrary/Qt/6.8.3/gcc_64/lib/libQt6EglFsKmsSupport.prl
Build & Test (ubuntu-24.04)	Install Qt 6.8 Core Frameworks	2026-06-11T20:03:58.1984151Z INFO    : Patching /home/runner/work/NinjaLibrary/Qt/6.8.3/gcc_64/lib/libQt6QmlXmlListModel.prl
Build & Test (ubuntu-24.04)	Install Qt 6.8 Core Frameworks	2026-06-11T20:03:58.1986001Z INFO    : Patching /home/runner/work/NinjaLibrary/Qt/6.8.3/gcc_64/lib/libQt6QuickVectorImageGenerator.prl
Build & Test (ubuntu-24.04)	Install Qt 6.8 Core Frameworks	2026-06-11T20:03:58.1987908Z INFO    : Patching /home/runner/work/NinjaLibrary/Qt/6.8.3/gcc_64/lib/libQt6UiTools.prl
Build & Test (ubuntu-24.04)	Install Qt 6.8 Core Frameworks	2026-06-11T20:03:58.1990007Z INFO    : Patching /home/runner/work/NinjaLibrary/Qt/6.8.3/gcc_64/lib/libQt6QmlTypeRegistrar.prl
Build & Test (ubuntu-24.04)	Install Qt 6.8 Core Frameworks	2026-06-11T20:03:58.1992018Z INFO    : Patching /home/runner/work/NinjaLibrary/Qt/6.8.3/gcc_64/lib/libQt6QuickWidgets.prl
Build & Test (ubuntu-24.04)	Install Qt 6.8 Core Frameworks	2026-06-11T20:03:58.1994072Z INFO    : Patching /home/runner/work/NinjaLibrary/Qt/6.8.3/gcc_64/lib/libQt6LabsAnimation.prl
Build & Test (ubuntu-24.04)	Install Qt 6.8 Core Frameworks	2026-06-11T20:03:58.1995887Z INFO    : Patching /home/runner/work/NinjaLibrary/Qt/6.8.3/gcc_64/lib/libQt6QmlCore.prl
Build & Test (ubuntu-24.04)	Install Qt 6.8 Core Frameworks	2026-06-11T20:03:58.1997965Z INFO    : Patching /home/runner/work/NinjaLibrary/Qt/6.8.3/gcc_64/lib/libQt6InputSupport.prl
Build & Test (ubuntu-24.04)	Install Qt 6.8 Core Frameworks	2026-06-11T20:03:58.1999955Z INFO    : Patching /home/runner/work/NinjaLibrary/Qt/6.8.3/gcc_64/lib/libQt6KmsSupport.prl
Build & Test (ubuntu-24.04)	Install Qt 6.8 Core Frameworks	2026-06-11T20:03:58.2001968Z INFO    : Patching /home/runner/work/NinjaLibrary/Qt/6.8.3/gcc_64/lib/libQt6QmlLS.prl
Build & Test (ubuntu-24.04)	Install Qt 6.8 Core Frameworks	2026-06-11T20:03:58.2004092Z INFO    : Patching /home/runner/work/NinjaLibrary/Qt/6.8.3/gcc_64/lib/libQt6WaylandEglClientHwIntegration.prl
Build & Test (ubuntu-24.04)	Install Qt 6.8 Core Frameworks	2026-06-11T20:03:58.2005949Z INFO    : Patching /home/runner/work/NinjaLibrary/Qt/6.8.3/gcc_64/lib/libQt6Quick.prl
Build & Test (ubuntu-24.04)	Install Qt 6.8 Core Frameworks	2026-06-11T20:03:58.2007975Z INFO    : Patching /home/runner/work/NinjaLibrary/Qt/6.8.3/gcc_64/lib/libQt6DeviceDiscoverySupport.prl
Build & Test (ubuntu-24.04)	Install Qt 6.8 Core Frameworks	2026-06-11T20:03:58.2009939Z INFO    : Patching /home/runner/work/NinjaLibrary/Qt/6.8.3/gcc_64/lib/libQt6EglFSDeviceIntegration.prl
Build & Test (ubuntu-24.04)	Install Qt 6.8 Core Frameworks	2026-06-11T20:03:58.2011982Z INFO    : Patching /home/runner/work/NinjaLibrary/Qt/6.8.3/gcc_64/lib/libQt6Svg.prl
Build & Test (ubuntu-24.04)	Install Qt 6.8 Core Frameworks	2026-06-11T20:03:58.2014034Z INFO    : Patching /home/runner/work/NinjaLibrary/Qt/6.8.3/gcc_64/lib/libQt6QmlNetwork.prl
Build & Test (ubuntu-24.04)	Install Qt 6.8 Core Frameworks	2026-06-11T20:03:58.2015962Z INFO    : Patching /home/runner/work/NinjaLibrary/Qt/6.8.3/gcc_64/lib/libQt6LabsFolderListModel.prl
Build & Test (ubuntu-24.04)	Install Qt 6.8 Core Frameworks	2026-06-11T20:03:58.2017789Z INFO    : Patching /home/runner/work/NinjaLibrary/Qt/6.8.3/gcc_64/lib/libQt6Gui.prl
Build & Test (ubuntu-24.04)	Install Qt 6.8 Core Frameworks	2026-06-11T20:03:58.2019782Z INFO    : Patching /home/runner/work/NinjaLibrary/Qt/6.8.3/gcc_64/lib/libQt6DBus.prl
Build & Test (ubuntu-24.04)	Install Qt 6.8 Core Frameworks	2026-06-11T20:03:58.2021913Z INFO    : Patching /home/runner/work/NinjaLibrary/Qt/6.8.3/gcc_64/lib/libQt6OpenGLWidgets.prl
Build & Test (ubuntu-24.04)	Install Qt 6.8 Core Frameworks	2026-06-11T20:03:58.2023948Z INFO    : Patching /home/runner/work/NinjaLibrary/Qt/6.8.3/gcc_64/lib/libQt6LabsSettings.prl
Build & Test (ubuntu-24.04)	Install Qt 6.8 Core Frameworks	2026-06-11T20:03:58.2025798Z INFO    : Patching /home/runner/work/NinjaLibrary/Qt/6.8.3/gcc_64/lib/libQt6Qml.prl
Build & Test (ubuntu-24.04)	Install Qt 6.8 Core Frameworks	2026-06-11T20:03:58.2027845Z INFO    : Patching /home/runner/work/NinjaLibrary/Qt/6.8.3/gcc_64/lib/libQt6QuickControls2Material.prl
Build & Test (ubuntu-24.04)	Install Qt 6.8 Core Frameworks	2026-06-11T20:03:58.2029653Z INFO    : Patching /home/runner/work/NinjaLibrary/Qt/6.8.3/gcc_64/lib/libQt6WaylandClient.prl
Build & Test (ubuntu-24.04)	Install Qt 6.8 Core Frameworks	2026-06-11T20:03:58.2031843Z INFO    : Patching /home/runner/work/NinjaLibrary/Qt/6.8.3/gcc_64/lib/libQt6ExamplesAssetDownloader.prl
Build & Test (ubuntu-24.04)	Install Qt 6.8 Core Frameworks	2026-06-11T20:03:58.2033988Z INFO    : Patching /home/runner/work/NinjaLibrary/Qt/6.8.3/gcc_64/lib/libQt6QuickControls2Universal.prl
Build & Test (ubuntu-24.04)	Install Qt 6.8 Core Frameworks	2026-06-11T20:03:58.2035840Z INFO    : Patching /home/runner/work/NinjaLibrary/Qt/6.8.3/gcc_64/lib/libQt6QuickDialogs2Utils.prl
Build & Test (ubuntu-24.04)	Install Qt 6.8 Core Frameworks	2026-06-11T20:03:58.2037534Z INFO    : Patching /home/runner/work/NinjaLibrary/Qt/6.8.3/gcc_64/lib/libQt6QmlMeta.prl
Build & Test (ubuntu-24.04)	Install Qt 6.8 Core Frameworks	2026-06-11T20:03:58.2039672Z INFO    : Patching /home/runner/work/NinjaLibrary/Qt/6.8.3/gcc_64/lib/libQt6QuickControls2UniversalStyleImpl.prl
Build & Test (ubuntu-24.04)	Install Qt 6.8 Core Frameworks	2026-06-11T20:03:58.2041796Z INFO    : Patching /home/runner/work/NinjaLibrary/Qt/6.8.3/gcc_64/lib/libQt6PacketProtocol.prl
Build & Test (ubuntu-24.04)	Install Qt 6.8 Core Frameworks	2026-06-11T20:03:58.2043780Z INFO    : Patching /home/runner/work/NinjaLibrary/Qt/6.8.3/gcc_64/lib/libQt6QuickControls2Imagine.prl
Build & Test (ubuntu-24.04)	Install Qt 6.8 Core Frameworks	2026-06-11T20:03:58.2045657Z INFO    : Patching /home/runner/work/NinjaLibrary/Qt/6.8.3/gcc_64/lib/libQt6QuickDialogs2.prl
Build & Test (ubuntu-24.04)	Install Qt 6.8 Core Frameworks	2026-06-11T20:03:58.2047653Z INFO    : Patching /home/runner/work/NinjaLibrary/Qt/6.8.3/gcc_64/lib/libQt6QuickDialogs2QuickImpl.prl
Build & Test (ubuntu-24.04)	Install Qt 6.8 Core Frameworks	2026-06-11T20:03:58.2049383Z INFO    : Patching /home/runner/work/NinjaLibrary/Qt/6.8.3/gcc_64/lib/libQt6Core5Compat.prl
Build & Test (ubuntu-24.04)	Install Qt 6.8 Core Frameworks	2026-06-11T20:03:58.2051916Z INFO    : Patching /home/runner/work/NinjaLibrary/Qt/6.8.3/gcc_64/lib/libQt6QuickControls2FluentWinUI3StyleImpl.prl
Build & Test (ubuntu-24.04)	Install Qt 6.8 Core Frameworks	2026-06-11T20:03:58.2053733Z INFO    : Patching /home/runner/work/NinjaLibrary/Qt/6.8.3/gcc_64/lib/libQt6ExampleIcons.prl
Build & Test (ubuntu-24.04)	Install Qt 6.8 Core Frameworks	2026-06-11T20:03:58.2056279Z INFO    : Patching /home/runner/work/NinjaLibrary/Qt/6.8.3/gcc_64/lib/libQt6Network.prl
Build & Test (ubuntu-24.04)	Install Qt 6.8 Core Frameworks	2026-06-11T20:03:58.2058072Z INFO    : Patching /home/runner/work/NinjaLibrary/Qt/6.8.3/gcc_64/lib/libQt6EglFsKmsGbmSupport.prl
Build & Test (ubuntu-24.04)	Install Qt 6.8 Core Frameworks	2026-06-11T20:03:58.2060057Z INFO    : Patching /home/runner/work/NinjaLibrary/Qt/6.8.3/gcc_64/lib/libQt6QmlWorkerScript.prl
Build & Test (ubuntu-24.04)	Install Qt 6.8 Core Frameworks	2026-06-11T20:03:58.2062210Z INFO    : Patching /home/runner/work/NinjaLibrary/Qt/6.8.3/gcc_64/lib/libQt6QuickControls2MaterialStyleImpl.prl
Build & Test (ubuntu-24.04)	Install Qt 6.8 Core Frameworks	2026-06-11T20:03:58.2064066Z INFO    : Patching /home/runner/work/NinjaLibrary/Qt/6.8.3/gcc_64/lib/libQt6Designer.prl
Build & Test (ubuntu-24.04)	Install Qt 6.8 Core Frameworks	2026-06-11T20:03:58.2066067Z INFO    : Patching /home/runner/work/NinjaLibrary/Qt/6.8.3/gcc_64/lib/libQt6Test.prl
Build & Test (ubuntu-24.04)	Install Qt 6.8 Core Frameworks	2026-06-11T20:03:58.2068211Z INFO    : Patching /home/runner/work/NinjaLibrary/Qt/6.8.3/gcc_64/lib/libQt6QuickControls2FusionStyleImpl.prl
Build & Test (ubuntu-24.04)	Install Qt 6.8 Core Frameworks	2026-06-11T20:03:58.2069962Z INFO    : Patching /home/runner/work/NinjaLibrary/Qt/6.8.3/gcc_64/lib/libQt6LabsPlatform.prl
Build & Test (ubuntu-24.04)	Install Qt 6.8 Core Frameworks	2026-06-11T20:03:58.2072243Z INFO    : Patching /home/runner/work/NinjaLibrary/Qt/6.8.3/gcc_64/lib/libQt6QuickControls2Basic.prl
Build & Test (ubuntu-24.04)	Install Qt 6.8 Core Frameworks	2026-06-11T20:03:58.2074071Z INFO    : Patching /home/runner/work/NinjaLibrary/Qt/6.8.3/gcc_64/lib/libQt6QmlModels.prl
Build & Test (ubuntu-24.04)	Install Qt 6.8 Core Frameworks	2026-06-11T20:03:58.2076029Z INFO    : Patching /home/runner/work/NinjaLibrary/Qt/6.8.3/gcc_64/lib/libQt6QuickParticles.prl
Build & Test (ubuntu-24.04)	Install Qt 6.8 Core Frameworks	2026-06-11T20:03:58.2077845Z INFO    : Patching /home/runner/work/NinjaLibrary/Qt/6.8.3/gcc_64/lib/libQt6QuickControls2Fusion.prl
Build & Test (ubuntu-24.04)	Install Qt 6.8 Core Frameworks	2026-06-11T20:03:58.2079718Z INFO    : Patching /home/runner/work/NinjaLibrary/Qt/6.8.3/gcc_64/lib/libQt6QmlDom.prl
Build & Test (ubuntu-24.04)	Install Qt 6.8 Core Frameworks	2026-06-11T20:03:58.2082109Z INFO    : Patching /home/runner/work/NinjaLibrary/Qt/6.8.3/gcc_64/lib/libQt6QuickControls2ImagineStyleImpl.prl
Build & Test (ubuntu-24.04)	Install Qt 6.8 Core Frameworks	2026-06-11T20:03:58.2083916Z INFO    : Patching /home/runner/work/NinjaLibrary/Qt/6.8.3/gcc_64/lib/libQt6Core.prl
Build & Test (ubuntu-24.04)	Install Qt 6.8 Core Frameworks	2026-06-11T20:03:58.2085982Z INFO    : Patching /home/runner/work/NinjaLibrary/Qt/6.8.3/gcc_64/lib/libQt6LabsQmlModels.prl
Build & Test (ubuntu-24.04)	Install Qt 6.8 Core Frameworks	2026-06-11T20:03:58.2087980Z INFO    : Patching /home/runner/work/NinjaLibrary/Qt/6.8.3/gcc_64/lib/libQt6WlShellIntegration.prl
Build & Test (ubuntu-24.04)	Install Qt 6.8 Core Frameworks	2026-06-11T20:03:58.2089957Z INFO    : Patching /home/runner/work/NinjaLibrary/Qt/6.8.3/gcc_64/lib/libQt6QuickControls2.prl
Build & Test (ubuntu-24.04)	Install Qt 6.8 Core Frameworks	2026-06-11T20:03:58.2092293Z INFO    : Patching /home/runner/work/NinjaLibrary/Qt/6.8.3/gcc_64/lib/libQt6ShaderTools.prl
Build & Test (ubuntu-24.04)	Install Qt 6.8 Core Frameworks	2026-06-11T20:03:58.2094233Z INFO    : Patching /home/runner/work/NinjaLibrary/Qt/6.8.3/gcc_64/lib/libQt6Widgets.prl
Build & Test (ubuntu-24.04)	Install Qt 6.8 Core Frameworks	2026-06-11T20:03:58.2096646Z INFO    : Patching /home/runner/work/NinjaLibrary/Qt/6.8.3/gcc_64/lib/libQt6QuickControlsTestUtils.prl
Build & Test (ubuntu-24.04)	Install Qt 6.8 Core Frameworks	2026-06-11T20:03:58.2098311Z INFO    : Patching /home/runner/work/NinjaLibrary/Qt/6.8.3/gcc_64/lib/libQt6QuickShapes.prl
Build & Test (ubuntu-24.04)	Install Qt 6.8 Core Frameworks	2026-06-11T20:03:58.2100500Z INFO    : Patching /home/runner/work/NinjaLibrary/Qt/6.8.3/gcc_64/lib/libQt6QuickVectorImage.prl
Build & Test (ubuntu-24.04)	Install Qt 6.8 Core Frameworks	2026-06-11T20:03:58.2102402Z INFO    : Patching /home/runner/work/NinjaLibrary/Qt/6.8.3/gcc_64/lib/libQt6QmlLocalStorage.prl
Build & Test (ubuntu-24.04)	Install Qt 6.8 Core Frameworks	2026-06-11T20:03:58.2104374Z INFO    : Patching /home/runner/work/NinjaLibrary/Qt/6.8.3/gcc_64/lib/libQt6PrintSupport.prl
Build & Test (ubuntu-24.04)	Install Qt 6.8 Core Frameworks	2026-06-11T20:03:58.2106127Z INFO    : Patching /home/runner/work/NinjaLibrary/Qt/6.8.3/gcc_64/lib/libQt6Sql.prl
Build & Test (ubuntu-24.04)	Install Qt 6.8 Core Frameworks	2026-06-11T20:03:58.2108163Z INFO    : Patching /home/runner/work/NinjaLibrary/Qt/6.8.3/gcc_64/lib/libQt6OpenGL.prl
Build & Test (ubuntu-24.04)	Install Qt 6.8 Core Frameworks	2026-06-11T20:03:58.2110049Z INFO    : Patching /home/runner/work/NinjaLibrary/Qt/6.8.3/gcc_64/lib/libQt6QuickTest.prl
Build & Test (ubuntu-24.04)	Install Qt 6.8 Core Frameworks	2026-06-11T20:03:58.2112541Z INFO    : Patching /home/runner/work/NinjaLibrary/Qt/6.8.3/gcc_64/lib/libQt6SvgWidgets.prl
Build & Test (ubuntu-24.04)	Install Qt 6.8 Core Frameworks	2026-06-11T20:03:58.2114233Z INFO    : Patching /home/runner/work/NinjaLibrary/Qt/6.8.3/gcc_64/lib/libQt6Concurrent.prl
Build & Test (ubuntu-24.04)	Install Qt 6.8 Core Frameworks	2026-06-11T20:03:58.2116952Z INFO    : Patching /home/runner/work/NinjaLibrary/Qt/6.8.3/gcc_64/lib/libQt6QuickControls2Impl.prl
Build & Test (ubuntu-24.04)	Install Qt 6.8 Core Frameworks	2026-06-11T20:03:58.2118477Z INFO    : Patching /home/runner/work/NinjaLibrary/Qt/6.8.3/gcc_64/lib/libQt6LabsWavefrontMesh.prl
Build & Test (ubuntu-24.04)	Install Qt 6.8 Core Frameworks	2026-06-11T20:03:58.2120684Z INFO    : Patching /home/runner/work/NinjaLibrary/Qt/6.8.3/gcc_64/lib/libQt6XcbQpa.prl
Build & Test (ubuntu-24.04)	Install Qt 6.8 Core Frameworks	2026-06-11T20:03:58.2122819Z INFO    : Patching /home/runner/work/NinjaLibrary/Qt/6.8.3/gcc_64/lib/libQt6QmlDebug.prl
Build & Test (ubuntu-24.04)	Install Qt 6.8 Core Frameworks	2026-06-11T20:03:58.2124698Z INFO    : Patching /home/runner/work/NinjaLibrary/Qt/6.8.3/gcc_64/lib/libQt6QuickControls2BasicStyleImpl.prl
Build & Test (ubuntu-24.04)	Install Qt 6.8 Core Frameworks	2026-06-11T20:03:58.2126630Z INFO    : Patching /home/runner/work/NinjaLibrary/Qt/6.8.3/gcc_64/lib/libQt6QmlCompiler.prl
Build & Test (ubuntu-24.04)	Install Qt 6.8 Core Frameworks	2026-06-11T20:03:58.2128536Z INFO    : Patching /home/runner/work/NinjaLibrary/Qt/6.8.3/gcc_64/lib/libQt6DesignerComponents.prl
Build & Test (ubuntu-24.04)	Install Qt 6.8 Core Frameworks	2026-06-11T20:03:58.2130615Z INFO    : Patching /home/runner/work/NinjaLibrary/Qt/6.8.3/gcc_64/lib/libQt6QuickTestUtils.prl
Build & Test (ubuntu-24.04)	Install Qt 6.8 Core Frameworks	2026-06-11T20:03:58.2132663Z INFO    : Patching /home/runner/work/NinjaLibrary/Qt/6.8.3/gcc_64/lib/libQt6QuickLayouts.prl
Build & Test (ubuntu-24.04)	Install Qt 6.8 Core Frameworks	2026-06-11T20:03:58.2134405Z INFO    : Patching /home/runner/work/NinjaLibrary/Qt/6.8.3/gcc_64/lib/libQt6QmlToolingSettings.prl
Build & Test (ubuntu-24.04)	Install Qt 6.8 Core Frameworks	2026-06-11T20:03:58.2136177Z INFO    : Patching /home/runner/work/NinjaLibrary/Qt/6.8.3/gcc_64/lib/libQt6FbSupport.prl
Build & Test (ubuntu-24.04)	Install Qt 6.8 Core Frameworks	2026-06-11T20:03:58.2138556Z INFO    : Patching /home/runner/work/NinjaLibrary/Qt/6.8.3/gcc_64/lib/libQt6QuickTemplates2.prl
Build & Test (ubuntu-24.04)	Install Qt 6.8 Core Frameworks	2026-06-11T20:03:58.2140789Z INFO    : Finished installation
Build & Test (ubuntu-24.04)	Install Qt 6.8 Core Frameworks	2026-06-11T20:03:58.2141455Z INFO    : Time elapsed: 19.34095963 second
Build & Test (ubuntu-24.04)	Install Qt 6.8 Core Frameworks	2026-06-11T20:03:58.2730667Z [command]/usr/bin/tar --posix -z -cf cache.tgz --exclude cache.tgz -P -C /home/runner/work/NinjaLibrary/NinjaLibrary --files-from manifest.txt
Build & Test (ubuntu-24.04)	Install Qt 6.8 Core Frameworks	2026-06-11T20:04:51.3956725Z ##[warning]Failed to save: <h2>Our services aren't available right now</h2><p>We're working to restore all services as soon as possible. Please check back soon.</p>04xQragAAAAA2tpRjCEJrQqVkldSrBjk1TVNQMzExMDAwMTA4MDE3AEVkZ2U=
Build & Test (ubuntu-24.04)	Install Qt 6.8 Core Frameworks	2026-06-11T20:04:51.4119813Z Automatic cache saved with id -1
Build & Test (ubuntu-24.04)	Configure CMake & Activate Profiling Code Coverage	﻿2026-06-11T20:04:51.4357675Z ##[group]Run cmake -B build -G Ninja \
Build & Test (ubuntu-24.04)	Configure CMake & Activate Profiling Code Coverage	2026-06-11T20:04:51.4358037Z ^[[36;1mcmake -B build -G Ninja \^[[0m
Build & Test (ubuntu-24.04)	Configure CMake & Activate Profiling Code Coverage	2026-06-11T20:04:51.4358330Z ^[[36;1m  -DCMAKE_BUILD_TYPE=Debug \^[[0m
Build & Test (ubuntu-24.04)	Configure CMake & Activate Profiling Code Coverage	2026-06-11T20:04:51.4358624Z ^[[36;1m  -DENABLE_TESTING=ON \^[[0m
Build & Test (ubuntu-24.04)	Configure CMake & Activate Profiling Code Coverage	2026-06-11T20:04:51.4358900Z ^[[36;1m  -DENABLE_COVERAGE=ON^[[0m
Build & Test (ubuntu-24.04)	Configure CMake & Activate Profiling Code Coverage	2026-06-11T20:04:51.4393447Z shell: /usr/bin/bash -e {0}
Build & Test (ubuntu-24.04)	Configure CMake & Activate Profiling Code Coverage	2026-06-11T20:04:51.4393711Z env:
Build & Test (ubuntu-24.04)	Configure CMake & Activate Profiling Code Coverage	2026-06-11T20:04:51.4393985Z   pythonLocation: /opt/hostedtoolcache/Python/3.11.15/x64
Build & Test (ubuntu-24.04)	Configure CMake & Activate Profiling Code Coverage	2026-06-11T20:04:51.4394644Z   PKG_CONFIG_PATH: /opt/hostedtoolcache/Python/3.11.15/x64/lib/pkgconfig:/home/runner/work/NinjaLibrary/Qt/6.8.3/gcc_64/lib/pkgconfig
Build & Test (ubuntu-24.04)	Configure CMake & Activate Profiling Code Coverage	2026-06-11T20:04:51.4395289Z   Python_ROOT_DIR: /opt/hostedtoolcache/Python/3.11.15/x64
Build & Test (ubuntu-24.04)	Configure CMake & Activate Profiling Code Coverage	2026-06-11T20:04:51.4395683Z   Python2_ROOT_DIR: /opt/hostedtoolcache/Python/3.11.15/x64
Build & Test (ubuntu-24.04)	Configure CMake & Activate Profiling Code Coverage	2026-06-11T20:04:51.4396069Z   Python3_ROOT_DIR: /opt/hostedtoolcache/Python/3.11.15/x64
Build & Test (ubuntu-24.04)	Configure CMake & Activate Profiling Code Coverage	2026-06-11T20:04:51.4396599Z   LD_LIBRARY_PATH: /opt/hostedtoolcache/Python/3.11.15/x64/lib:/home/runner/work/NinjaLibrary/Qt/6.8.3/gcc_64/lib
Build & Test (ubuntu-24.04)	Configure CMake & Activate Profiling Code Coverage	2026-06-11T20:04:51.4397183Z   Qt6_DIR: /home/runner/work/NinjaLibrary/Qt/6.8.3/gcc_64
Build & Test (ubuntu-24.04)	Configure CMake & Activate Profiling Code Coverage	2026-06-11T20:04:51.4397594Z   QT_PLUGIN_PATH: /home/runner/work/NinjaLibrary/Qt/6.8.3/gcc_64/plugins
Build & Test (ubuntu-24.04)	Configure CMake & Activate Profiling Code Coverage	2026-06-11T20:04:51.4398041Z   QML2_IMPORT_PATH: /home/runner/work/NinjaLibrary/Qt/6.8.3/gcc_64/qml
Build & Test (ubuntu-24.04)	Configure CMake & Activate Profiling Code Coverage	2026-06-11T20:04:51.4398390Z ##[endgroup]
Build & Test (ubuntu-24.04)	Configure CMake & Activate Profiling Code Coverage	2026-06-11T20:04:51.6777680Z -- The CXX compiler identification is GNU 13.3.0
Build & Test (ubuntu-24.04)	Configure CMake & Activate Profiling Code Coverage	2026-06-11T20:04:51.6935651Z -- Detecting CXX compiler ABI info
Build & Test (ubuntu-24.04)	Configure CMake & Activate Profiling Code Coverage	2026-06-11T20:04:51.7997365Z -- Detecting CXX compiler ABI info - done
Build & Test (ubuntu-24.04)	Configure CMake & Activate Profiling Code Coverage	2026-06-11T20:04:51.8163134Z -- Check for working CXX compiler: /usr/bin/c++ - skipped
Build & Test (ubuntu-24.04)	Configure CMake & Activate Profiling Code Coverage	2026-06-11T20:04:51.8169257Z -- Detecting CXX compile features
Build & Test (ubuntu-24.04)	Configure CMake & Activate Profiling Code Coverage	2026-06-11T20:04:51.8178913Z -- Detecting CXX compile features - done
Build & Test (ubuntu-24.04)	Configure CMake & Activate Profiling Code Coverage	2026-06-11T20:04:51.8850697Z -- Performing Test CMAKE_HAVE_LIBC_PTHREAD
Build & Test (ubuntu-24.04)	Configure CMake & Activate Profiling Code Coverage	2026-06-11T20:04:51.9762716Z -- Performing Test CMAKE_HAVE_LIBC_PTHREAD - Success
Build & Test (ubuntu-24.04)	Configure CMake & Activate Profiling Code Coverage	2026-06-11T20:04:51.9777823Z -- Found Threads: TRUE
Build & Test (ubuntu-24.04)	Configure CMake & Activate Profiling Code Coverage	2026-06-11T20:04:51.9799261Z -- Performing Test HAVE_STDATOMIC
Build & Test (ubuntu-24.04)	Configure CMake & Activate Profiling Code Coverage	2026-06-11T20:04:52.0897144Z -- Performing Test HAVE_STDATOMIC - Success
Build & Test (ubuntu-24.04)	Configure CMake & Activate Profiling Code Coverage	2026-06-11T20:04:52.0906940Z -- Found WrapAtomic: TRUE
Build & Test (ubuntu-24.04)	Configure CMake & Activate Profiling Code Coverage	2026-06-11T20:04:52.1235840Z -- Found OpenGL: /usr/lib/x86_64-linux-gnu/libOpenGL.so
Build & Test (ubuntu-24.04)	Configure CMake & Activate Profiling Code Coverage	2026-06-11T20:04:52.1249325Z -- Found WrapOpenGL: TRUE
Build & Test (ubuntu-24.04)	Configure CMake & Activate Profiling Code Coverage	2026-06-11T20:04:52.1661103Z -- Found XKB: /usr/lib/x86_64-linux-gnu/libxkbcommon.so (found suitable version "1.6.0", minimum required is "0.5.0")
Build & Test (ubuntu-24.04)	Configure CMake & Activate Profiling Code Coverage	2026-06-11T20:04:52.2804750Z -- Found WrapVulkanHeaders: /usr/include
Build & Test (ubuntu-24.04)	Configure CMake & Activate Profiling Code Coverage	2026-06-11T20:04:52.4606681Z -- Found PkgConfig: /usr/bin/pkg-config (found version "1.8.1")
Build & Test (ubuntu-24.04)	Configure CMake & Activate Profiling Code Coverage	2026-06-11T20:04:52.5027215Z -- Found Tesseract: /usr/lib/x86_64-linux-gnu/libtesseract.so
Build & Test (ubuntu-24.04)	Configure CMake & Activate Profiling Code Coverage	2026-06-11T20:04:52.5027915Z -- Linux build: Using Poppler-Qt6 package.
Build & Test (ubuntu-24.04)	Configure CMake & Activate Profiling Code Coverage	2026-06-11T20:04:52.5451994Z -- Found Poppler: /usr/lib/x86_64-linux-gnu/libpoppler-qt6.so
Build & Test (ubuntu-24.04)	Configure CMake & Activate Profiling Code Coverage	2026-06-11T20:04:52.5633459Z -- Activating code coverage profiling flags (-fprofile-arcs -ftest-coverage)
Build & Test (ubuntu-24.04)	Configure CMake & Activate Profiling Code Coverage	2026-06-11T20:04:52.5793311Z CMake Warning at /home/runner/work/NinjaLibrary/Qt/6.8.3/gcc_64/lib/cmake/Qt6Qml/Qt6QmlMacros.cmake:1430 (message):
Build & Test (ubuntu-24.04)	Configure CMake & Activate Profiling Code Coverage	2026-06-11T20:04:52.5794408Z   The Kaakao target is a QML module with target path Kaakao.  It uses an
Build & Test (ubuntu-24.04)	Configure CMake & Activate Profiling Code Coverage	2026-06-11T20:04:52.5795018Z   OUTPUT_DIRECTORY of
Build & Test (ubuntu-24.04)	Configure CMake & Activate Profiling Code Coverage	2026-06-11T20:04:52.5795567Z   /home/runner/work/NinjaLibrary/NinjaLibrary/build/3rdparty/Kaakao/src,
Build & Test (ubuntu-24.04)	Configure CMake & Activate Profiling Code Coverage	2026-06-11T20:04:52.5796333Z   which should end in the same target path, but doesn't.  Tooling such as
Build & Test (ubuntu-24.04)	Configure CMake & Activate Profiling Code Coverage	2026-06-11T20:04:52.5796941Z   qmllint may not work correctly.
Build & Test (ubuntu-24.04)	Configure CMake & Activate Profiling Code Coverage	2026-06-11T20:04:52.5797387Z Call Stack (most recent call first):
Build & Test (ubuntu-24.04)	Configure CMake & Activate Profiling Code Coverage	2026-06-11T20:04:52.5798281Z   /home/runner/work/NinjaLibrary/Qt/6.8.3/gcc_64/lib/cmake/Qt6Qml/Qt6QmlMacros.cmake:3232 (_qt_internal_target_enable_qmllint)
Build & Test (ubuntu-24.04)	Configure CMake & Activate Profiling Code Coverage	2026-06-11T20:04:52.5799554Z   /home/runner/work/NinjaLibrary/Qt/6.8.3/gcc_64/lib/cmake/Qt6Qml/Qt6QmlMacros.cmake:916 (qt6_target_qml_sources)
Build & Test (ubuntu-24.04)	Configure CMake & Activate Profiling Code Coverage	2026-06-11T20:04:52.5800996Z   /home/runner/work/NinjaLibrary/Qt/6.8.3/gcc_64/lib/cmake/Qt6Qml/Qt6QmlMacros.cmake:1254 (qt6_add_qml_module)
Build & Test (ubuntu-24.04)	Configure CMake & Activate Profiling Code Coverage	2026-06-11T20:04:52.5802284Z   3rdparty/Kaakao/src/CMakeLists.txt:3 (qt_add_qml_module)
Build & Test (ubuntu-24.04)	Configure CMake & Activate Profiling Code Coverage	2026-06-11T20:04:52.5802690Z 
Build & Test (ubuntu-24.04)	Configure CMake & Activate Profiling Code Coverage	2026-06-11T20:04:52.5802701Z 
Build & Test (ubuntu-24.04)	Configure CMake & Activate Profiling Code Coverage	2026-06-11T20:04:52.6179751Z CMake Warning at /home/runner/work/NinjaLibrary/Qt/6.8.3/gcc_64/lib/cmake/Qt6Qml/Qt6QmlMacros.cmake:1430 (message):
Build & Test (ubuntu-24.04)	Configure CMake & Activate Profiling Code Coverage	2026-06-11T20:04:52.6181102Z   The NinjaLibrary target is a QML module with target path NinjaLibrary.  It
Build & Test (ubuntu-24.04)	Configure CMake & Activate Profiling Code Coverage	2026-06-11T20:04:52.6181781Z   uses an OUTPUT_DIRECTORY of
Build & Test (ubuntu-24.04)	Configure CMake & Activate Profiling Code Coverage	2026-06-11T20:04:52.6182443Z   /home/runner/work/NinjaLibrary/NinjaLibrary/build, which should end in the
Build & Test (ubuntu-24.04)	Configure CMake & Activate Profiling Code Coverage	2026-06-11T20:04:52.6183249Z   same target path, but doesn't.  Tooling such as qmllint may not work
Build & Test (ubuntu-24.04)	Configure CMake & Activate Profiling Code Coverage	2026-06-11T20:04:52.6183823Z   correctly.
Build & Test (ubuntu-24.04)	Configure CMake & Activate Profiling Code Coverage	2026-06-11T20:04:52.6184163Z Call Stack (most recent call first):
Build & Test (ubuntu-24.04)	Configure CMake & Activate Profiling Code Coverage	2026-06-11T20:04:52.6185073Z   /home/runner/work/NinjaLibrary/Qt/6.8.3/gcc_64/lib/cmake/Qt6Qml/Qt6QmlMacros.cmake:3232 (_qt_internal_target_enable_qmllint)
Build & Test (ubuntu-24.04)	Configure CMake & Activate Profiling Code Coverage	2026-06-11T20:04:52.6186355Z   /home/runner/work/NinjaLibrary/Qt/6.8.3/gcc_64/lib/cmake/Qt6Qml/Qt6QmlMacros.cmake:916 (qt6_target_qml_sources)
Build & Test (ubuntu-24.04)	Configure CMake & Activate Profiling Code Coverage	2026-06-11T20:04:52.6187523Z   /home/runner/work/NinjaLibrary/Qt/6.8.3/gcc_64/lib/cmake/Qt6Qml/Qt6QmlMacros.cmake:1254 (qt6_add_qml_module)
Build & Test (ubuntu-24.04)	Configure CMake & Activate Profiling Code Coverage	2026-06-11T20:04:52.6188325Z   CMakeLists.txt:112 (qt_add_qml_module)
Build & Test (ubuntu-24.04)	Configure CMake & Activate Profiling Code Coverage	2026-06-11T20:04:52.6188629Z 
Build & Test (ubuntu-24.04)	Configure CMake & Activate Profiling Code Coverage	2026-06-11T20:04:52.6188638Z 
Build & Test (ubuntu-24.04)	Configure CMake & Activate Profiling Code Coverage	2026-06-11T20:04:52.6297094Z CMake Warning (dev) at /home/runner/work/NinjaLibrary/Qt/6.8.3/gcc_64/lib/cmake/Qt6Core/Qt6CoreMacros.cmake:3409 (message):
Build & Test (ubuntu-24.04)	Configure CMake & Activate Profiling Code Coverage	2026-06-11T20:04:52.6298183Z   Qt policy QTP0004 is not set: You need qmldir files for each extra
Build & Test (ubuntu-24.04)	Configure CMake & Activate Profiling Code Coverage	2026-06-11T20:04:52.6299172Z   directory that contains .qml files for your module.  Check
Build & Test (ubuntu-24.04)	Configure CMake & Activate Profiling Code Coverage	2026-06-11T20:04:52.6299891Z   https://doc.qt.io/qt-6/qt-cmake-policy-qtp0004.html for policy details.
Build & Test (ubuntu-24.04)	Configure CMake & Activate Profiling Code Coverage	2026-06-11T20:04:52.6300893Z   Use the qt_policy command to set the policy and suppress this warning.
Build & Test (ubuntu-24.04)	Configure CMake & Activate Profiling Code Coverage	2026-06-11T20:04:52.6301374Z 
Build & Test (ubuntu-24.04)	Configure CMake & Activate Profiling Code Coverage	2026-06-11T20:04:52.6301538Z Call Stack (most recent call first):
Build & Test (ubuntu-24.04)	Configure CMake & Activate Profiling Code Coverage	2026-06-11T20:04:52.6302416Z   /home/runner/work/NinjaLibrary/Qt/6.8.3/gcc_64/lib/cmake/Qt6Qml/Qt6QmlMacros.cmake:3520 (__qt_internal_setup_policy)
Build & Test (ubuntu-24.04)	Configure CMake & Activate Profiling Code Coverage	2026-06-11T20:04:52.6303739Z   /home/runner/work/NinjaLibrary/Qt/6.8.3/gcc_64/lib/cmake/Qt6Qml/Qt6QmlMacros.cmake:916 (qt6_target_qml_sources)
Build & Test (ubuntu-24.04)	Configure CMake & Activate Profiling Code Coverage	2026-06-11T20:04:52.6304977Z   /home/runner/work/NinjaLibrary/Qt/6.8.3/gcc_64/lib/cmake/Qt6Qml/Qt6QmlMacros.cmake:1254 (qt6_add_qml_module)
Build & Test (ubuntu-24.04)	Configure CMake & Activate Profiling Code Coverage	2026-06-11T20:04:52.6305822Z   CMakeLists.txt:112 (qt_add_qml_module)
Build & Test (ubuntu-24.04)	Configure CMake & Activate Profiling Code Coverage	2026-06-11T20:04:52.6306429Z This warning is for project developers.  Use -Wno-dev to suppress it.
Build & Test (ubuntu-24.04)	Configure CMake & Activate Profiling Code Coverage	2026-06-11T20:04:52.6306896Z 
Build & Test (ubuntu-24.04)	Configure CMake & Activate Profiling Code Coverage	2026-06-11T20:04:52.7449863Z -- Configuring done (1.3s)
Build & Test (ubuntu-24.04)	Configure CMake & Activate Profiling Code Coverage	2026-06-11T20:04:52.8400474Z -- Generating done (0.1s)
Build & Test (ubuntu-24.04)	Configure CMake & Activate Profiling Code Coverage	2026-06-11T20:04:52.8409950Z -- Build files have been written to: /home/runner/work/NinjaLibrary/NinjaLibrary/build
Build & Test (ubuntu-24.04)	Compile Application & Test Binaries	﻿2026-06-11T20:04:52.8586687Z ##[group]Run cmake --build build
Build & Test (ubuntu-24.04)	Compile Application & Test Binaries	2026-06-11T20:04:52.8587038Z ^[[36;1mcmake --build build^[[0m
Build & Test (ubuntu-24.04)	Compile Application & Test Binaries	2026-06-11T20:04:52.8621163Z shell: /usr/bin/bash -e {0}
Build & Test (ubuntu-24.04)	Compile Application & Test Binaries	2026-06-11T20:04:52.8621430Z env:
Build & Test (ubuntu-24.04)	Compile Application & Test Binaries	2026-06-11T20:04:52.8621713Z   pythonLocation: /opt/hostedtoolcache/Python/3.11.15/x64
Build & Test (ubuntu-24.04)	Compile Application & Test Binaries	2026-06-11T20:04:52.8622364Z   PKG_CONFIG_PATH: /opt/hostedtoolcache/Python/3.11.15/x64/lib/pkgconfig:/home/runner/work/NinjaLibrary/Qt/6.8.3/gcc_64/lib/pkgconfig
Build & Test (ubuntu-24.04)	Compile Application & Test Binaries	2026-06-11T20:04:52.8623008Z   Python_ROOT_DIR: /opt/hostedtoolcache/Python/3.11.15/x64
Build & Test (ubuntu-24.04)	Compile Application & Test Binaries	2026-06-11T20:04:52.8623417Z   Python2_ROOT_DIR: /opt/hostedtoolcache/Python/3.11.15/x64
Build & Test (ubuntu-24.04)	Compile Application & Test Binaries	2026-06-11T20:04:52.8623801Z   Python3_ROOT_DIR: /opt/hostedtoolcache/Python/3.11.15/x64
Build & Test (ubuntu-24.04)	Compile Application & Test Binaries	2026-06-11T20:04:52.8624356Z   LD_LIBRARY_PATH: /opt/hostedtoolcache/Python/3.11.15/x64/lib:/home/runner/work/NinjaLibrary/Qt/6.8.3/gcc_64/lib
Build & Test (ubuntu-24.04)	Compile Application & Test Binaries	2026-06-11T20:04:52.8624919Z   Qt6_DIR: /home/runner/work/NinjaLibrary/Qt/6.8.3/gcc_64
Build & Test (ubuntu-24.04)	Compile Application & Test Binaries	2026-06-11T20:04:52.8625337Z   QT_PLUGIN_PATH: /home/runner/work/NinjaLibrary/Qt/6.8.3/gcc_64/plugins
Build & Test (ubuntu-24.04)	Compile Application & Test Binaries	2026-06-11T20:04:52.8625818Z   QML2_IMPORT_PATH: /home/runner/work/NinjaLibrary/Qt/6.8.3/gcc_64/qml
Build & Test (ubuntu-24.04)	Compile Application & Test Binaries	2026-06-11T20:04:52.8626171Z ##[endgroup]
Build & Test (ubuntu-24.04)	Compile Application & Test Binaries	2026-06-11T20:04:52.8840211Z [1/112] Copying NinjaLibrary qml resources into build dir
Build & Test (ubuntu-24.04)	Compile Application & Test Binaries	2026-06-11T20:04:52.8843457Z [2/112] Copying Kaakao qml resources into build dir
Build & Test (ubuntu-24.04)	Compile Application & Test Binaries	2026-06-11T20:04:52.8891306Z [3/112] Copying NinjaLibrary qml sources into build dir
Build & Test (ubuntu-24.04)	Compile Application & Test Binaries	2026-06-11T20:04:52.8969484Z [4/112] Copying Kaakao qml sources into build dir
Build & Test (ubuntu-24.04)	Compile Application & Test Binaries	2026-06-11T20:04:52.9043311Z [5/112] Running qmlimportscanner for test_qml_ui
Build & Test (ubuntu-24.04)	Compile Application & Test Binaries	2026-06-11T20:04:52.9421457Z [6/112] Automatic MOC and UIC for target Kaakao
Build & Test (ubuntu-24.04)	Compile Application & Test Binaries	2026-06-11T20:04:52.9501211Z [7/112] Running AUTOMOC file extraction for target Kaakao
Build & Test (ubuntu-24.04)	Compile Application & Test Binaries	2026-06-11T20:04:52.9583108Z [8/112] Running moc --collect-json for target Kaakao
Build & Test (ubuntu-24.04)	Compile Application & Test Binaries	2026-06-11T20:04:53.0217890Z [9/112] Automatic QML type registration for target Kaakao
Build & Test (ubuntu-24.04)	Compile Application & Test Binaries	2026-06-11T20:04:53.0263002Z [10/112] Running qmlimportscanner for NinjaLibraryApp
Build & Test (ubuntu-24.04)	Compile Application & Test Binaries	2026-06-11T20:04:53.0451154Z [11/112] Running rcc for resource qmake_Kaakao
Build & Test (ubuntu-24.04)	Compile Application & Test Binaries	2026-06-11T20:04:53.1714109Z [12/112] Running rcc for resource Kaakao_raw_qml_0
Build & Test (ubuntu-24.04)	Compile Application & Test Binaries	2026-06-11T20:04:53.2149959Z [13/112] Building CXX object 3rdparty/Kaakao/src/CMakeFiles/Kaakao.dir/Kaakao_autogen/mocs_compilation.cpp.o
Build & Test (ubuntu-24.04)	Compile Application & Test Binaries	2026-06-11T20:04:53.4843559Z [14/112] Automatic MOC and UIC for target Kaakaoplugin
Build & Test (ubuntu-24.04)	Compile Application & Test Binaries	2026-06-11T20:04:53.5292119Z [15/112] Automatic MOC and UIC for target NinjaLibraryplugin
Build & Test (ubuntu-24.04)	Compile Application & Test Binaries	2026-06-11T20:04:53.5872634Z [16/112] Building CXX object 3rdparty/Kaakao/src/CMakeFiles/Kaakao.dir/.qt/rcc/qrc_qmake_Kaakao.cpp.o
Build & Test (ubuntu-24.04)	Compile Application & Test Binaries	2026-06-11T20:04:53.6262455Z [17/112] Building CXX object 3rdparty/Kaakao/src/CMakeFiles/Kaakaoplugin.dir/Kaakaoplugin_autogen/mocs_compilation.cpp.o
Build & Test (ubuntu-24.04)	Compile Application & Test Binaries	2026-06-11T20:04:53.7941744Z [18/112] Automatic MOC and UIC for target test_database
Build & Test (ubuntu-24.04)	Compile Application & Test Binaries	2026-06-11T20:04:53.9621684Z [19/112] Building CXX object 3rdparty/Kaakao/src/CMakeFiles/Kaakao.dir/.qt/rcc/qrc_Kaakao_raw_qml_0.cpp.o
Build & Test (ubuntu-24.04)	Compile Application & Test Binaries	2026-06-11T20:04:54.6711753Z [20/112] Automatic MOC and UIC for target test_models
Build & Test (ubuntu-24.04)	Compile Application & Test Binaries	2026-06-11T20:04:55.1041400Z [21/112] Automatic MOC and UIC for target test_workers
Build & Test (ubuntu-24.04)	Compile Application & Test Binaries	2026-06-11T20:04:56.5411908Z [22/112] Building CXX object tests/CMakeFiles/test_database.dir/test_database_autogen/mocs_compilation.cpp.o
Build & Test (ubuntu-24.04)	Compile Application & Test Binaries	2026-06-11T20:04:56.9901800Z [23/112] Building CXX object 3rdparty/Kaakao/src/CMakeFiles/Kaakao.dir/kaakao_qmltyperegistrations.cpp.o
Build & Test (ubuntu-24.04)	Compile Application & Test Binaries	2026-06-11T20:04:57.2202110Z [24/112] Building CXX object 3rdparty/Kaakao/src/CMakeFiles/Kaakaoplugin.dir/Kaakaoplugin_KaakaoPlugin.cpp.o
Build & Test (ubuntu-24.04)	Compile Application & Test Binaries	2026-06-11T20:04:57.5292657Z [25/112] Linking CXX shared library 3rdparty/Kaakao/src/libKaakao.so
Build & Test (ubuntu-24.04)	Compile Application & Test Binaries	2026-06-11T20:04:59.0621990Z [26/112] Building CXX object tests/CMakeFiles/test_models.dir/test_models_autogen/mocs_compilation.cpp.o
Build & Test (ubuntu-24.04)	Compile Application & Test Binaries	2026-06-11T20:04:59.3151625Z [27/112] Building CXX object tests/CMakeFiles/test_database.dir/unit/test_database.cpp.o
Build & Test (ubuntu-24.04)	Compile Application & Test Binaries	2026-06-11T20:04:59.4171303Z [28/112] Building CXX object tests/CMakeFiles/test_database.dir/__/src/database/DatabaseManager.cpp.o
Build & Test (ubuntu-24.04)	Compile Application & Test Binaries	2026-06-11T20:04:59.6941390Z [29/112] Automatic MOC and UIC for target NinjaLibrary
Build & Test (ubuntu-24.04)	Compile Application & Test Binaries	2026-06-11T20:04:59.7001174Z [30/112] Running AUTOMOC file extraction for target NinjaLibrary
Build & Test (ubuntu-24.04)	Compile Application & Test Binaries	2026-06-11T20:04:59.7061129Z [31/112] Running moc --collect-json for target NinjaLibrary
Build & Test (ubuntu-24.04)	Compile Application & Test Binaries	2026-06-11T20:04:59.7601643Z [32/112] Automatic QML type registration for target NinjaLibrary
Build & Test (ubuntu-24.04)	Compile Application & Test Binaries	2026-06-11T20:04:59.7681302Z [33/112] Running rcc for resource qmake_NinjaLibrary
Build & Test (ubuntu-24.04)	Compile Application & Test Binaries	2026-06-11T20:04:59.7781324Z [34/112] Generating .rcc/qmlcache/NinjaLibrary_qmlcache_loader.cpp
Build & Test (ubuntu-24.04)	Compile Application & Test Binaries	2026-06-11T20:05:00.2863860Z [35/112] Generating .rcc/qmlcache/NinjaLibrary_src/views/MainWindow_qml.cpp, .rcc/qmlcache/NinjaLibrary_src/views/MainWindow_qml.cpp.aotstats
Build & Test (ubuntu-24.04)	Compile Application & Test Binaries	2026-06-11T20:05:00.5497244Z [36/112] Generating .rcc/qmlcache/NinjaLibrary_src/views/AppMenuBar_qml.cpp, .rcc/qmlcache/NinjaLibrary_src/views/AppMenuBar_qml.cpp.aotstats
Build & Test (ubuntu-24.04)	Compile Application & Test Binaries	2026-06-11T20:05:00.6140711Z [37/112] Building CXX object tests/CMakeFiles/test_models.dir/__/src/database/DatabaseManager.cpp.o
Build & Test (ubuntu-24.04)	Compile Application & Test Binaries	2026-06-11T20:05:00.7951953Z [38/112] Generating .rcc/qmlcache/NinjaLibrary_src/views/DragOverlay_qml.cpp, .rcc/qmlcache/NinjaLibrary_src/views/DragOverlay_qml.cpp.aotstats
Build & Test (ubuntu-24.04)	Compile Application & Test Binaries	2026-06-11T20:05:00.7984014Z [39/112] Generating .rcc/qmlcache/NinjaLibrary_src/views/ItemContextMenu_qml.cpp, .rcc/qmlcache/NinjaLibrary_src/views/ItemContextMenu_qml.cpp.aotstats
Build & Test (ubuntu-24.04)	Compile Application & Test Binaries	2026-06-11T20:05:01.0045009Z [40/112] Generating .rcc/qmlcache/NinjaLibrary_src/components/DocumentCard_qml.cpp, .rcc/qmlcache/NinjaLibrary_src/components/DocumentCard_qml.cpp.aotstats
Build & Test (ubuntu-24.04)	Compile Application & Test Binaries	2026-06-11T20:05:01.0091951Z [41/112] Generating .rcc/qmlcache/NinjaLibrary_src/components/TagPill_qml.cpp, .rcc/qmlcache/NinjaLibrary_src/components/TagPill_qml.cpp.aotstats
Build & Test (ubuntu-24.04)	Compile Application & Test Binaries	2026-06-11T20:05:01.2435442Z [42/112] Generating .rcc/qmlcache/NinjaLibrary_src/components/DocumentPreview_qml.cpp, .rcc/qmlcache/NinjaLibrary_src/components/DocumentPreview_qml.cpp.aotstats
Build & Test (ubuntu-24.04)	Compile Application & Test Binaries	2026-06-11T20:05:01.2892365Z [43/112] Generating .rcc/qmlcache/NinjaLibrary_src/components/LocalTableRowDelegate_qml.cpp, .rcc/qmlcache/NinjaLibrary_src/components/LocalTableRowDelegate_qml.cpp.aotstats
Build & Test (ubuntu-24.04)	Compile Application & Test Binaries	2026-06-11T20:05:01.3451953Z [44/112] Generating .rcc/qmlcache/NinjaLibrary_src/components/ImagePreview_qml.cpp, .rcc/qmlcache/NinjaLibrary_src/components/ImagePreview_qml.cpp.aotstats
Build & Test (ubuntu-24.04)	Compile Application & Test Binaries	2026-06-11T20:05:01.4842017Z [45/112] Generating .rcc/qmlcache/NinjaLibrary_src/views/TableCanvas_qml.cpp, .rcc/qmlcache/NinjaLibrary_src/views/TableCanvas_qml.cpp.aotstats
Build & Test (ubuntu-24.04)	Compile Application & Test Binaries	2026-06-11T20:05:01.5511996Z [46/112] Generating .rcc/qmlcache/NinjaLibrary_src/views/GridCanvas_qml.cpp, .rcc/qmlcache/NinjaLibrary_src/views/GridCanvas_qml.cpp.aotstats
Build & Test (ubuntu-24.04)	Compile Application & Test Binaries	2026-06-11T20:05:01.7052244Z [47/112] Generating .rcc/qmlcache/NinjaLibrary_src/panels/Sidebar_qml.cpp, .rcc/qmlcache/NinjaLibrary_src/panels/Sidebar_qml.cpp.aotstats
Build & Test (ubuntu-24.04)	Compile Application & Test Binaries	2026-06-11T20:05:01.9502181Z [48/112] Generating .rcc/qmlcache/NinjaLibrary_src/panels/AboutDialog_qml.cpp, .rcc/qmlcache/NinjaLibrary_src/panels/AboutDialog_qml.cpp.aotstats
Build & Test (ubuntu-24.04)	Compile Application & Test Binaries	2026-06-11T20:05:02.0542298Z [49/112] Generating .rcc/qmlcache/NinjaLibrary_src/panels/Inspector_qml.cpp, .rcc/qmlcache/NinjaLibrary_src/panels/Inspector_qml.cpp.aotstats
Build & Test (ubuntu-24.04)	Compile Application & Test Binaries	2026-06-11T20:05:02.1792731Z [50/112] Generating .rcc/qmlcache/NinjaLibrary_src/panels/PreferencesDialog_qml.cpp, .rcc/qmlcache/NinjaLibrary_src/panels/PreferencesDialog_qml.cpp.aotstats
Build & Test (ubuntu-24.04)	Compile Application & Test Binaries	2026-06-11T20:05:02.2435763Z [51/112] Running rcc for resource NinjaLibrary_raw_qml_0
Build & Test (ubuntu-24.04)	Compile Application & Test Binaries	2026-06-11T20:05:02.7867266Z [52/112] Building CXX object tests/CMakeFiles/test_models.dir/unit/test_models.cpp.o
Build & Test (ubuntu-24.04)	Compile Application & Test Binaries	2026-06-11T20:05:03.6361758Z [53/112] Building CXX object tests/CMakeFiles/test_workers.dir/test_workers_autogen/mocs_compilation.cpp.o
Build & Test (ubuntu-24.04)	Compile Application & Test Binaries	2026-06-11T20:05:03.6691920Z [54/112] Building CXX object CMakeFiles/NinjaLibrary.dir/build/.qt/rcc/qrc_qmake_NinjaLibrary.cpp.o
Build & Test (ubuntu-24.04)	Compile Application & Test Binaries	2026-06-11T20:05:05.4421655Z [55/112] Building CXX object tests/CMakeFiles/test_models.dir/__/src/models/DocumentModel.cpp.o
Build & Test (ubuntu-24.04)	Compile Application & Test Binaries	2026-06-11T20:05:05.4871816Z [56/112] Building CXX object tests/CMakeFiles/test_models.dir/__/src/models/ProxyFilter.cpp.o
Build & Test (ubuntu-24.04)	Compile Application & Test Binaries	2026-06-11T20:05:05.6991954Z [57/112] Building CXX object CMakeFiles/NinjaLibrary.dir/ninjalibrary_qmltyperegistrations.cpp.o
Build & Test (ubuntu-24.04)	Compile Application & Test Binaries	2026-06-11T20:05:08.1762827Z [58/112] Building CXX object CMakeFiles/NinjaLibrary.dir/NinjaLibrary_autogen/mocs_compilation.cpp.o
Build & Test (ubuntu-24.04)	Compile Application & Test Binaries	2026-06-11T20:05:08.9829831Z [59/112] Building CXX object CMakeFiles/NinjaLibrary.dir/src/database/DatabaseManager.cpp.o
Build & Test (ubuntu-24.04)	Compile Application & Test Binaries	2026-06-11T20:05:10.2968467Z [60/112] Building CXX object tests/CMakeFiles/test_workers.dir/integration/test_workers.cpp.o
Build & Test (ubuntu-24.04)	Compile Application & Test Binaries	2026-06-11T20:05:10.9779534Z [61/112] Building CXX object CMakeFiles/NinjaLibrary.dir/src/models/ProxyFilter.cpp.o
Build & Test (ubuntu-24.04)	Compile Application & Test Binaries	2026-06-11T20:05:11.6011850Z [62/112] Building CXX object CMakeFiles/NinjaLibrary.dir/src/controllers/LibraryController.cpp.o
Build & Test (ubuntu-24.04)	Compile Application & Test Binaries	2026-06-11T20:05:13.3651652Z [63/112] Building CXX object CMakeFiles/NinjaLibrary.dir/src/models/DocumentModel.cpp.o
Build & Test (ubuntu-24.04)	Compile Application & Test Binaries	2026-06-11T20:05:13.6888105Z [64/112] Building CXX object CMakeFiles/NinjaLibrary.dir/src/utils/HashUtils.cpp.o
Build & Test (ubuntu-24.04)	Compile Application & Test Binaries	2026-06-11T20:05:13.7620034Z [65/112] Building CXX object CMakeFiles/NinjaLibrary.dir/src/workers/ThumbnailTask.cpp.o
Build & Test (ubuntu-24.04)	Compile Application & Test Binaries	2026-06-11T20:05:14.5781879Z [66/112] Building CXX object CMakeFiles/NinjaLibrary.dir/build/.rcc/qmlcache/NinjaLibrary_qmlcache_loader.cpp.o
Build & Test (ubuntu-24.04)	Compile Application & Test Binaries	2026-06-11T20:05:14.9251854Z [67/112] Building CXX object CMakeFiles/NinjaLibrary.dir/src/workers/OcrTask.cpp.o
Build & Test (ubuntu-24.04)	Compile Application & Test Binaries	2026-06-11T20:05:15.1431635Z [68/112] Building CXX object CMakeFiles/NinjaLibrary.dir/src/workers/ScannerTask.cpp.o
Build & Test (ubuntu-24.04)	Compile Application & Test Binaries	2026-06-11T20:05:16.5811974Z [69/112] Building CXX object CMakeFiles/NinjaLibrary.dir/build/.rcc/qmlcache/NinjaLibrary_src/views/ItemContextMenu_qml.cpp.o
Build & Test (ubuntu-24.04)	Compile Application & Test Binaries	2026-06-11T20:05:17.4291826Z [70/112] Building CXX object CMakeFiles/NinjaLibrary.dir/build/.rcc/qmlcache/NinjaLibrary_src/views/MainWindow_qml.cpp.o
Build & Test (ubuntu-24.04)	Compile Application & Test Binaries	2026-06-11T20:05:17.6161133Z [71/112] Building CXX object CMakeFiles/NinjaLibrary.dir/build/.rcc/qmlcache/NinjaLibrary_src/views/AppMenuBar_qml.cpp.o
Build & Test (ubuntu-24.04)	Compile Application & Test Binaries	2026-06-11T20:05:17.7431932Z [72/112] Building CXX object CMakeFiles/NinjaLibrary.dir/build/.rcc/qmlcache/NinjaLibrary_src/views/DragOverlay_qml.cpp.o
Build & Test (ubuntu-24.04)	Compile Application & Test Binaries	2026-06-11T20:05:18.3761745Z [73/112] Building CXX object CMakeFiles/NinjaLibrary.dir/build/.rcc/qmlcache/NinjaLibrary_src/components/TagPill_qml.cpp.o
Build & Test (ubuntu-24.04)	Compile Application & Test Binaries	2026-06-11T20:05:19.2805660Z [74/112] Building CXX object CMakeFiles/NinjaLibrary.dir/build/.rcc/qmlcache/NinjaLibrary_src/components/DocumentCard_qml.cpp.o
Build & Test (ubuntu-24.04)	Compile Application & Test Binaries	2026-06-11T20:05:20.0242127Z [75/112] Building CXX object CMakeFiles/NinjaLibrary.dir/build/.rcc/qmlcache/NinjaLibrary_src/components/DocumentPreview_qml.cpp.o
Build & Test (ubuntu-24.04)	Compile Application & Test Binaries	2026-06-11T20:05:20.2931875Z [76/112] Building CXX object CMakeFiles/NinjaLibrary.dir/build/.rcc/qmlcache/NinjaLibrary_src/views/GridCanvas_qml.cpp.o
Build & Test (ubuntu-24.04)	Compile Application & Test Binaries	2026-06-11T20:05:21.4881893Z [77/112] Building CXX object CMakeFiles/NinjaLibrary.dir/build/.rcc/qmlcache/NinjaLibrary_src/components/LocalTableRowDelegate_qml.cpp.o
Build & Test (ubuntu-24.04)	Compile Application & Test Binaries	2026-06-11T20:05:21.7221803Z [78/112] Building CXX object CMakeFiles/NinjaLibrary.dir/build/.rcc/qmlcache/NinjaLibrary_src/panels/Sidebar_qml.cpp.o
Build & Test (ubuntu-24.04)	Compile Application & Test Binaries	2026-06-11T20:05:21.7761849Z [79/112] Building CXX object CMakeFiles/NinjaLibrary.dir/build/.rcc/qmlcache/NinjaLibrary_src/components/ImagePreview_qml.cpp.o
Build & Test (ubuntu-24.04)	Compile Application & Test Binaries	2026-06-11T20:05:21.9481441Z [80/112] Building CXX object CMakeFiles/NinjaLibrary.dir/build/.qt/rcc/qrc_NinjaLibrary_raw_qml_0.cpp.o
Build & Test (ubuntu-24.04)	Compile Application & Test Binaries	2026-06-11T20:05:21.9744722Z [81/112] Building CXX object CMakeFiles/NinjaLibrary.dir/build/.rcc/qmlcache/NinjaLibrary_src/views/TableCanvas_qml.cpp.o
Build & Test (ubuntu-24.04)	Compile Application & Test Binaries	2026-06-11T20:05:22.5332054Z [82/112] Building CXX object CMakeFiles/NinjaLibrary.dir/build/.rcc/qmlcache/NinjaLibrary_src/panels/AboutDialog_qml.cpp.o
Build & Test (ubuntu-24.04)	Compile Application & Test Binaries	2026-06-11T20:05:22.5691735Z [83/112] Building CXX object CMakeFiles/NinjaLibraryplugin.dir/NinjaLibraryplugin_autogen/mocs_compilation.cpp.o
Build & Test (ubuntu-24.04)	Compile Application & Test Binaries	2026-06-11T20:05:24.1852119Z [84/112] Building CXX object CMakeFiles/NinjaLibrary.dir/build/.rcc/qmlcache/NinjaLibrary_src/panels/PreferencesDialog_qml.cpp.o
Build & Test (ubuntu-24.04)	Compile Application & Test Binaries	2026-06-11T20:05:24.9401767Z [85/112] Building CXX object CMakeFiles/NinjaLibrary.dir/build/.rcc/qmlcache/NinjaLibrary_src/panels/Inspector_qml.cpp.o
Build & Test (ubuntu-24.04)	Compile Application & Test Binaries	2026-06-11T20:05:24.9631459Z [86/112] Building CXX object CMakeFiles/NinjaLibrary.dir/src/utils/LinuxOcrUtils.cpp.o
Build & Test (ubuntu-24.04)	Compile Application & Test Binaries	2026-06-11T20:05:25.1499985Z [87/112] Building CXX object CMakeFiles/NinjaLibrary.dir/src/utils/LinuxPdfUtils.cpp.o
Build & Test (ubuntu-24.04)	Compile Application & Test Binaries	2026-06-11T20:05:25.8143513Z [88/112] Building CXX object CMakeFiles/NinjaLibrary.dir/src/utils/LinuxDocUtils.cpp.o
Build & Test (ubuntu-24.04)	Compile Application & Test Binaries	2026-06-11T20:05:25.8581729Z [89/112] Building CXX object CMakeFiles/NinjaLibraryplugin.dir/NinjaLibraryplugin_NinjaLibraryPlugin.cpp.o
Build & Test (ubuntu-24.04)	Compile Application & Test Binaries	2026-06-11T20:05:27.0991464Z [90/112] Linking CXX shared library libNinjaLibrary.so
Build & Test (ubuntu-24.04)	Compile Application & Test Binaries	2026-06-11T20:05:27.1571497Z [91/112] Automatic MOC and UIC for target NinjaLibraryApp
Build & Test (ubuntu-24.04)	Compile Application & Test Binaries	2026-06-11T20:05:28.1632040Z [92/112] Building CXX object tests/CMakeFiles/test_workers.dir/__/src/database/DatabaseManager.cpp.o
Build & Test (ubuntu-24.04)	Compile Application & Test Binaries	2026-06-11T20:05:28.2122029Z [93/112] Building CXX object CMakeFiles/NinjaLibraryApp.dir/NinjaLibraryApp_autogen/mocs_compilation.cpp.o
Build & Test (ubuntu-24.04)	Compile Application & Test Binaries	2026-06-11T20:05:28.5771597Z [94/112] Automatic MOC and UIC for target test_qml_ui
Build & Test (ubuntu-24.04)	Compile Application & Test Binaries	2026-06-11T20:05:29.2863581Z [95/112] Building CXX object tests/CMakeFiles/test_workers.dir/__/src/workers/OcrTask.cpp.o
Build & Test (ubuntu-24.04)	Compile Application & Test Binaries	2026-06-11T20:05:29.6889872Z [96/112] Building CXX object tests/CMakeFiles/test_workers.dir/__/src/workers/ThumbnailTask.cpp.o
Build & Test (ubuntu-24.04)	Compile Application & Test Binaries	2026-06-11T20:05:30.9039972Z [97/112] Building CXX object tests/CMakeFiles/test_workers.dir/__/src/utils/HashUtils.cpp.o
Build & Test (ubuntu-24.04)	Compile Application & Test Binaries	2026-06-11T20:05:30.9191744Z [98/112] Building CXX object tests/CMakeFiles/test_workers.dir/__/src/controllers/LibraryController.cpp.o
Build & Test (ubuntu-24.04)	Compile Application & Test Binaries	2026-06-11T20:05:30.9341643Z [99/112] Building CXX object tests/CMakeFiles/test_qml_ui.dir/test_qml_ui_autogen/mocs_compilation.cpp.o
Build & Test (ubuntu-24.04)	Compile Application & Test Binaries	2026-06-11T20:05:31.3785005Z [100/112] Building CXX object tests/CMakeFiles/test_workers.dir/__/src/workers/ScannerTask.cpp.o
Build & Test (ubuntu-24.04)	Compile Application & Test Binaries	2026-06-11T20:05:31.6141517Z [101/112] Linking CXX shared module libNinjaLibraryplugin.so
Build & Test (ubuntu-24.04)	Compile Application & Test Binaries	2026-06-11T20:05:32.0411648Z [102/112] Linking CXX shared module 3rdparty/Kaakao/src/libKaakaoplugin.so
Build & Test (ubuntu-24.04)	Compile Application & Test Binaries	2026-06-11T20:05:32.4734158Z [103/112] Building CXX object tests/CMakeFiles/test_workers.dir/__/src/utils/LinuxDocUtils.cpp.o
Build & Test (ubuntu-24.04)	Compile Application & Test Binaries	2026-06-11T20:05:32.4881271Z [104/112] Linking CXX executable tests/test_database
Build & Test (ubuntu-24.04)	Compile Application & Test Binaries	2026-06-11T20:05:32.5811902Z [105/112] Building CXX object tests/CMakeFiles/test_workers.dir/__/src/utils/LinuxPdfUtils.cpp.o
Build & Test (ubuntu-24.04)	Compile Application & Test Binaries	2026-06-11T20:05:32.9761280Z [106/112] Linking CXX executable tests/test_models
Build & Test (ubuntu-24.04)	Compile Application & Test Binaries	2026-06-11T20:05:32.9927748Z [107/112] Building CXX object CMakeFiles/NinjaLibraryApp.dir/src/app/NinjaLibraryApp.cpp.o
Build & Test (ubuntu-24.04)	Compile Application & Test Binaries	2026-06-11T20:05:33.6411139Z [108/112] Linking CXX executable NinjaLibrary
Build & Test (ubuntu-24.04)	Compile Application & Test Binaries	2026-06-11T20:05:33.6766456Z [109/112] Building CXX object tests/CMakeFiles/test_workers.dir/__/src/utils/LinuxOcrUtils.cpp.o
Build & Test (ubuntu-24.04)	Compile Application & Test Binaries	2026-06-11T20:05:34.0900103Z [110/112] Linking CXX executable tests/test_workers
Build & Test (ubuntu-24.04)	Compile Application & Test Binaries	2026-06-11T20:05:34.0900848Z FAILED: [code=1] tests/test_workers 
Build & Test (ubuntu-24.04)	Compile Application & Test Binaries	2026-06-11T20:05:34.0907577Z : && /usr/bin/c++ -g --coverage -Wl,--dependency-file=tests/CMakeFiles/test_workers.dir/link.d tests/CMakeFiles/test_workers.dir/test_workers_autogen/mocs_compilation.cpp.o tests/CMakeFiles/test_workers.dir/integration/test_workers.cpp.o tests/CMakeFiles/test_workers.dir/__/src/database/DatabaseManager.cpp.o tests/CMakeFiles/test_workers.dir/__/src/controllers/LibraryController.cpp.o tests/CMakeFiles/test_workers.dir/__/src/workers/ScannerTask.cpp.o tests/CMakeFiles/test_workers.dir/__/src/workers/OcrTask.cpp.o tests/CMakeFiles/test_workers.dir/__/src/workers/ThumbnailTask.cpp.o tests/CMakeFiles/test_workers.dir/__/src/utils/HashUtils.cpp.o tests/CMakeFiles/test_workers.dir/__/src/utils/LinuxPdfUtils.cpp.o tests/CMakeFiles/test_workers.dir/__/src/utils/LinuxDocUtils.cpp.o tests/CMakeFiles/test_workers.dir/__/src/utils/LinuxOcrUtils.cpp.o -o tests/test_workers  -Wl,-rpath,/home/runner/work/NinjaLibrary/Qt/6.8.3/gcc_64/lib  /usr/lib/x86_64-linux-gnu/libpoppler-qt6.so  /usr/lib/x86_64-linux-gnu/libtesseract.so  /home/runner/work/NinjaLibrary/Qt/6.8.3/gcc_64/lib/libQt6Gui.so.6.8.3  /home/runner/work/NinjaLibrary/Qt/6.8.3/gcc_64/lib/libQt6Sql.so.6.8.3  /home/runner/work/NinjaLibrary/Qt/6.8.3/gcc_64/lib/libQt6Test.so.6.8.3  /usr/lib/x86_64-linux-gnu/libGLX.so  /usr/lib/x86_64-linux-gnu/libOpenGL.so  /home/runner/work/NinjaLibrary/Qt/6.8.3/gcc_64/lib/libQt6Core.so.6.8.3  -Wl,-rpath-link,/home/runner/work/NinjaLibrary/Qt/6.8.3/gcc_64/lib && :
Build & Test (ubuntu-24.04)	Compile Application & Test Binaries	2026-06-11T20:05:34.0913498Z /usr/bin/ld: tests/CMakeFiles/test_workers.dir/integration/test_workers.cpp.o: in function `TestWorkers::testMacBookmarksAndEdgeCases()':
Build & Test (ubuntu-24.04)	Compile Application & Test Binaries	2026-06-11T20:05:34.0914572Z /home/runner/work/NinjaLibrary/NinjaLibrary/tests/integration/test_workers.cpp:873:(.text+0x200fa): undefined reference to `MacBookmarks::getBookmarkForUrl(QString const&)'
Build & Test (ubuntu-24.04)	Compile Application & Test Binaries	2026-06-11T20:05:34.0915785Z /usr/bin/ld: /home/runner/work/NinjaLibrary/NinjaLibrary/tests/integration/test_workers.cpp:876:(.text+0x20174): undefined reference to `MacBookmarks::resolveBookmark(QByteArray const&, QString&)'
Build & Test (ubuntu-24.04)	Compile Application & Test Binaries	2026-06-11T20:05:34.0917059Z /usr/bin/ld: /home/runner/work/NinjaLibrary/NinjaLibrary/tests/integration/test_workers.cpp:882:(.text+0x20207): undefined reference to `MacBookmarks::resolveBookmark(QByteArray const&, QString&)'
Build & Test (ubuntu-24.04)	Compile Application & Test Binaries	2026-06-11T20:05:34.0918269Z /usr/bin/ld: /home/runner/work/NinjaLibrary/NinjaLibrary/tests/integration/test_workers.cpp:885:(.text+0x20254): undefined reference to `MacBookmarks::getBookmarkForUrl(QString const&)'
Build & Test (ubuntu-24.04)	Compile Application & Test Binaries	2026-06-11T20:05:34.0919017Z collect2: error: ld returned 1 exit status
Build & Test (ubuntu-24.04)	Compile Application & Test Binaries	2026-06-11T20:05:36.3940065Z [111/112] Building CXX object tests/CMakeFiles/test_qml_ui.dir/qml/TestRunner.cpp.o
Build & Test (ubuntu-24.04)	Compile Application & Test Binaries	2026-06-11T20:05:36.3941005Z ninja: build stopped: subcommand failed.
Build & Test (ubuntu-24.04)	Compile Application & Test Binaries	2026-06-11T20:05:36.3965611Z ##[error]Process completed with exit code 1.
Build & Test (ubuntu-24.04)	Post Install Qt 6.8 Core Frameworks	﻿2026-06-11T20:05:36.4107049Z Post job cleanup.
Build & Test (ubuntu-24.04)	Post Checkout Source Code	﻿2026-06-11T20:05:36.4168914Z Post job cleanup.
Build & Test (ubuntu-24.04)	Post Checkout Source Code	2026-06-11T20:05:36.5154513Z [command]/usr/bin/git version
Build & Test (ubuntu-24.04)	Post Checkout Source Code	2026-06-11T20:05:36.5191092Z git version 2.54.0
Build & Test (ubuntu-24.04)	Post Checkout Source Code	2026-06-11T20:05:36.5232006Z Temporarily overriding HOME='/home/runner/work/_temp/2f15015a-d58e-46bb-b3e3-7f4d1d5babe1' before making global git config changes
Build & Test (ubuntu-24.04)	Post Checkout Source Code	2026-06-11T20:05:36.5233224Z Adding repository directory to the temporary git global config as a safe directory
Build & Test (ubuntu-24.04)	Post Checkout Source Code	2026-06-11T20:05:36.5245254Z [command]/usr/bin/git config --global --add safe.directory /home/runner/work/NinjaLibrary/NinjaLibrary
Build & Test (ubuntu-24.04)	Post Checkout Source Code	2026-06-11T20:05:36.5280534Z [command]/usr/bin/git config --local --name-only --get-regexp core\.sshCommand
Build & Test (ubuntu-24.04)	Post Checkout Source Code	2026-06-11T20:05:36.5314134Z [command]/usr/bin/git submodule foreach --recursive sh -c "git config --local --name-only --get-regexp 'core\.sshCommand' && git config --local --unset-all 'core.sshCommand' || :"
Build & Test (ubuntu-24.04)	Post Checkout Source Code	2026-06-11T20:05:36.5539440Z Entering '3rdparty/Kaakao'
Build & Test (ubuntu-24.04)	Post Checkout Source Code	2026-06-11T20:05:36.5603854Z [command]/usr/bin/git config --local --name-only --get-regexp http\.https\:\/\/github\.com\/\.extraheader
Build & Test (ubuntu-24.04)	Post Checkout Source Code	2026-06-11T20:05:36.5629600Z http.https://github.com/.extraheader
Build & Test (ubuntu-24.04)	Post Checkout Source Code	2026-06-11T20:05:36.5643425Z [command]/usr/bin/git config --local --unset-all http.https://github.com/.extraheader
Build & Test (ubuntu-24.04)	Post Checkout Source Code	2026-06-11T20:05:36.5676099Z [command]/usr/bin/git submodule foreach --recursive sh -c "git config --local --name-only --get-regexp 'http\.https\:\/\/github\.com\/\.extraheader' && git config --local --unset-all 'http.https://github.com/.extraheader' || :"
Build & Test (ubuntu-24.04)	Post Checkout Source Code	2026-06-11T20:05:36.5897814Z Entering '3rdparty/Kaakao'
Build & Test (ubuntu-24.04)	Post Checkout Source Code	2026-06-11T20:05:36.5924139Z http.https://github.com/.extraheader
Build & Test (ubuntu-24.04)	Post Checkout Source Code	2026-06-11T20:05:36.5975540Z [command]/usr/bin/git config --local --name-only --get-regexp ^includeIf\.gitdir:
Build & Test (ubuntu-24.04)	Post Checkout Source Code	2026-06-11T20:05:36.6007029Z [command]/usr/bin/git submodule foreach --recursive git config --local --show-origin --name-only --get-regexp remote.origin.url
Build & Test (ubuntu-24.04)	Post Checkout Source Code	2026-06-11T20:05:36.6237949Z Entering '3rdparty/Kaakao'
Build & Test (ubuntu-24.04)	Post Checkout Source Code	2026-06-11T20:05:36.6258703Z file:/home/runner/work/NinjaLibrary/NinjaLibrary/.git/modules/3rdparty/Kaakao/config	remote.origin.url
Build & Test (ubuntu-24.04)	Post Checkout Source Code	2026-06-11T20:05:36.6293596Z [command]/usr/bin/git config --file /home/runner/work/NinjaLibrary/NinjaLibrary/.git/modules/3rdparty/Kaakao/config --name-only --get-regexp ^includeIf\.gitdir:
Build & Test (ubuntu-24.04)	Complete job	﻿2026-06-11T20:05:36.6452791Z Cleaning up orphan processes
Build & Test (ubuntu-24.04)	Complete job	2026-06-11T20:05:36.6785319Z ##[warning]Node.js 20 actions are deprecated. The following actions are running on Node.js 20 and may not work as expected: actions/checkout@v4, actions/setup-python@v5, jurplel/install-qt-action/action@v3. Actions will be forced to run with Node.js 24 by default starting June 16th, 2026. Node.js 20 will be removed from the runner on September 16th, 2026. Please check if updated versions of these actions are available that support Node.js 24. To opt into Node.js 24 now, set the FORCE_JAVASCRIPT_ACTIONS_TO_NODE24=true environment variable on the runner or in your workflow file. Once Node.js 24 becomes the default, you can temporarily opt out by setting ACTIONS_ALLOW_USE_UNSECURE_NODE_VERSION=true. For more information see: https://github.blog/changelog/2025-09-19-deprecation-of-node-20-on-github-actions-runners/
